
Optional file libmchp_peripheral.a not found

Optional file libmchp_peripheral_32MX320F128H.a not found
Archive member included to satisfy reference by file (symbol)

C:/Program Files/Microchip/xc32/v5.10/bin/bin/../../lib/gcc/pic32m/13.2.1\libgcc.a(floatunsisf.o)
                              build/default/production/_ext/770565488/AD.o (__floatunsisf)
C:/Program Files/Microchip/xc32/v5.10/bin/bin/../../lib/gcc/pic32m/13.2.1/../../../../pic32m/lib\libpic32.a(default-bootstrap-exception-handler.o)
                              C:\Users\HP\AppData\Local\Temp\ccWGaiyh.o (_bootstrap_exception_handler)
C:/Program Files/Microchip/xc32/v5.10/bin/bin/../../lib/gcc/pic32m/13.2.1/../../../../pic32m/lib\libpic32.a(default-on-reset.o)
                              C:\Users\HP\AppData\Local\Temp\ccWGaiyh.o (_on_reset)
C:/Program Files/Microchip/xc32/v5.10/bin/bin/../../lib/gcc/pic32m/13.2.1/../../../../pic32m/lib\libpic32.a(default-on-bootstrap.o)
                              C:\Users\HP\AppData\Local\Temp\ccWGaiyh.o (_on_bootstrap)
C:/Program Files/Microchip/xc32/v5.10/bin/bin/../../lib/gcc/pic32m/13.2.1/../../../../pic32m/lib\libpic32.a(default-nmi-handler.o)
                              C:\Users\HP\AppData\Local\Temp\ccWGaiyh.o (_nmi_handler)
C:/Program Files/Microchip/xc32/v5.10/bin/bin/../../lib/gcc/pic32m/13.2.1/../../../../pic32m/lib\libpic32.a(pic32_data_init_core.o)
                              C:\Users\HP\AppData\Local\Temp\ccWGaiyh.o (__pic32_data_init)
C:/Program Files/Microchip/xc32/v5.10/bin/bin/../../lib/gcc/pic32m/13.2.1/../../../../pic32m/lib\libpic32.a(general-exception.o)
                              C:\Users\HP\AppData\Local\Temp\ccWGaiyh.o (_general_exception_context)
C:/Program Files/Microchip/xc32/v5.10/bin/bin/../../lib/gcc/pic32m/13.2.1/../../../../pic32m/lib\libpic32.a(vector0.o)
                              C:\Users\HP\AppData\Local\Temp\ccC6y5uJ.o (__vector_dispatch_0)
C:/Program Files/Microchip/xc32/v5.10/bin/bin/../../lib/gcc/pic32m/13.2.1/../../../../pic32m/lib\libpic32.a(vector1.o)
                              C:\Users\HP\AppData\Local\Temp\ccC6y5uJ.o (__vector_dispatch_1)
C:/Program Files/Microchip/xc32/v5.10/bin/bin/../../lib/gcc/pic32m/13.2.1/../../../../pic32m/lib\libpic32.a(vector2.o)
                              C:\Users\HP\AppData\Local\Temp\ccC6y5uJ.o (__vector_dispatch_2)
C:/Program Files/Microchip/xc32/v5.10/bin/bin/../../lib/gcc/pic32m/13.2.1/../../../../pic32m/lib\libpic32.a(vector3.o)
                              C:\Users\HP\AppData\Local\Temp\ccC6y5uJ.o (__vector_dispatch_3)
C:/Program Files/Microchip/xc32/v5.10/bin/bin/../../lib/gcc/pic32m/13.2.1/../../../../pic32m/lib\libpic32.a(vector5.o)
                              C:\Users\HP\AppData\Local\Temp\ccC6y5uJ.o (__vector_dispatch_5)
C:/Program Files/Microchip/xc32/v5.10/bin/bin/../../lib/gcc/pic32m/13.2.1/../../../../pic32m/lib\libpic32.a(vector6.o)
                              C:\Users\HP\AppData\Local\Temp\ccC6y5uJ.o (__vector_dispatch_6)
C:/Program Files/Microchip/xc32/v5.10/bin/bin/../../lib/gcc/pic32m/13.2.1/../../../../pic32m/lib\libpic32.a(vector7.o)
                              C:\Users\HP\AppData\Local\Temp\ccC6y5uJ.o (__vector_dispatch_7)
C:/Program Files/Microchip/xc32/v5.10/bin/bin/../../lib/gcc/pic32m/13.2.1/../../../../pic32m/lib\libpic32.a(vector8.o)
                              C:\Users\HP\AppData\Local\Temp\ccC6y5uJ.o (__vector_dispatch_8)
C:/Program Files/Microchip/xc32/v5.10/bin/bin/../../lib/gcc/pic32m/13.2.1/../../../../pic32m/lib\libpic32.a(vector9.o)
                              C:\Users\HP\AppData\Local\Temp\ccC6y5uJ.o (__vector_dispatch_9)
C:/Program Files/Microchip/xc32/v5.10/bin/bin/../../lib/gcc/pic32m/13.2.1/../../../../pic32m/lib\libpic32.a(vector10.o)
                              C:\Users\HP\AppData\Local\Temp\ccC6y5uJ.o (__vector_dispatch_10)
C:/Program Files/Microchip/xc32/v5.10/bin/bin/../../lib/gcc/pic32m/13.2.1/../../../../pic32m/lib\libpic32.a(vector11.o)
                              C:\Users\HP\AppData\Local\Temp\ccC6y5uJ.o (__vector_dispatch_11)
C:/Program Files/Microchip/xc32/v5.10/bin/bin/../../lib/gcc/pic32m/13.2.1/../../../../pic32m/lib\libpic32.a(vector12.o)
                              C:\Users\HP\AppData\Local\Temp\ccC6y5uJ.o (__vector_dispatch_12)
C:/Program Files/Microchip/xc32/v5.10/bin/bin/../../lib/gcc/pic32m/13.2.1/../../../../pic32m/lib\libpic32.a(vector13.o)
                              C:\Users\HP\AppData\Local\Temp\ccC6y5uJ.o (__vector_dispatch_13)
C:/Program Files/Microchip/xc32/v5.10/bin/bin/../../lib/gcc/pic32m/13.2.1/../../../../pic32m/lib\libpic32.a(vector14.o)
                              C:\Users\HP\AppData\Local\Temp\ccC6y5uJ.o (__vector_dispatch_14)
C:/Program Files/Microchip/xc32/v5.10/bin/bin/../../lib/gcc/pic32m/13.2.1/../../../../pic32m/lib\libpic32.a(vector15.o)
                              C:\Users\HP\AppData\Local\Temp\ccC6y5uJ.o (__vector_dispatch_15)
[...]
Memory Configuration

Name             Origin             Length             Attributes
kseg0_program_mem 0x9d002000         0x0001d000         xr
kseg0_boot_mem   0x9d000490         0x00000970
exception_mem    0x9d001000         0x00001000
kseg1_boot_mem   0xbd000000         0x00000490
debug_exec_mem   0xbfc02000         0x00000ff0
config3          0xbfc02ff0         0x00000004
config2          0xbfc02ff4         0x00000004
config1          0xbfc02ff8         0x00000004
config0          0xbfc02ffc         0x00000004
kseg1_data_mem   0xa0000000         0x00004000         w!x
sfrs             0xbf800000         0x00100000
configsfrs       0xbfc02ff0         0x00000010
*default*        0x00000000         0xffffffff

Linker script and memory map

LOAD build/default/production/_ext/770565488/TemplateEventChecker.o
LOAD build/default/production/_ext/770565488/TemplateHSM.o
LOAD build/default/production/_ext/770565488/AD.o
LOAD build/default/production/_ext/770565488/BOARD.o
LOAD build/default/production/_ext/770565488/ES_CheckEvents.o
LOAD build/default/production/_ext/770565488/ES_Framework.o
LOAD build/default/production/_ext/770565488/ES_KeyboardInput.o
LOAD build/default/production/_ext/770565488/ES_PostList.o
LOAD build/default/production/_ext/770565488/ES_Queue.o
LOAD build/default/production/_ext/770565488/ES_TattleTale.o
LOAD build/default/production/_ext/770565488/ES_Timers.o
LOAD build/default/production/_ext/770565488/IO_Ports.o
LOAD build/default/production/_ext/770565488/LED.o
LOAD build/default/production/_ext/770565488/RC_Servo.o
LOAD build/default/production/_ext/770565488/pwm.o
LOAD build/default/production/_ext/770565488/serial.o
LOAD build/default/production/_ext/770565488/timers.o
LOAD build/default/production/_ext/770565488/MotorControl.o
LOAD build/default/production/_ext/770565488/NavigationSubHSM.o
LOAD build/default/production/_ext/770565488/EdgeRunneSubHSM.o
LOAD build/default/production/_ext/770565488/ObstacleSubHSM.o
LOAD build/default/production/_ext/770565488/ISZSubHSM.o
LOAD build/default/production/_ext/770565488/RobotTest.o
                0x00000001                        __MPLAB_BUILD = 0x1
                0x00000400                        PROVIDE (_min_stack_size = 0x400)
START GROUP
LOAD libmchp_peripheral.a
END GROUP
START GROUP
LOAD libmchp_peripheral_32MX320F128H.a
END GROUP
                0x00000001                        PROVIDE (_vector_spacing = 0x1)
                0x9d001000                        _ebase_address = 0x9d001000
                0xbd000000                        _RESET_ADDR = 0xbd000000
                0xbd000380                        _BEV_EXCPT_ADDR = 0xbd000380
                0xbd000480                        _DBG_EXCPT_ADDR = 0xbd000480
                0xbfc02000                        _DBG_CODE_ADDR = 0xbfc02000
                0x00000ff0                        _DBG_CODE_SIZE = 0xff0
                0x9d001180                        _GEN_EXCPT_ADDR = (_ebase_address + 0x180)

.config_BFC02FF0
 *(.config_BFC02FF0)

.config_BFC02FF4
 *(.config_BFC02FF4)

.config_BFC02FF8
 *(.config_BFC02FF8)

.config_BFC02FFC
 *(.config_BFC02FFC)
                [!provide]                        PROVIDE (_DBG_CODE_ADDR = 0xbfc02000)
                [!provide]                        PROVIDE (_DBG_CODE_SIZE = 0xff0)

.reset          0xbd000000      0x170
 *(.reset)
 .reset         0xbd000000        0x8 C:\Users\HP\AppData\Local\Temp\ccWGaiyh.o
                0xbd000000                _reset
 *(.reset.startup)
 .reset.startup
                0xbd000008      0x168 C:\Users\HP\AppData\Local\Temp\ccWGaiyh.o
                0xbd000008                _startup

.bev_excpt      0xbd000380       0x10
 *(.bev_handler)
 .bev_handler   0xbd000380       0x10 C:\Users\HP\AppData\Local\Temp\ccWGaiyh.o

.dbg_excpt      0xbd000480        0x0
                0xbd000480                        . = (. + DEFINED (_DEBUGGER)?0x8:0x0)

.dbg_code       0xbfc02000        0x0
                0xbfc02000                        . = (. + DEFINED (_DEBUGGER)?_DBG_CODE_SIZE:0x0)

.app_excpt      0x9d001180       0x10
 *(.gen_handler)
 .gen_handler   0x9d001180       0x10 C:\Users\HP\AppData\Local\Temp\ccWGaiyh.o

.vector_0       0x9d001200        0x8
 *(.vector_0)
 .vector_0      0x9d001200        0x8 C:/Program Files/Microchip/xc32/v5.10/bin/bin/../../lib/gcc/pic32m/13.2.1/../../../../pic32m/lib\libpic32.a(vector0.o)
                0x9d001200                __vector_dispatch_0
                0x00000001                        ASSERT (((_vector_spacing == 0x0) || (SIZEOF (.vector_0) <= (_vector_spacing << 0x5))), function at exception vector 0 too large)

.vector_1       0x9d001220        0x8
 *(.vector_1)
 .vector_1      0x9d001220        0x8 C:/Program Files/Microchip/xc32/v5.10/bin/bin/../../lib/gcc/pic32m/13.2.1/../../../../pic32m/lib\libpic32.a(vector1.o)
                0x9d001220                __vector_dispatch_1
                0x00000001                        ASSERT (((_vector_spacing == 0x0) || (SIZEOF (.vector_1) <= (_vector_spacing << 0x5))), function at exception vector 1 too large)

.vector_2       0x9d001240        0x8
 *(.vector_2)
 .vector_2      0x9d001240        0x8 C:/Program Files/Microchip/xc32/v5.10/bin/bin/../../lib/gcc/pic32m/13.2.1/../../../../pic32m/lib\libpic32.a(vector2.o)
                0x9d001240                __vector_dispatch_2
                0x00000001                        ASSERT (((_vector_spacing == 0x0) || (SIZEOF (.vector_2) <= (_vector_spacing << 0x5))), function at exception vector 2 too large)

.vector_3       0x9d001260        0x8
 *(.vector_3)
 .vector_3      0x9d001260        0x8 C:/Program Files/Microchip/xc32/v5.10/bin/bin/../../lib/gcc/pic32m/13.2.1/../../../../pic32m/lib\libpic32.a(vector3.o)
                0x9d001260                __vector_dispatch_3
                0x00000001                        ASSERT (((_vector_spacing == 0x0) || (SIZEOF (.vector_3) <= (_vector_spacing << 0x5))), function at exception vector 3 too large)

.vector_4       0x9d001280        0x8
 *(.vector_4)
 .vector_4      0x9d001280        0x8 build/default/production/_ext/770565488/ES_Timers.o
                0x9d001280                __vector_dispatch_4
                0x00000001                        ASSERT (((_vector_spacing == 0x0) || (SIZEOF (.vector_4) <= (_vector_spacing << 0x5))), function at exception vector 4 too large)

.vector_5       0x9d0012a0        0x8
 *(.vector_5)
 .vector_5      0x9d0012a0        0x8 C:/Program Files/Microchip/xc32/v5.10/bin/bin/../../lib/gcc/pic32m/13.2.1/../../../../pic32m/lib\libpic32.a(vector5.o)
                0x9d0012a0                __vector_dispatch_5
                0x00000001                        ASSERT (((_vector_spacing == 0x0) || (SIZEOF (.vector_5) <= (_vector_spacing << 0x5))), function at exception vector 5 too large)

.vector_6       0x9d0012c0        0x8
 *(.vector_6)
 .vector_6      0x9d0012c0        0x8 C:/Program Files/Microchip/xc32/v5.10/bin/bin/../../lib/gcc/pic32m/13.2.1/../../../../pic32m/lib\libpic32.a(vector6.o)
                0x9d0012c0                __vector_dispatch_6
                0x00000001                        ASSERT (((_vector_spacing == 0x0) || (SIZEOF (.vector_6) <= (_vector_spacing << 0x5))), function at exception vector 6 too large)

.vector_7       0x9d0012e0        0x8
 *(.vector_7)
 .vector_7      0x9d0012e0        0x8 C:/Program Files/Microchip/xc32/v5.10/bin/bin/../../lib/gcc/pic32m/13.2.1/../../../../pic32m/lib\libpic32.a(vector7.o)
                0x9d0012e0                __vector_dispatch_7
                0x00000001                        ASSERT (((_vector_spacing == 0x0) || (SIZEOF (.vector_7) <= (_vector_spacing << 0x5))), function at exception vector 7 too large)

.vector_8       0x9d001300        0x8
 *(.vector_8)
 .vector_8      0x9d001300        0x8 C:/Program Files/Microchip/xc32/v5.10/bin/bin/../../lib/gcc/pic32m/13.2.1/../../../../pic32m/lib\libpic32.a(vector8.o)
                0x9d001300                __vector_dispatch_8
                0x00000001                        ASSERT (((_vector_spacing == 0x0) || (SIZEOF (.vector_8) <= (_vector_spacing << 0x5))), function at exception vector 8 too large)

.vector_9       0x9d001320        0x8
 *(.vector_9)
 .vector_9      0x9d001320        0x8 C:/Program Files/Microchip/xc32/v5.10/bin/bin/../../lib/gcc/pic32m/13.2.1/../../../../pic32m/lib\libpic32.a(vector9.o)
                0x9d001320                __vector_dispatch_9
                0x00000001                        ASSERT (((_vector_spacing == 0x0) || (SIZEOF (.vector_9) <= (_vector_spacing << 0x5))), function at exception vector 9 too large)

.vector_10      0x9d001340        0x8
 *(.vector_10)
 .vector_10     0x9d001340        0x8 C:/Program Files/Microchip/xc32/v5.10/bin/bin/../../lib/gcc/pic32m/13.2.1/../../../../pic32m/lib\libpic32.a(vector10.o)
                0x9d001340                __vector_dispatch_10
                0x00000001                        ASSERT (((_vector_spacing == 0x0) || (SIZEOF (.vector_10) <= (_vector_spacing << 0x5))), function at exception vector 10 too large)

.vector_11      0x9d001360        0x8
 *(.vector_11)
 .vector_11     0x9d001360        0x8 C:/Program Files/Microchip/xc32/v5.10/bin/bin/../../lib/gcc/pic32m/13.2.1/../../../../pic32m/lib\libpic32.a(vector11.o)
                0x9d001360                __vector_dispatch_11
                0x00000001                        ASSERT (((_vector_spacing == 0x0) || (SIZEOF (.vector_11) <= (_vector_spacing << 0x5))), function at exception vector 11 too large)

.vector_12      0x9d001380        0x8
 *(.vector_12)
 .vector_12     0x9d001380        0x8 C:/Program Files/Microchip/xc32/v5.10/bin/bin/../../lib/gcc/pic32m/13.2.1/../../../../pic32m/lib\libpic32.a(vector12.o)
                0x9d001380                __vector_dispatch_12
                0x00000001                        ASSERT (((_vector_spacing == 0x0) || (SIZEOF (.vector_12) <= (_vector_spacing << 0x5))), function at exception vector 12 too large)

.vector_13      0x9d0013a0        0x8
 *(.vector_13)
 .vector_13     0x9d0013a0        0x8 C:/Program Files/Microchip/xc32/v5.10/bin/bin/../../lib/gcc/pic32m/13.2.1/../../../../pic32m/lib\libpic32.a(vector13.o)
                0x9d0013a0                __vector_dispatch_13
                0x00000001                        ASSERT (((_vector_spacing == 0x0) || (SIZEOF (.vector_13) <= (_vector_spacing << 0x5))), function at exception vector 13 too large)

.vector_14      0x9d0013c0        0x8
 *(.vector_14)
 .vector_14     0x9d0013c0        0x8 C:/Program Files/Microchip/xc32/v5.10/bin/bin/../../lib/gcc/pic32m/13.2.1/../../../../pic32m/lib\libpic32.a(vector14.o)
                0x9d0013c0                __vector_dispatch_14
                0x00000001                        ASSERT (((_vector_spacing == 0x0) || (SIZEOF (.vector_14) <= (_vector_spacing << 0x5))), function at exception vector 14 too large)

.vector_15      0x9d0013e0        0x8
 *(.vector_15)
 .vector_15     0x9d0013e0        0x8 C:/Program Files/Microchip/xc32/v5.10/bin/bin/../../lib/gcc/pic32m/13.2.1/../../../../pic32m/lib\libpic32.a(vector15.o)
                0x9d0013e0                __vector_dispatch_15
                0x00000001                        ASSERT (((_vector_spacing == 0x0) || (SIZEOF (.vector_15) <= (_vector_spacing << 0x5))), function at exception vector 15 too large)

.vector_16      0x9d001400        0x8
 *(.vector_16)
 .vector_16     0x9d001400        0x8 build/default/production/_ext/770565488/RC_Servo.o
                0x9d001400                __vector_dispatch_16
                0x00000001                        ASSERT (((_vector_spacing == 0x0) || (SIZEOF (.vector_16) <= (_vector_spacing << 0x5))), function at exception vector 16 too large)

.vector_17      0x9d001420        0x8
 *(.vector_17)
 .vector_17     0x9d001420        0x8 C:/Program Files/Microchip/xc32/v5.10/bin/bin/../../lib/gcc/pic32m/13.2.1/../../../../pic32m/lib\libpic32.a(vector17.o)
                0x9d001420                __vector_dispatch_17
                0x00000001                        ASSERT (((_vector_spacing == 0x0) || (SIZEOF (.vector_17) <= (_vector_spacing << 0x5))), function at exception vector 17 too large)

.vector_18      0x9d001440        0x8
 *(.vector_18)
 .vector_18     0x9d001440        0x8 C:/Program Files/Microchip/xc32/v5.10/bin/bin/../../lib/gcc/pic32m/13.2.1/../../../../pic32m/lib\libpic32.a(vector18.o)
                0x9d001440                __vector_dispatch_18
                0x00000001                        ASSERT (((_vector_spacing == 0x0) || (SIZEOF (.vector_18) <= (_vector_spacing << 0x5))), function at exception vector 18 too large)

.vector_19      0x9d001460        0x8
 *(.vector_19)
 .vector_19     0x9d001460        0x8 C:/Program Files/Microchip/xc32/v5.10/bin/bin/../../lib/gcc/pic32m/13.2.1/../../../../pic32m/lib\libpic32.a(vector19.o)
                0x9d001460                __vector_dispatch_19
                0x00000001                        ASSERT (((_vector_spacing == 0x0) || (SIZEOF (.vector_19) <= (_vector_spacing << 0x5))), function at exception vector 19 too large)

.vector_20      0x9d001480        0x8
 *(.vector_20)
 .vector_20     0x9d001480        0x8 build/default/production/_ext/770565488/timers.o
                0x9d001480                __vector_dispatch_20
                0x00000001                        ASSERT (((_vector_spacing == 0x0) || (SIZEOF (.vector_20) <= (_vector_spacing << 0x5))), function at exception vector 20 too large)

.vector_21      0x9d0014a0        0x8
 *(.vector_21)
 .vector_21     0x9d0014a0        0x8 C:/Program Files/Microchip/xc32/v5.10/bin/bin/../../lib/gcc/pic32m/13.2.1/../../../../pic32m/lib\libpic32.a(vector21.o)
                0x9d0014a0                __vector_dispatch_21
                0x00000001                        ASSERT (((_vector_spacing == 0x0) || (SIZEOF (.vector_21) <= (_vector_spacing << 0x5))), function at exception vector 21 too large)

.vector_22      0x9d0014c0        0x8
 *(.vector_22)
 .vector_22     0x9d0014c0        0x8 C:/Program Files/Microchip/xc32/v5.10/bin/bin/../../lib/gcc/pic32m/13.2.1/../../../../pic32m/lib\libpic32.a(vector22.o)
                0x9d0014c0                __vector_dispatch_22
                0x00000001                        ASSERT (((_vector_spacing == 0x0) || (SIZEOF (.vector_22) <= (_vector_spacing << 0x5))), function at exception vector 22 too large)

.vector_23      0x9d0014e0        0x8
 *(.vector_23)
 .vector_23     0x9d0014e0        0x8 C:/Program Files/Microchip/xc32/v5.10/bin/bin/../../lib/gcc/pic32m/13.2.1/../../../../pic32m/lib\libpic32.a(vector23.o)
                0x9d0014e0                __vector_dispatch_23
                0x00000001                        ASSERT (((_vector_spacing == 0x0) || (SIZEOF (.vector_23) <= (_vector_spacing << 0x5))), function at exception vector 23 too large)

.vector_24      0x9d001500        0x8
 *(.vector_24)
 .vector_24     0x9d001500        0x8 build/default/production/_ext/770565488/serial.o
                0x9d001500                __vector_dispatch_24
                0x00000001                        ASSERT (((_vector_spacing == 0x0) || (SIZEOF (.vector_24) <= (_vector_spacing << 0x5))), function at exception vector 24 too large)

.vector_25      0x9d001520        0x8
 *(.vector_25)
 .vector_25     0x9d001520        0x8 C:/Program Files/Microchip/xc32/v5.10/bin/bin/../../lib/gcc/pic32m/13.2.1/../../../../pic32m/lib\libpic32.a(vector25.o)
                0x9d001520                __vector_dispatch_25
                0x00000001                        ASSERT (((_vector_spacing == 0x0) || (SIZEOF (.vector_25) <= (_vector_spacing << 0x5))), function at exception vector 25 too large)

.vector_26      0x9d001540        0x8
 *(.vector_26)
 .vector_26     0x9d001540        0x8 C:/Program Files/Microchip/xc32/v5.10/bin/bin/../../lib/gcc/pic32m/13.2.1/../../../../pic32m/lib\libpic32.a(vector26.o)
                0x9d001540                __vector_dispatch_26
                0x00000001                        ASSERT (((_vector_spacing == 0x0) || (SIZEOF (.vector_26) <= (_vector_spacing << 0x5))), function at exception vector 26 too large)

.vector_27      0x9d001560        0x8
 *(.vector_27)
 .vector_27     0x9d001560        0x8 build/default/production/_ext/770565488/AD.o
                0x9d001560                __vector_dispatch_27
                0x00000001                        ASSERT (((_vector_spacing == 0x0) || (SIZEOF (.vector_27) <= (_vector_spacing << 0x5))), function at exception vector 27 too large)

.vector_28      0x9d001580        0x8
 *(.vector_28)
 .vector_28     0x9d001580        0x8 C:/Program Files/Microchip/xc32/v5.10/bin/bin/../../lib/gcc/pic32m/13.2.1/../../../../pic32m/lib\libpic32.a(vector28.o)
                0x9d001580                __vector_dispatch_28
                0x00000001                        ASSERT (((_vector_spacing == 0x0) || (SIZEOF (.vector_28) <= (_vector_spacing << 0x5))), function at exception vector 28 too large)

.vector_29      0x9d0015a0        0x8
 *(.vector_29)
 .vector_29     0x9d0015a0        0x8 C:/Program Files/Microchip/xc32/v5.10/bin/bin/../../lib/gcc/pic32m/13.2.1/../../../../pic32m/lib\libpic32.a(vector29.o)
                0x9d0015a0                __vector_dispatch_29
                0x00000001                        ASSERT (((_vector_spacing == 0x0) || (SIZEOF (.vector_29) <= (_vector_spacing << 0x5))), function at exception vector 29 too large)

.vector_30      0x9d0015c0        0x8
 *(.vector_30)
 .vector_30     0x9d0015c0        0x8 C:/Program Files/Microchip/xc32/v5.10/bin/bin/../../lib/gcc/pic32m/13.2.1/../../../../pic32m/lib\libpic32.a(vector30.o)
                0x9d0015c0                __vector_dispatch_30
                0x00000001                        ASSERT (((_vector_spacing == 0x0) || (SIZEOF (.vector_30) <= (_vector_spacing << 0x5))), function at exception vector 30 too large)

.vector_31      0x9d0015e0        0x8
 *(.vector_31)
 .vector_31     0x9d0015e0        0x8 C:/Program Files/Microchip/xc32/v5.10/bin/bin/../../lib/gcc/pic32m/13.2.1/../../../../pic32m/lib\libpic32.a(vector31.o)
                0x9d0015e0                __vector_dispatch_31
                0x00000001                        ASSERT (((_vector_spacing == 0x0) || (SIZEOF (.vector_31) <= (_vector_spacing << 0x5))), function at exception vector 31 too large)

.vector_32      0x9d001600        0x8
 *(.vector_32)
 .vector_32     0x9d001600        0x8 C:/Program Files/Microchip/xc32/v5.10/bin/bin/../../lib/gcc/pic32m/13.2.1/../../../../pic32m/lib\libpic32.a(vector32.o)
                0x9d001600                __vector_dispatch_32
                0x00000001                        ASSERT (((_vector_spacing == 0x0) || (SIZEOF (.vector_32) <= (_vector_spacing << 0x5))), function at exception vector 32 too large)

.vector_33      0x9d001620        0x8
 *(.vector_33)
 .vector_33     0x9d001620        0x8 C:/Program Files/Microchip/xc32/v5.10/bin/bin/../../lib/gcc/pic32m/13.2.1/../../../../pic32m/lib\libpic32.a(vector33.o)
                0x9d001620                __vector_dispatch_33
                0x00000001                        ASSERT (((_vector_spacing == 0x0) || (SIZEOF (.vector_33) <= (_vector_spacing << 0x5))), function at exception vector 33 too large)

.vector_34      0x9d001640        0x8
 *(.vector_34)
 .vector_34     0x9d001640        0x8 C:/Program Files/Microchip/xc32/v5.10/bin/bin/../../lib/gcc/pic32m/13.2.1/../../../../pic32m/lib\libpic32.a(vector34.o)
                0x9d001640                __vector_dispatch_34
                0x00000001                        ASSERT (((_vector_spacing == 0x0) || (SIZEOF (.vector_34) <= (_vector_spacing << 0x5))), function at exception vector 34 too large)

.vector_35      0x9d001660        0x8
 *(.vector_35)
 .vector_35     0x9d001660        0x8 C:/Program Files/Microchip/xc32/v5.10/bin/bin/../../lib/gcc/pic32m/13.2.1/../../../../pic32m/lib\libpic32.a(vector35.o)
                0x9d001660                __vector_dispatch_35
                0x00000001                        ASSERT (((_vector_spacing == 0x0) || (SIZEOF (.vector_35) <= (_vector_spacing << 0x5))), function at exception vector 35 too large)

.vector_36      0x9d001680        0x8
 *(.vector_36)
 .vector_36     0x9d001680        0x8 C:/Program Files/Microchip/xc32/v5.10/bin/bin/../../lib/gcc/pic32m/13.2.1/../../../../pic32m/lib\libpic32.a(vector36.o)
                0x9d001680                __vector_dispatch_36
                0x00000001                        ASSERT (((_vector_spacing == 0x0) || (SIZEOF (.vector_36) <= (_vector_spacing << 0x5))), function at exception vector 36 too large)

.vector_37      0x9d0016a0        0x8
 *(.vector_37)
 .vector_37     0x9d0016a0        0x8 C:/Program Files/Microchip/xc32/v5.10/bin/bin/../../lib/gcc/pic32m/13.2.1/../../../../pic32m/lib\libpic32.a(vector37.o)
                0x9d0016a0                __vector_dispatch_37
                0x00000001                        ASSERT (((_vector_spacing == 0x0) || (SIZEOF (.vector_37) <= (_vector_spacing << 0x5))), function at exception vector 37 too large)

.vector_38      0x9d0016c0        0x8
 *(.vector_38)
 .vector_38     0x9d0016c0        0x8 C:/Program Files/Microchip/xc32/v5.10/bin/bin/../../lib/gcc/pic32m/13.2.1/../../../../pic32m/lib\libpic32.a(vector38.o)
                0x9d0016c0                __vector_dispatch_38
                0x00000001                        ASSERT (((_vector_spacing == 0x0) || (SIZEOF (.vector_38) <= (_vector_spacing << 0x5))), function at exception vector 38 too large)

.vector_39      0x9d0016e0        0x8
 *(.vector_39)
 .vector_39     0x9d0016e0        0x8 C:/Program Files/Microchip/xc32/v5.10/bin/bin/../../lib/gcc/pic32m/13.2.1/../../../../pic32m/lib\libpic32.a(vector39.o)
                0x9d0016e0                __vector_dispatch_39
                0x00000001                        ASSERT (((_vector_spacing == 0x0) || (SIZEOF (.vector_39) <= (_vector_spacing << 0x5))), function at exception vector 39 too large)

.vector_40      0x9d001700        0x8
 *(.vector_40)
 .vector_40     0x9d001700        0x8 C:/Program Files/Microchip/xc32/v5.10/bin/bin/../../lib/gcc/pic32m/13.2.1/../../../../pic32m/lib\libpic32.a(vector40.o)
                0x9d001700                __vector_dispatch_40
                0x00000001                        ASSERT (((_vector_spacing == 0x0) || (SIZEOF (.vector_40) <= (_vector_spacing << 0x5))), function at exception vector 40 too large)

.vector_41      0x9d001720        0x8
 *(.vector_41)
 .vector_41     0x9d001720        0x8 C:/Program Files/Microchip/xc32/v5.10/bin/bin/../../lib/gcc/pic32m/13.2.1/../../../../pic32m/lib\libpic32.a(vector41.o)
                0x9d001720                __vector_dispatch_41
                0x00000001                        ASSERT (((_vector_spacing == 0x0) || (SIZEOF (.vector_41) <= (_vector_spacing << 0x5))), function at exception vector 41 too large)

.vector_42      0x9d001740        0x8
 *(.vector_42)
 .vector_42     0x9d001740        0x8 C:/Program Files/Microchip/xc32/v5.10/bin/bin/../../lib/gcc/pic32m/13.2.1/../../../../pic32m/lib\libpic32.a(vector42.o)
                0x9d001740                __vector_dispatch_42
                0x00000001                        ASSERT (((_vector_spacing == 0x0) || (SIZEOF (.vector_42) <= (_vector_spacing << 0x5))), function at exception vector 42 too large)

.vector_43      0x9d001760        0x8
 *(.vector_43)
 .vector_43     0x9d001760        0x8 C:/Program Files/Microchip/xc32/v5.10/bin/bin/../../lib/gcc/pic32m/13.2.1/../../../../pic32m/lib\libpic32.a(vector43.o)
                0x9d001760                __vector_dispatch_43
                0x00000001                        ASSERT (((_vector_spacing == 0x0) || (SIZEOF (.vector_43) <= (_vector_spacing << 0x5))), function at exception vector 43 too large)

.vector_44      0x9d001780        0x8
 *(.vector_44)
 .vector_44     0x9d001780        0x8 C:/Program Files/Microchip/xc32/v5.10/bin/bin/../../lib/gcc/pic32m/13.2.1/../../../../pic32m/lib\libpic32.a(vector44.o)
                0x9d001780                __vector_dispatch_44
                0x00000001                        ASSERT (((_vector_spacing == 0x0) || (SIZEOF (.vector_44) <= (_vector_spacing << 0x5))), function at exception vector 44 too large)

.vector_45
 *(.vector_45)
                0x00000001                        ASSERT (((_vector_spacing == 0x0) || (SIZEOF (.vector_45) <= (_vector_spacing << 0x5))), function at exception vector 45 too large)

.vector_46
 *(.vector_46)
                0x00000001                        ASSERT (((_vector_spacing == 0x0) || (SIZEOF (.vector_46) <= (_vector_spacing << 0x5))), function at exception vector 46 too large)

.vector_47
 *(.vector_47)
                0x00000001                        ASSERT (((_vector_spacing == 0x0) || (SIZEOF (.vector_47) <= (_vector_spacing << 0x5))), function at exception vector 47 too large)

.vector_48
 *(.vector_48)
                0x00000001                        ASSERT (((_vector_spacing == 0x0) || (SIZEOF (.vector_48) <= (_vector_spacing << 0x5))), function at exception vector 48 too large)

.vector_49
 *(.vector_49)
                0x00000001                        ASSERT (((_vector_spacing == 0x0) || (SIZEOF (.vector_49) <= (_vector_spacing << 0x5))), function at exception vector 49 too large)

.vector_50
 *(.vector_50)
                0x00000001                        ASSERT (((_vector_spacing == 0x0) || (SIZEOF (.vector_50) <= (_vector_spacing << 0x5))), function at exception vector 50 too large)

.vector_51
 *(.vector_51)
                0x00000001                        ASSERT (((_vector_spacing == 0x0) || (SIZEOF (.vector_51) <= (_vector_spacing << 0x5))), function at exception vector 51 too large)

.vector_52
 *(.vector_52)
                0x00000001                        ASSERT (((_vector_spacing == 0x0) || (SIZEOF (.vector_52) <= (_vector_spacing << 0x5))), function at exception vector 52 too large)

.vector_53
 *(.vector_53)
                0x00000001                        ASSERT (((_vector_spacing == 0x0) || (SIZEOF (.vector_53) <= (_vector_spacing << 0x5))), function at exception vector 53 too large)

.vector_54
 *(.vector_54)
                0x00000001                        ASSERT (((_vector_spacing == 0x0) || (SIZEOF (.vector_54) <= (_vector_spacing << 0x5))), function at exception vector 54 too large)

.vector_55
 *(.vector_55)
                0x00000001                        ASSERT (((_vector_spacing == 0x0) || (SIZEOF (.vector_55) <= (_vector_spacing << 0x5))), function at exception vector 55 too large)

.vector_56
 *(.vector_56)
                0x00000001                        ASSERT (((_vector_spacing == 0x0) || (SIZEOF (.vector_56) <= (_vector_spacing << 0x5))), function at exception vector 56 too large)

.vector_57
 *(.vector_57)
                0x00000001                        ASSERT (((_vector_spacing == 0x0) || (SIZEOF (.vector_57) <= (_vector_spacing << 0x5))), function at exception vector 57 too large)

.vector_58
 *(.vector_58)
                0x00000001                        ASSERT (((_vector_spacing == 0x0) || (SIZEOF (.vector_58) <= (_vector_spacing << 0x5))), function at exception vector 58 too large)

.vector_59
 *(.vector_59)
                0x00000001                        ASSERT (((_vector_spacing == 0x0) || (SIZEOF (.vector_59) <= (_vector_spacing << 0x5))), function at exception vector 59 too large)

.vector_60
 *(.vector_60)
                0x00000001                        ASSERT (((_vector_spacing == 0x0) || (SIZEOF (.vector_60) <= (_vector_spacing << 0x5))), function at exception vector 60 too large)

.vector_61
 *(.vector_61)
                0x00000001                        ASSERT (((_vector_spacing == 0x0) || (SIZEOF (.vector_61) <= (_vector_spacing << 0x5))), function at exception vector 61 too large)

.vector_62
 *(.vector_62)
                0x00000001                        ASSERT (((_vector_spacing == 0x0) || (SIZEOF (.vector_62) <= (_vector_spacing << 0x5))), function at exception vector 62 too large)

.vector_63
 *(.vector_63)
                0x00000001                        ASSERT (((_vector_spacing == 0x0) || (SIZEOF (.vector_63) <= (_vector_spacing << 0x5))), function at exception vector 63 too large)

.startup
 *(.startup)

.text           0x9d002000        0x0
 *(.stub .gnu.linkonce.t.*)
 *(.text.*personality*)
 *(.mips16.fn.*)
 *(.mips16.call.*)
 *(.gnu.warning)
                0x9d002000                        . = ALIGN (0x4)

.init           0x9d002000        0x0
 *crti.o(.init)
 *crtbegin.o(.init)
 *(EXCLUDE_FILE(*crtn.o *crtend?.o *crtend.o) .init)
 *crtend.o(.init)
 *crtn.o(.init)
                0x9d002000                        . = ALIGN (0x4)

.fini           0x9d002000        0x0
 *(.fini)
                0x9d002000                        . = ALIGN (0x4)

.preinit_array  0x9d002000        0x0
                [!provide]                        PROVIDE (__preinit_array_start = .)
 *(.preinit_array)
                [!provide]                        PROVIDE (__preinit_array_end = .)
                0x9d002000                        . = ALIGN (0x4)

.init_array     0x9d002000        0x0
                [!provide]                        PROVIDE (__init_array_start = .)
 *(SORT_BY_NAME(.init_array.*))
 *(.init_array)
                [!provide]                        PROVIDE (__init_array_end = .)
                0x9d002000                        . = ALIGN (0x4)

.fini_array     0x9d002000        0x0
                [!provide]                        PROVIDE (__fini_array_start = .)
 *(SORT_BY_NAME(.fini_array.*))
 *(.fini_array)
                [!provide]                        PROVIDE (__fini_array_end = .)
                0x9d002000                        . = ALIGN (0x4)

.ctors          0x9d002000        0x0
 *crtbegin.o(.ctors)
 *crtbegin?.o(.ctors)
 *(EXCLUDE_FILE(*crtend?.o *crtend.o) .ctors)
 *(SORT_BY_NAME(.ctors.*))
 *(.ctors)
                0x9d002000                        . = ALIGN (0x4)

.dtors          0x9d002000        0x0
 *crtbegin.o(.dtors)
 *crtbegin?.o(.dtors)
 *(EXCLUDE_FILE(*crtend?.o *crtend.o) .dtors)
 *(SORT_BY_NAME(.dtors.*))
 *(.dtors)
                0x9d002000                        . = ALIGN (0x4)

.rodata         0x9d002000        0x0
 *(.gnu.linkonce.r.*)
 *(.rodata1)
                0x9d002000                        . = ALIGN (0x4)

.sdata2         0x9d002000        0x0
 *(.sdata2 .sdata2.* .gnu.linkonce.s2.*)
                0x9d002000                        . = ALIGN (0x4)

.sbss2          0x9d002000        0x0
 *(.sbss2 .sbss2.* .gnu.linkonce.sb2.*)
                0x9d002000                        . = ALIGN (0x4)

.eh_frame_hdr
 *(.eh_frame_hdr)
                0x9d002000                        . = ALIGN (0x4)

.eh_frame
 *(.eh_frame)
                0x9d002000                        . = ALIGN (0x4)

.gcc_except_table
 *(.gcc_except_table .gcc_except_table.*)
                0x9d002000                        . = ALIGN (0x4)

.dbg_data       0xa0000000        0x0
                0xa0000000                        . = (. + DEFINED (_DEBUGGER)?0x200:0x0)

.jcr            0xa0000000        0x0
 *(.jcr)
                0xa0000000                        . = ALIGN (0x4)

.eh_frame
 *(.eh_frame)
                0xa0000000                        . = ALIGN (0x4)

.gcc_except_table
 *(.gcc_except_table .gcc_except_table.*)
                0xa0000000                        . = ALIGN (0x4)

.persist        0xa0000000        0x0
                0xa0000000                        _persist_begin = .
 *(.persist .persist.*)
 *(.pbss .pbss.*)
                0xa0000000                        . = ALIGN (0x4)
                0xa0000000                        _persist_end = .

.data           0xa0000000        0x0
 *(.gnu.linkonce.d.*)
 *(.data1)
                0xa0000000                        . = ALIGN (0x4)
                0xa0000000                        . = .
                0xa0007ff0                        _gp = (ALIGN (0x10) + 0x7ff0)

.got            0xa0000000        0x0
 *(.got.plt)
 *(.got)
                0xa0000000                        . = ALIGN (0x4)

.sdata          0xa0000000       0x1c
                0xa0000000                        _sdata_begin = .
 *(.sdata .sdata.* .gnu.linkonce.s.*)
 .sdata         0xa0000000        0x4 build/default/production/_ext/770565488/AD.o
 .sdata         0xa0000004        0x7 build/default/production/_ext/770565488/RC_Servo.o
 *fill*         0xa000000b        0x1 
 .sdata         0xa000000c        0x8 build/default/production/_ext/770565488/ObstacleSubHSM.o
 .sdata         0xa0000014        0x8 build/default/production/_ext/770565488/ISZSubHSM.o
                0xa000001c                        . = ALIGN (0x4)
                0xa000001c                        _sdata_end = .

.lit8
 *(.lit8)

.lit4
 *(.lit4)
                0xa000001c                        . = ALIGN (0x4)
                0xa000001c                        _data_end = .
                0xa000001c                        _bss_begin = .

.sbss           0xa000001c       0xec
                0xa000001c                        _sbss_begin = .
 *(.dynsbss)
 *(.sbss .sbss.* .gnu.linkonce.sb.*)
 .sbss          0xa000001c       0x1d build/default/production/_ext/770565488/TemplateEventChecker.o
 *fill*         0xa0000039        0x3 
 .sbss          0xa000003c        0x5 build/default/production/_ext/770565488/TemplateHSM.o
 *fill*         0xa0000041        0x3 
 .sbss          0xa0000044       0x24 build/default/production/_ext/770565488/AD.o
 .sbss          0xa0000068        0xc build/default/production/_ext/770565488/ES_Framework.o
                0xa0000068                Ready
 .sbss          0xa0000074        0x1 build/default/production/_ext/770565488/ES_KeyboardInput.o
 *fill*         0xa0000075        0x3 
 .sbss          0xa0000078       0x30 build/default/production/_ext/770565488/ES_Timers.o
 .sbss          0xa00000a8        0x2 build/default/production/_ext/770565488/LED.o
 *fill*         0xa00000aa        0x2 
 .sbss          0xa00000ac       0x12 build/default/production/_ext/770565488/RC_Servo.o
                0xa00000ac                RCenabled
 *fill*         0xa00000be        0x2 
 .sbss          0xa00000c0        0xc build/default/production/_ext/770565488/pwm.o
 .sbss          0xa00000cc        0xe build/default/production/_ext/770565488/serial.o
 *fill*         0xa00000da        0x2 
 .sbss          0xa00000dc        0xc build/default/production/_ext/770565488/timers.o
 .sbss          0xa00000e8        0x5 build/default/production/_ext/770565488/NavigationSubHSM.o
 *fill*         0xa00000ed        0x3 
 .sbss          0xa00000f0        0x5 build/default/production/_ext/770565488/EdgeRunneSubHSM.o
 *fill*         0xa00000f5        0x3 
 .sbss          0xa00000f8        0x5 build/default/production/_ext/770565488/ObstacleSubHSM.o
 *fill*         0xa00000fd        0x3 
 .sbss          0xa0000100        0x5 build/default/production/_ext/770565488/ISZSubHSM.o
 *(.scommon)
                0xa0000105                        _sbss_end = .
                0xa0000108                        . = ALIGN (0x4)
 *fill*         0xa0000105        0x3 

.bss            0xa0000108        0x0
 *(.dynbss)
 *(COMMON)
                0xa0000108                        . = ALIGN ((. != 0x0)?0x4:0x1)
                0xa0000108                        . = ALIGN (0x4)
                0xa0000108                        _end = .
                0xa0000108                        _bss_end = .
                0x00004000                        _bmxdudba_address = LENGTH (kseg1_data_mem)
                0x00004000                        _bmxdupba_address = LENGTH (kseg1_data_mem)

/DISCARD/
 *(.pdr)

.gptab.sdata
 *(.gptab.data)
 *(.gptab.sdata)

.gptab.sbss
 *(.gptab.bss)
 *(.gptab.sbss)

.mdebug.abi32   0xa0000108        0x0
 *(.mdebug.abi32)
 .mdebug.abi32  0xa0000108        0x0 build/default/production/_ext/770565488/TemplateEventChecker.o
 .mdebug.abi32  0xa0000108        0x0 build/default/production/_ext/770565488/TemplateHSM.o
 .mdebug.abi32  0xa0000108        0x0 build/default/production/_ext/770565488/AD.o
 .mdebug.abi32  0xa0000108        0x0 build/default/production/_ext/770565488/BOARD.o
 .mdebug.abi32  0xa0000108        0x0 build/default/production/_ext/770565488/ES_CheckEvents.o
 .mdebug.abi32  0xa0000108        0x0 build/default/production/_ext/770565488/ES_Framework.o
 .mdebug.abi32  0xa0000108        0x0 build/default/production/_ext/770565488/ES_KeyboardInput.o
 .mdebug.abi32  0xa0000108        0x0 build/default/production/_ext/770565488/ES_PostList.o
 .mdebug.abi32  0xa0000108        0x0 build/default/production/_ext/770565488/ES_Queue.o
 .mdebug.abi32  0xa0000108        0x0 build/default/production/_ext/770565488/ES_TattleTale.o
 .mdebug.abi32  0xa0000108        0x0 build/default/production/_ext/770565488/ES_Timers.o
 .mdebug.abi32  0xa0000108        0x0 build/default/production/_ext/770565488/IO_Ports.o
 .mdebug.abi32  0xa0000108        0x0 build/default/production/_ext/770565488/LED.o
 .mdebug.abi32  0xa0000108        0x0 build/default/production/_ext/770565488/RC_Servo.o
 .mdebug.abi32  0xa0000108        0x0 build/default/production/_ext/770565488/pwm.o
 .mdebug.abi32  0xa0000108        0x0 build/default/production/_ext/770565488/serial.o
 .mdebug.abi32  0xa0000108        0x0 build/default/production/_ext/770565488/timers.o
 .mdebug.abi32  0xa0000108        0x0 build/default/production/_ext/770565488/MotorControl.o
 .mdebug.abi32  0xa0000108        0x0 build/default/production/_ext/770565488/NavigationSubHSM.o
 .mdebug.abi32  0xa0000108        0x0 build/default/production/_ext/770565488/EdgeRunneSubHSM.o
 .mdebug.abi32  0xa0000108        0x0 build/default/production/_ext/770565488/ObstacleSubHSM.o
 .mdebug.abi32  0xa0000108        0x0 build/default/production/_ext/770565488/ISZSubHSM.o
 .mdebug.abi32  0xa0000108        0x0 build/default/production/_ext/770565488/RobotTest.o
 .mdebug.abi32  0xa0000108        0x0 C:/Program Files/Microchip/xc32/v5.10/bin/bin/../../lib/gcc/pic32m/13.2.1\libgcc.a(floatunsisf.o)
 .mdebug.abi32  0xa0000108        0x0 C:/Program Files/Microchip/xc32/v5.10/bin/bin/../../lib/gcc/pic32m/13.2.1/../../../../pic32m/lib\libpic32.a(default-bootstrap-exception-handler.o)
 .mdebug.abi32  0xa0000108        0x0 C:/Program Files/Microchip/xc32/v5.10/bin/bin/../../lib/gcc/pic32m/13.2.1/../../../../pic32m/lib\libpic32.a(default-on-reset.o)
 .mdebug.abi32  0xa0000108        0x0 C:/Program Files/Microchip/xc32/v5.10/bin/bin/../../lib/gcc/pic32m/13.2.1/../../../../pic32m/lib\libpic32.a(default-on-bootstrap.o)
 .mdebug.abi32  0xa0000108        0x0 C:/Program Files/Microchip/xc32/v5.10/bin/bin/../../lib/gcc/pic32m/13.2.1/../../../../pic32m/lib\libpic32.a(default-general-exception-handler.o)
 .mdebug.abi32  0xa0000108        0x0 C:/Program Files/Microchip/xc32/v5.10/bin/bin/../../lib/gcc/pic32m/13.2.1/../../../../pic32m/lib\libpic32.a(defaultinterrupt.o)
 .mdebug.abi32  0xa0000108        0x0 C:/Program Files/Microchip/xc32/v5.10/bin/bin/../../lib/gcc/pic32m/13.2.1/../../../../pic32m/lib\libc-musl.a(__sio_printf_cdnpsxX.o)
 .mdebug.abi32  0xa0000108        0x0 C:/Program Files/Microchip/xc32/v5.10/bin/bin/../../lib/gcc/pic32m/13.2.1/../../../../pic32m/lib\libc-musl.a(__fmt_d.o)
 .mdebug.abi32  0xa0000108        0x0 C:/Program Files/Microchip/xc32/v5.10/bin/bin/../../lib/gcc/pic32m/13.2.1/../../../../pic32m/lib\libc-musl.a(__fmt_s.o)
 .mdebug.abi32  0xa0000108        0x0 C:/Program Files/Microchip/xc32/v5.10/bin/bin/../../lib/gcc/pic32m/13.2.1/../../../../pic32m/lib\libc-musl.a(__fmt_x.o)
 .mdebug.abi32  0xa0000108        0x0 C:/Program Files/Microchip/xc32/v5.10/bin/bin/../../lib/gcc/pic32m/13.2.1/../../../../pic32m/lib\libc-musl.a(__pop_int.o)
 .mdebug.abi32  0xa0000108        0x0 C:/Program Files/Microchip/xc32/v5.10/bin/bin/../../lib/gcc/pic32m/13.2.1/../../../../pic32m/lib\libc-musl.a(__pop_ptr.o)
 .mdebug.abi32  0xa0000108        0x0 C:/Program Files/Microchip/xc32/v5.10/bin/bin/../../lib/gcc/pic32m/13.2.1/../../../../pic32m/lib\libc-musl.a(__printf_core.o)
 .mdebug.abi32  0xa0000108        0x0 C:/Program Files/Microchip/xc32/v5.10/bin/bin/../../lib/gcc/pic32m/13.2.1/../../../../pic32m/lib\libc-musl.a(stdout.o)
 .mdebug.abi32  0xa0000108        0x0 C:/Program Files/Microchip/xc32/v5.10/bin/bin/../../lib/gcc/pic32m/13.2.1/../../../../pic32m/lib\libc-musl.a(atoi.o)
 .mdebug.abi32  0xa0000108        0x0 C:/Program Files/Microchip/xc32/v5.10/bin/bin/../../lib/gcc/pic32m/13.2.1/../../../../pic32m/lib\libc-musl.a(tolower.o)
 .mdebug.abi32  0xa0000108        0x0 C:/Program Files/Microchip/xc32/v5.10/bin/bin/../../lib/gcc/pic32m/13.2.1/../../../../pic32m/lib\libc-musl.a(toupper.o)
 .mdebug.abi32  0xa0000108        0x0 C:/Program Files/Microchip/xc32/v5.10/bin/bin/../../lib/gcc/pic32m/13.2.1/../../../../pic32m/lib\libc-musl.a(__int_vfprintf.o)
 .mdebug.abi32  0xa0000108        0x0 C:/Program Files/Microchip/xc32/v5.10/bin/bin/../../lib/gcc/pic32m/13.2.1/../../../../pic32m/lib\libc-musl.a(__cvt_u.o)
 .mdebug.abi32  0xa0000108        0x0 C:/Program Files/Microchip/xc32/v5.10/bin/bin/../../lib/gcc/pic32m/13.2.1/../../../../pic32m/lib\libc-musl.a(__io_init_needed.o)
 .mdebug.abi32  0xa0000108        0x0 C:/Program Files/Microchip/xc32/v5.10/bin/bin/../../lib/gcc/pic32m/13.2.1/../../../../pic32m/lib\libc-musl.a(__out.o)
 .mdebug.abi32  0xa0000108        0x0 C:/Program Files/Microchip/xc32/v5.10/bin/bin/../../lib/gcc/pic32m/13.2.1/../../../../pic32m/lib\libc-musl.a(__pop_float.o)
 .mdebug.abi32  0xa0000108        0x0 C:/Program Files/Microchip/xc32/v5.10/bin/bin/../../lib/gcc/pic32m/13.2.1/../../../../pic32m/lib\libc-musl.a(__stdio_close.o)
 .mdebug.abi32  0xa0000108        0x0 C:/Program Files/Microchip/xc32/v5.10/bin/bin/../../lib/gcc/pic32m/13.2.1/../../../../pic32m/lib\libc-musl.a(__init_stdio.o)
 .mdebug.abi32  0xa0000108        0x0 C:/Program Files/Microchip/xc32/v5.10/bin/bin/../../lib/gcc/pic32m/13.2.1/../../../../pic32m/lib\libc-musl.a(__io_file_needed.o)
 .mdebug.abi32  0xa0000108        0x0 C:/Program Files/Microchip/xc32/v5.10/bin/bin/../../lib/gcc/pic32m/13.2.1/../../../../pic32m/lib\libpic32.a(lseek.o)
 .mdebug.abi32  0xa0000108        0x0 C:/Program Files/Microchip/xc32/v5.10/bin/bin/../../lib/gcc/pic32m/13.2.1/../../../../pic32m/lib\libpic32.a(close.o)
 .mdebug.abi32  0xa0000108        0x0 C:/Program Files/Microchip/xc32/v5.10/bin/bin/../../lib/gcc/pic32m/13.2.1/../../../../pic32m/lib\libpic32.a(errno.o)
 .mdebug.abi32  0xa0000108        0x0 C:/Program Files/Microchip/xc32/v5.10/bin/bin/../../lib/gcc/pic32m/13.2.1/../../../../pic32m/lib\libc-size-musl.a(memcpy.o)
 .mdebug.abi32  0xa0000108        0x0 C:/Program Files/Microchip/xc32/v5.10/bin/bin/../../lib/gcc/pic32m/13.2.1/../../../../pic32m/lib\libc-size-musl.a(memset.o)
 .mdebug.abi32  0xa0000108        0x0 C:/Program Files/Microchip/xc32/v5.10/bin/bin/../../lib/gcc/pic32m/13.2.1/../../../../pic32m/lib\libc-size-musl.a(strlen.o)
 .mdebug.abi32  0xa0000108        0x0 C:/Program Files/Microchip/xc32/v5.10/bin/bin/../../lib/gcc/pic32m/13.2.1\libgcc.a(_udivdi3.o)
 .mdebug.abi32  0xa0000108        0x0 C:/Program Files/Microchip/xc32/v5.10/bin/bin/../../lib/gcc/pic32m/13.2.1\libgcc.a(_umoddi3.o)

.mdebug.abiN32
 *(.mdebug.abiN32)

.mdebug.abi64
 *(.mdebug.abi64)

.mdebug.abiO64
 *(.mdebug.abiO64)

.mdebug.eabi32
 *(.mdebug.eabi32)

.mdebug.eabi64
 *(.mdebug.eabi64)

.gcc_compiled_long32
 *(.gcc_compiled_long32)

.gcc_compiled_long64
 *(.gcc_compiled_long64)

.stab
 *(.stab)

.stabstr
 *(.stabstr)

.stab.excl
 *(.stab.excl)

.stab.exclstr
 *(.stab.exclstr)

.stab.index
 *(.stab.index)

.stab.indexstr
 *(.stab.indexstr)

.comment        0x00000000       0x35
 *(.comment)
 .comment       0x00000000       0x35 build/default/production/_ext/770565488/TemplateEventChecker.o
                                 0x36 (size before relaxing)
 .comment       0x00000035       0x36 build/default/production/_ext/770565488/TemplateHSM.o
 .comment       0x00000035       0x36 build/default/production/_ext/770565488/AD.o
 .comment       0x00000035       0x36 build/default/production/_ext/770565488/BOARD.o
 .comment       0x00000035       0x36 build/default/production/_ext/770565488/ES_CheckEvents.o
 .comment       0x00000035       0x36 build/default/production/_ext/770565488/ES_Framework.o
 .comment       0x00000035       0x36 build/default/production/_ext/770565488/ES_KeyboardInput.o
 .comment       0x00000035       0x36 build/default/production/_ext/770565488/ES_PostList.o
 .comment       0x00000035       0x36 build/default/production/_ext/770565488/ES_Queue.o
 .comment       0x00000035       0x36 build/default/production/_ext/770565488/ES_TattleTale.o
 .comment       0x00000035       0x36 build/default/production/_ext/770565488/ES_Timers.o
 .comment       0x00000035       0x36 build/default/production/_ext/770565488/IO_Ports.o
 .comment       0x00000035       0x36 build/default/production/_ext/770565488/LED.o
 .comment       0x00000035       0x36 build/default/production/_ext/770565488/RC_Servo.o
 .comment       0x00000035       0x36 build/default/production/_ext/770565488/pwm.o
 .comment       0x00000035       0x36 build/default/production/_ext/770565488/serial.o
 .comment       0x00000035       0x36 build/default/production/_ext/770565488/timers.o
 .comment       0x00000035       0x36 build/default/production/_ext/770565488/MotorControl.o
 .comment       0x00000035       0x36 build/default/production/_ext/770565488/NavigationSubHSM.o
 .comment       0x00000035       0x36 build/default/production/_ext/770565488/EdgeRunneSubHSM.o
 .comment       0x00000035       0x36 build/default/production/_ext/770565488/ObstacleSubHSM.o
 .comment       0x00000035       0x36 build/default/production/_ext/770565488/ISZSubHSM.o
 .comment       0x00000035       0x36 build/default/production/_ext/770565488/RobotTest.o
 .comment       0x00000035       0x36 C:/Program Files/Microchip/xc32/v5.10/bin/bin/../../lib/gcc/pic32m/13.2.1\libgcc.a(floatunsisf.o)
 .comment       0x00000035       0x36 C:/Program Files/Microchip/xc32/v5.10/bin/bin/../../lib/gcc/pic32m/13.2.1/../../../../pic32m/lib\libpic32.a(default-bootstrap-exception-handler.o)
 .comment       0x00000035       0x36 C:/Program Files/Microchip/xc32/v5.10/bin/bin/../../lib/gcc/pic32m/13.2.1/../../../../pic32m/lib\libpic32.a(default-on-reset.o)
 .comment       0x00000035       0x36 C:/Program Files/Microchip/xc32/v5.10/bin/bin/../../lib/gcc/pic32m/13.2.1/../../../../pic32m/lib\libpic32.a(default-on-bootstrap.o)
 .comment       0x00000035       0x36 C:/Program Files/Microchip/xc32/v5.10/bin/bin/../../lib/gcc/pic32m/13.2.1/../../../../pic32m/lib\libpic32.a(default-general-exception-handler.o)
 .comment       0x00000035       0x36 C:/Program Files/Microchip/xc32/v5.10/bin/bin/../../lib/gcc/pic32m/13.2.1/../../../../pic32m/lib\libpic32.a(defaultinterrupt.o)
 .comment       0x00000035       0x36 C:/Program Files/Microchip/xc32/v5.10/bin/bin/../../lib/gcc/pic32m/13.2.1/../../../../pic32m/lib\libc-musl.a(__sio_printf_cdnpsxX.o)
 .comment       0x00000035       0x36 C:/Program Files/Microchip/xc32/v5.10/bin/bin/../../lib/gcc/pic32m/13.2.1/../../../../pic32m/lib\libc-musl.a(__fmt_d.o)
 .comment       0x00000035       0x36 C:/Program Files/Microchip/xc32/v5.10/bin/bin/../../lib/gcc/pic32m/13.2.1/../../../../pic32m/lib\libc-musl.a(__fmt_s.o)
 .comment       0x00000035       0x36 C:/Program Files/Microchip/xc32/v5.10/bin/bin/../../lib/gcc/pic32m/13.2.1/../../../../pic32m/lib\libc-musl.a(__fmt_x.o)
 .comment       0x00000035       0x36 C:/Program Files/Microchip/xc32/v5.10/bin/bin/../../lib/gcc/pic32m/13.2.1/../../../../pic32m/lib\libc-musl.a(__pop_int.o)
 .comment       0x00000035       0x36 C:/Program Files/Microchip/xc32/v5.10/bin/bin/../../lib/gcc/pic32m/13.2.1/../../../../pic32m/lib\libc-musl.a(__pop_ptr.o)
 .comment       0x00000035       0x36 C:/Program Files/Microchip/xc32/v5.10/bin/bin/../../lib/gcc/pic32m/13.2.1/../../../../pic32m/lib\libc-musl.a(__printf_core.o)
 .comment       0x00000035       0x36 C:/Program Files/Microchip/xc32/v5.10/bin/bin/../../lib/gcc/pic32m/13.2.1/../../../../pic32m/lib\libc-musl.a(stdout.o)
 .comment       0x00000035       0x36 C:/Program Files/Microchip/xc32/v5.10/bin/bin/../../lib/gcc/pic32m/13.2.1/../../../../pic32m/lib\libc-musl.a(atoi.o)
 .comment       0x00000035       0x36 C:/Program Files/Microchip/xc32/v5.10/bin/bin/../../lib/gcc/pic32m/13.2.1/../../../../pic32m/lib\libc-musl.a(tolower.o)
 .comment       0x00000035       0x36 C:/Program Files/Microchip/xc32/v5.10/bin/bin/../../lib/gcc/pic32m/13.2.1/../../../../pic32m/lib\libc-musl.a(toupper.o)
 .comment       0x00000035       0x36 C:/Program Files/Microchip/xc32/v5.10/bin/bin/../../lib/gcc/pic32m/13.2.1/../../../../pic32m/lib\libc-musl.a(__int_vfprintf.o)
 .comment       0x00000035       0x36 C:/Program Files/Microchip/xc32/v5.10/bin/bin/../../lib/gcc/pic32m/13.2.1/../../../../pic32m/lib\libc-musl.a(__cvt_u.o)
 .comment       0x00000035       0x36 C:/Program Files/Microchip/xc32/v5.10/bin/bin/../../lib/gcc/pic32m/13.2.1/../../../../pic32m/lib\libc-musl.a(__io_init_needed.o)
 .comment       0x00000035       0x36 C:/Program Files/Microchip/xc32/v5.10/bin/bin/../../lib/gcc/pic32m/13.2.1/../../../../pic32m/lib\libc-musl.a(__out.o)
 .comment       0x00000035       0x36 C:/Program Files/Microchip/xc32/v5.10/bin/bin/../../lib/gcc/pic32m/13.2.1/../../../../pic32m/lib\libc-musl.a(__pop_float.o)
 .comment       0x00000035       0x36 C:/Program Files/Microchip/xc32/v5.10/bin/bin/../../lib/gcc/pic32m/13.2.1/../../../../pic32m/lib\libc-musl.a(__stdio_close.o)
 .comment       0x00000035       0x36 C:/Program Files/Microchip/xc32/v5.10/bin/bin/../../lib/gcc/pic32m/13.2.1/../../../../pic32m/lib\libc-musl.a(__init_stdio.o)
 .comment       0x00000035       0x36 C:/Program Files/Microchip/xc32/v5.10/bin/bin/../../lib/gcc/pic32m/13.2.1/../../../../pic32m/lib\libc-musl.a(__io_file_needed.o)
 .comment       0x00000035       0x36 C:/Program Files/Microchip/xc32/v5.10/bin/bin/../../lib/gcc/pic32m/13.2.1/../../../../pic32m/lib\libpic32.a(lseek.o)
 .comment       0x00000035       0x36 C:/Program Files/Microchip/xc32/v5.10/bin/bin/../../lib/gcc/pic32m/13.2.1/../../../../pic32m/lib\libpic32.a(close.o)
 .comment       0x00000035       0x36 C:/Program Files/Microchip/xc32/v5.10/bin/bin/../../lib/gcc/pic32m/13.2.1/../../../../pic32m/lib\libpic32.a(errno.o)
 .comment       0x00000035       0x36 C:/Program Files/Microchip/xc32/v5.10/bin/bin/../../lib/gcc/pic32m/13.2.1/../../../../pic32m/lib\libc-size-musl.a(memcpy.o)
 .comment       0x00000035       0x36 C:/Program Files/Microchip/xc32/v5.10/bin/bin/../../lib/gcc/pic32m/13.2.1/../../../../pic32m/lib\libc-size-musl.a(memset.o)
 .comment       0x00000035       0x36 C:/Program Files/Microchip/xc32/v5.10/bin/bin/../../lib/gcc/pic32m/13.2.1/../../../../pic32m/lib\libc-size-musl.a(strlen.o)
 .comment       0x00000035       0x36 C:/Program Files/Microchip/xc32/v5.10/bin/bin/../../lib/gcc/pic32m/13.2.1\libgcc.a(_udivdi3.o)
 .comment       0x00000035       0x36 C:/Program Files/Microchip/xc32/v5.10/bin/bin/../../lib/gcc/pic32m/13.2.1\libgcc.a(_umoddi3.o)

.debug
 *(.debug)

.line
 *(.line)

.debug_srcinfo
 *(.debug_srcinfo)

.debug_sfnames
 *(.debug_sfnames)

.debug_aranges  0x00000000      0x760
 *(.debug_aranges)
 .debug_aranges
                0x00000000       0x20 build/default/production/_ext/770565488/TemplateEventChecker.o
 .debug_aranges
                0x00000020       0x20 build/default/production/_ext/770565488/TemplateHSM.o
 .debug_aranges
                0x00000040       0x20 build/default/production/_ext/770565488/AD.o
 .debug_aranges
                0x00000060       0x20 build/default/production/_ext/770565488/BOARD.o
 .debug_aranges
                0x00000080       0x20 build/default/production/_ext/770565488/ES_CheckEvents.o
 .debug_aranges
                0x000000a0       0x20 build/default/production/_ext/770565488/ES_Framework.o
 .debug_aranges
                0x000000c0       0x20 build/default/production/_ext/770565488/ES_KeyboardInput.o
 .debug_aranges
                0x000000e0       0x18 build/default/production/_ext/770565488/ES_PostList.o
 .debug_aranges
                0x000000f8       0x20 build/default/production/_ext/770565488/ES_Queue.o
 .debug_aranges
                0x00000118       0x18 build/default/production/_ext/770565488/ES_TattleTale.o
 .debug_aranges
                0x00000130       0x20 build/default/production/_ext/770565488/ES_Timers.o
 .debug_aranges
                0x00000150       0x20 build/default/production/_ext/770565488/IO_Ports.o
 .debug_aranges
                0x00000170       0x20 build/default/production/_ext/770565488/LED.o
 .debug_aranges
                0x00000190       0x20 build/default/production/_ext/770565488/RC_Servo.o
 .debug_aranges
                0x000001b0       0x20 build/default/production/_ext/770565488/pwm.o
 .debug_aranges
                0x000001d0       0x20 build/default/production/_ext/770565488/serial.o
 .debug_aranges
                0x000001f0       0x20 build/default/production/_ext/770565488/timers.o
 .debug_aranges
                0x00000210       0x20 build/default/production/_ext/770565488/MotorControl.o
 .debug_aranges
                0x00000230       0x20 build/default/production/_ext/770565488/NavigationSubHSM.o
 .debug_aranges
                0x00000250       0x20 build/default/production/_ext/770565488/EdgeRunneSubHSM.o
 .debug_aranges
                0x00000270       0x20 build/default/production/_ext/770565488/ObstacleSubHSM.o
 .debug_aranges
                0x00000290       0x20 build/default/production/_ext/770565488/ISZSubHSM.o
 .debug_aranges
                0x000002b0       0x20 build/default/production/_ext/770565488/RobotTest.o
 .debug_aranges
                0x000002d0       0x20 C:/Program Files/Microchip/xc32/v5.10/bin/bin/../../lib/gcc/pic32m/13.2.1\libgcc.a(floatunsisf.o)
 .debug_aranges
                0x000002f0       0x20 C:/Program Files/Microchip/xc32/v5.10/bin/bin/../../lib/gcc/pic32m/13.2.1/../../../../pic32m/lib\libpic32.a(default-bootstrap-exception-handler.o)
 .debug_aranges
                0x00000310       0x20 C:/Program Files/Microchip/xc32/v5.10/bin/bin/../../lib/gcc/pic32m/13.2.1/../../../../pic32m/lib\libpic32.a(default-on-reset.o)
 .debug_aranges
                0x00000330       0x20 C:/Program Files/Microchip/xc32/v5.10/bin/bin/../../lib/gcc/pic32m/13.2.1/../../../../pic32m/lib\libpic32.a(default-on-bootstrap.o)
 .debug_aranges
                0x00000350       0x20 C:/Program Files/Microchip/xc32/v5.10/bin/bin/../../lib/gcc/pic32m/13.2.1/../../../../pic32m/lib\libpic32.a(default-general-exception-handler.o)
 .debug_aranges
                0x00000370       0x20 C:/Program Files/Microchip/xc32/v5.10/bin/bin/../../lib/gcc/pic32m/13.2.1/../../../../pic32m/lib\libpic32.a(defaultinterrupt.o)
 .debug_aranges
                0x00000390       0x28 C:/Program Files/Microchip/xc32/v5.10/bin/bin/../../lib/gcc/pic32m/13.2.1/../../../../pic32m/lib\libc-musl.a(__sio_printf_cdnpsxX.o)
 .debug_aranges
                0x000003b8       0x20 C:/Program Files/Microchip/xc32/v5.10/bin/bin/../../lib/gcc/pic32m/13.2.1/../../../../pic32m/lib\libc-musl.a(__fmt_d.o)
 .debug_aranges
                0x000003d8       0x20 C:/Program Files/Microchip/xc32/v5.10/bin/bin/../../lib/gcc/pic32m/13.2.1/../../../../pic32m/lib\libc-musl.a(__fmt_s.o)
 .debug_aranges
                0x000003f8       0x20 C:/Program Files/Microchip/xc32/v5.10/bin/bin/../../lib/gcc/pic32m/13.2.1/../../../../pic32m/lib\libc-musl.a(__fmt_x.o)
 .debug_aranges
                0x00000418       0x20 C:/Program Files/Microchip/xc32/v5.10/bin/bin/../../lib/gcc/pic32m/13.2.1/../../../../pic32m/lib\libc-musl.a(__pop_int.o)
 .debug_aranges
                0x00000438       0x20 C:/Program Files/Microchip/xc32/v5.10/bin/bin/../../lib/gcc/pic32m/13.2.1/../../../../pic32m/lib\libc-musl.a(__pop_ptr.o)
 .debug_aranges
                0x00000458       0x50 C:/Program Files/Microchip/xc32/v5.10/bin/bin/../../lib/gcc/pic32m/13.2.1/../../../../pic32m/lib\libc-musl.a(__printf_core.o)
 .debug_aranges
                0x000004a8       0x30 C:/Program Files/Microchip/xc32/v5.10/bin/bin/../../lib/gcc/pic32m/13.2.1/../../../../pic32m/lib\libc-musl.a(stdout.o)
 .debug_aranges
                0x000004d8       0x20 C:/Program Files/Microchip/xc32/v5.10/bin/bin/../../lib/gcc/pic32m/13.2.1/../../../../pic32m/lib\libc-musl.a(atoi.o)
 .debug_aranges
                0x000004f8       0x28 C:/Program Files/Microchip/xc32/v5.10/bin/bin/../../lib/gcc/pic32m/13.2.1/../../../../pic32m/lib\libc-musl.a(tolower.o)
 .debug_aranges
                0x00000520       0x28 C:/Program Files/Microchip/xc32/v5.10/bin/bin/../../lib/gcc/pic32m/13.2.1/../../../../pic32m/lib\libc-musl.a(toupper.o)
 .debug_aranges
                0x00000548       0x20 C:/Program Files/Microchip/xc32/v5.10/bin/bin/../../lib/gcc/pic32m/13.2.1/../../../../pic32m/lib\libc-musl.a(__int_vfprintf.o)
 .debug_aranges
                0x00000568       0x20 C:/Program Files/Microchip/xc32/v5.10/bin/bin/../../lib/gcc/pic32m/13.2.1/../../../../pic32m/lib\libc-musl.a(__cvt_u.o)
 .debug_aranges
                0x00000588       0x28 C:/Program Files/Microchip/xc32/v5.10/bin/bin/../../lib/gcc/pic32m/13.2.1/../../../../pic32m/lib\libc-musl.a(__io_init_needed.o)
 .debug_aranges
                0x000005b0       0x28 C:/Program Files/Microchip/xc32/v5.10/bin/bin/../../lib/gcc/pic32m/13.2.1/../../../../pic32m/lib\libc-musl.a(__out.o)
 .debug_aranges
                0x000005d8       0x20 C:/Program Files/Microchip/xc32/v5.10/bin/bin/../../lib/gcc/pic32m/13.2.1/../../../../pic32m/lib\libc-musl.a(__pop_float.o)
 .debug_aranges
                0x000005f8       0x28 C:/Program Files/Microchip/xc32/v5.10/bin/bin/../../lib/gcc/pic32m/13.2.1/../../../../pic32m/lib\libc-musl.a(__stdio_close.o)
 .debug_aranges
                0x00000620       0x28 C:/Program Files/Microchip/xc32/v5.10/bin/bin/../../lib/gcc/pic32m/13.2.1/../../../../pic32m/lib\libc-musl.a(__init_stdio.o)
 .debug_aranges
                0x00000648       0x20 C:/Program Files/Microchip/xc32/v5.10/bin/bin/../../lib/gcc/pic32m/13.2.1/../../../../pic32m/lib\libc-musl.a(__io_file_needed.o)
 .debug_aranges
                0x00000668       0x20 C:/Program Files/Microchip/xc32/v5.10/bin/bin/../../lib/gcc/pic32m/13.2.1/../../../../pic32m/lib\libpic32.a(lseek.o)
 .debug_aranges
                0x00000688       0x20 C:/Program Files/Microchip/xc32/v5.10/bin/bin/../../lib/gcc/pic32m/13.2.1/../../../../pic32m/lib\libpic32.a(close.o)
 .debug_aranges
                0x000006a8       0x18 C:/Program Files/Microchip/xc32/v5.10/bin/bin/../../lib/gcc/pic32m/13.2.1/../../../../pic32m/lib\libpic32.a(errno.o)
 .debug_aranges
                0x000006c0       0x20 C:/Program Files/Microchip/xc32/v5.10/bin/bin/../../lib/gcc/pic32m/13.2.1/../../../../pic32m/lib\libc-size-musl.a(memcpy.o)
 .debug_aranges
                0x000006e0       0x20 C:/Program Files/Microchip/xc32/v5.10/bin/bin/../../lib/gcc/pic32m/13.2.1/../../../../pic32m/lib\libc-size-musl.a(memset.o)
 .debug_aranges
                0x00000700       0x20 C:/Program Files/Microchip/xc32/v5.10/bin/bin/../../lib/gcc/pic32m/13.2.1/../../../../pic32m/lib\libc-size-musl.a(strlen.o)
 .debug_aranges
                0x00000720       0x20 C:/Program Files/Microchip/xc32/v5.10/bin/bin/../../lib/gcc/pic32m/13.2.1\libgcc.a(_udivdi3.o)
 .debug_aranges
                0x00000740       0x20 C:/Program Files/Microchip/xc32/v5.10/bin/bin/../../lib/gcc/pic32m/13.2.1\libgcc.a(_umoddi3.o)

.debug_pubnames
 *(.debug_pubnames)

.debug_info     0x00000000     0xd06f
 *(.debug_info .gnu.linkonce.wi.*)
 .debug_info    0x00000000      0x568 build/default/production/_ext/770565488/TemplateEventChecker.o
 .debug_info    0x00000568      0x396 build/default/production/_ext/770565488/TemplateHSM.o
 .debug_info    0x000008fe      0xd0b build/default/production/_ext/770565488/AD.o
 .debug_info    0x00001609      0x1bb build/default/production/_ext/770565488/BOARD.o
 .debug_info    0x000017c4      0x14b build/default/production/_ext/770565488/ES_CheckEvents.o
 .debug_info    0x0000190f      0x591 build/default/production/_ext/770565488/ES_Framework.o
 .debug_info    0x00001ea0      0x29d build/default/production/_ext/770565488/ES_KeyboardInput.o
 .debug_info    0x0000213d       0x91 build/default/production/_ext/770565488/ES_PostList.o
 .debug_info    0x000021ce      0x320 build/default/production/_ext/770565488/ES_Queue.o
 .debug_info    0x000024ee       0x9f build/default/production/_ext/770565488/ES_TattleTale.o
 .debug_info    0x0000258d      0xb81 build/default/production/_ext/770565488/ES_Timers.o
 .debug_info    0x0000310e      0xce6 build/default/production/_ext/770565488/IO_Ports.o
 .debug_info    0x00003df4      0xa66 build/default/production/_ext/770565488/LED.o
 .debug_info    0x0000485a      0xce0 build/default/production/_ext/770565488/RC_Servo.o
 .debug_info    0x0000553a      0x594 build/default/production/_ext/770565488/pwm.o
 .debug_info    0x00005ace      0xdf8 build/default/production/_ext/770565488/serial.o
 .debug_info    0x000068c6      0x9ff build/default/production/_ext/770565488/timers.o
 .debug_info    0x000072c5      0x778 build/default/production/_ext/770565488/MotorControl.o
 .debug_info    0x00007a3d      0x368 build/default/production/_ext/770565488/NavigationSubHSM.o
 .debug_info    0x00007da5      0x352 build/default/production/_ext/770565488/EdgeRunneSubHSM.o
 .debug_info    0x000080f7      0x27a build/default/production/_ext/770565488/ObstacleSubHSM.o
 .debug_info    0x00008371      0x27a build/default/production/_ext/770565488/ISZSubHSM.o
 .debug_info    0x000085eb      0x68b build/default/production/_ext/770565488/RobotTest.o
 .debug_info    0x00008c76       0xdb C:/Program Files/Microchip/xc32/v5.10/bin/bin/../../lib/gcc/pic32m/13.2.1\libgcc.a(floatunsisf.o)
 .debug_info    0x00008d51       0x72 C:/Program Files/Microchip/xc32/v5.10/bin/bin/../../lib/gcc/pic32m/13.2.1/../../../../pic32m/lib\libpic32.a(default-bootstrap-exception-handler.o)
 .debug_info    0x00008dc3       0x40 C:/Program Files/Microchip/xc32/v5.10/bin/bin/../../lib/gcc/pic32m/13.2.1/../../../../pic32m/lib\libpic32.a(default-on-reset.o)
 .debug_info    0x00008e03       0x40 C:/Program Files/Microchip/xc32/v5.10/bin/bin/../../lib/gcc/pic32m/13.2.1/../../../../pic32m/lib\libpic32.a(default-on-bootstrap.o)
 .debug_info    0x00008e43       0x72 C:/Program Files/Microchip/xc32/v5.10/bin/bin/../../lib/gcc/pic32m/13.2.1/../../../../pic32m/lib\libpic32.a(default-general-exception-handler.o)
 .debug_info    0x00008eb5       0x9b C:/Program Files/Microchip/xc32/v5.10/bin/bin/../../lib/gcc/pic32m/13.2.1/../../../../pic32m/lib\libpic32.a(defaultinterrupt.o)
 .debug_info    0x00008f50      0x1e5 C:/Program Files/Microchip/xc32/v5.10/bin/bin/../../lib/gcc/pic32m/13.2.1/../../../../pic32m/lib\libc-musl.a(__sio_printf_cdnpsxX.o)
 .debug_info    0x00009135      0x36d C:/Program Files/Microchip/xc32/v5.10/bin/bin/../../lib/gcc/pic32m/13.2.1/../../../../pic32m/lib\libc-musl.a(__fmt_d.o)
 .debug_info    0x000094a2      0x2dc C:/Program Files/Microchip/xc32/v5.10/bin/bin/../../lib/gcc/pic32m/13.2.1/../../../../pic32m/lib\libc-musl.a(__fmt_s.o)
 .debug_info    0x0000977e      0x34e C:/Program Files/Microchip/xc32/v5.10/bin/bin/../../lib/gcc/pic32m/13.2.1/../../../../pic32m/lib\libc-musl.a(__fmt_x.o)
 .debug_info    0x00009acc      0x155 C:/Program Files/Microchip/xc32/v5.10/bin/bin/../../lib/gcc/pic32m/13.2.1/../../../../pic32m/lib\libc-musl.a(__pop_int.o)
 .debug_info    0x00009c21      0x165 C:/Program Files/Microchip/xc32/v5.10/bin/bin/../../lib/gcc/pic32m/13.2.1/../../../../pic32m/lib\libc-musl.a(__pop_ptr.o)
 .debug_info    0x00009d86      0xac9 C:/Program Files/Microchip/xc32/v5.10/bin/bin/../../lib/gcc/pic32m/13.2.1/../../../../pic32m/lib\libc-musl.a(__printf_core.o)
 .debug_info    0x0000a84f      0x44e C:/Program Files/Microchip/xc32/v5.10/bin/bin/../../lib/gcc/pic32m/13.2.1/../../../../pic32m/lib\libc-musl.a(stdout.o)
 .debug_info    0x0000ac9d       0xef C:/Program Files/Microchip/xc32/v5.10/bin/bin/../../lib/gcc/pic32m/13.2.1/../../../../pic32m/lib\libc-musl.a(atoi.o)
 .debug_info    0x0000ad8c      0x11e C:/Program Files/Microchip/xc32/v5.10/bin/bin/../../lib/gcc/pic32m/13.2.1/../../../../pic32m/lib\libc-musl.a(tolower.o)
 .debug_info    0x0000aeaa      0x11e C:/Program Files/Microchip/xc32/v5.10/bin/bin/../../lib/gcc/pic32m/13.2.1/../../../../pic32m/lib\libc-musl.a(toupper.o)
 .debug_info    0x0000afc8      0x1ff C:/Program Files/Microchip/xc32/v5.10/bin/bin/../../lib/gcc/pic32m/13.2.1/../../../../pic32m/lib\libc-musl.a(__int_vfprintf.o)
 .debug_info    0x0000b1c7      0x1fa C:/Program Files/Microchip/xc32/v5.10/bin/bin/../../lib/gcc/pic32m/13.2.1/../../../../pic32m/lib\libc-musl.a(__cvt_u.o)
 .debug_info    0x0000b3c1       0xe2 C:/Program Files/Microchip/xc32/v5.10/bin/bin/../../lib/gcc/pic32m/13.2.1/../../../../pic32m/lib\libc-musl.a(__io_init_needed.o)
 .debug_info    0x0000b4a3      0x2fd C:/Program Files/Microchip/xc32/v5.10/bin/bin/../../lib/gcc/pic32m/13.2.1/../../../../pic32m/lib\libc-musl.a(__out.o)
 .debug_info    0x0000b7a0      0x13b C:/Program Files/Microchip/xc32/v5.10/bin/bin/../../lib/gcc/pic32m/13.2.1/../../../../pic32m/lib\libc-musl.a(__pop_float.o)
 .debug_info    0x0000b8db      0x418 C:/Program Files/Microchip/xc32/v5.10/bin/bin/../../lib/gcc/pic32m/13.2.1/../../../../pic32m/lib\libc-musl.a(__stdio_close.o)
 .debug_info    0x0000bcf3       0xbd C:/Program Files/Microchip/xc32/v5.10/bin/bin/../../lib/gcc/pic32m/13.2.1/../../../../pic32m/lib\libc-musl.a(__init_stdio.o)
 .debug_info    0x0000bdb0       0xaf C:/Program Files/Microchip/xc32/v5.10/bin/bin/../../lib/gcc/pic32m/13.2.1/../../../../pic32m/lib\libc-musl.a(__io_file_needed.o)
 .debug_info    0x0000be5f       0xc4 C:/Program Files/Microchip/xc32/v5.10/bin/bin/../../lib/gcc/pic32m/13.2.1/../../../../pic32m/lib\libpic32.a(lseek.o)
 .debug_info    0x0000bf23       0x9d C:/Program Files/Microchip/xc32/v5.10/bin/bin/../../lib/gcc/pic32m/13.2.1/../../../../pic32m/lib\libpic32.a(close.o)
 .debug_info    0x0000bfc0       0x41 C:/Program Files/Microchip/xc32/v5.10/bin/bin/../../lib/gcc/pic32m/13.2.1/../../../../pic32m/lib\libpic32.a(errno.o)
 .debug_info    0x0000c001       0xff C:/Program Files/Microchip/xc32/v5.10/bin/bin/../../lib/gcc/pic32m/13.2.1/../../../../pic32m/lib\libc-size-musl.a(memcpy.o)
 .debug_info    0x0000c100       0xc8 C:/Program Files/Microchip/xc32/v5.10/bin/bin/../../lib/gcc/pic32m/13.2.1/../../../../pic32m/lib\libc-size-musl.a(memset.o)
 .debug_info    0x0000c1c8       0xa4 C:/Program Files/Microchip/xc32/v5.10/bin/bin/../../lib/gcc/pic32m/13.2.1/../../../../pic32m/lib\libc-size-musl.a(strlen.o)
 .debug_info    0x0000c26c      0x6c0 C:/Program Files/Microchip/xc32/v5.10/bin/bin/../../lib/gcc/pic32m/13.2.1\libgcc.a(_udivdi3.o)
 .debug_info    0x0000c92c      0x743 C:/Program Files/Microchip/xc32/v5.10/bin/bin/../../lib/gcc/pic32m/13.2.1\libgcc.a(_umoddi3.o)

.debug_abbrev   0x00000000     0x4181
 *(.debug_abbrev)
 .debug_abbrev  0x00000000      0x1d2 build/default/production/_ext/770565488/TemplateEventChecker.o
 .debug_abbrev  0x000001d2      0x137 build/default/production/_ext/770565488/TemplateHSM.o
 .debug_abbrev  0x00000309      0x234 build/default/production/_ext/770565488/AD.o
 .debug_abbrev  0x0000053d       0xea build/default/production/_ext/770565488/BOARD.o
 .debug_abbrev  0x00000627       0xb7 build/default/production/_ext/770565488/ES_CheckEvents.o
 .debug_abbrev  0x000006de      0x1e0 build/default/production/_ext/770565488/ES_Framework.o
 .debug_abbrev  0x000008be      0x15a build/default/production/_ext/770565488/ES_KeyboardInput.o
 .debug_abbrev  0x00000a18       0x59 build/default/production/_ext/770565488/ES_PostList.o
 .debug_abbrev  0x00000a71      0x113 build/default/production/_ext/770565488/ES_Queue.o
 .debug_abbrev  0x00000b84       0x59 build/default/production/_ext/770565488/ES_TattleTale.o
 .debug_abbrev  0x00000bdd      0x279 build/default/production/_ext/770565488/ES_Timers.o
 .debug_abbrev  0x00000e56      0x202 build/default/production/_ext/770565488/IO_Ports.o
 .debug_abbrev  0x00001058      0x220 build/default/production/_ext/770565488/LED.o
 .debug_abbrev  0x00001278      0x264 build/default/production/_ext/770565488/RC_Servo.o
 .debug_abbrev  0x000014dc      0x1e8 build/default/production/_ext/770565488/pwm.o
 .debug_abbrev  0x000016c4      0x236 build/default/production/_ext/770565488/serial.o
 .debug_abbrev  0x000018fa      0x1b6 build/default/production/_ext/770565488/timers.o
 .debug_abbrev  0x00001ab0      0x16a build/default/production/_ext/770565488/MotorControl.o
 .debug_abbrev  0x00001c1a      0x12b build/default/production/_ext/770565488/NavigationSubHSM.o
 .debug_abbrev  0x00001d45      0x140 build/default/production/_ext/770565488/EdgeRunneSubHSM.o
 .debug_abbrev  0x00001e85      0x104 build/default/production/_ext/770565488/ObstacleSubHSM.o
 .debug_abbrev  0x00001f89      0x104 build/default/production/_ext/770565488/ISZSubHSM.o
 .debug_abbrev  0x0000208d      0x1de build/default/production/_ext/770565488/RobotTest.o
 .debug_abbrev  0x0000226b       0x98 C:/Program Files/Microchip/xc32/v5.10/bin/bin/../../lib/gcc/pic32m/13.2.1\libgcc.a(floatunsisf.o)
 .debug_abbrev  0x00002303       0x7d C:/Program Files/Microchip/xc32/v5.10/bin/bin/../../lib/gcc/pic32m/13.2.1/../../../../pic32m/lib\libpic32.a(default-bootstrap-exception-handler.o)
 .debug_abbrev  0x00002380       0x30 C:/Program Files/Microchip/xc32/v5.10/bin/bin/../../lib/gcc/pic32m/13.2.1/../../../../pic32m/lib\libpic32.a(default-on-reset.o)
 .debug_abbrev  0x000023b0       0x30 C:/Program Files/Microchip/xc32/v5.10/bin/bin/../../lib/gcc/pic32m/13.2.1/../../../../pic32m/lib\libpic32.a(default-on-bootstrap.o)
 .debug_abbrev  0x000023e0       0x7d C:/Program Files/Microchip/xc32/v5.10/bin/bin/../../lib/gcc/pic32m/13.2.1/../../../../pic32m/lib\libpic32.a(default-general-exception-handler.o)
 .debug_abbrev  0x0000245d       0x93 C:/Program Files/Microchip/xc32/v5.10/bin/bin/../../lib/gcc/pic32m/13.2.1/../../../../pic32m/lib\libpic32.a(defaultinterrupt.o)
 .debug_abbrev  0x000024f0      0x154 C:/Program Files/Microchip/xc32/v5.10/bin/bin/../../lib/gcc/pic32m/13.2.1/../../../../pic32m/lib\libc-musl.a(__sio_printf_cdnpsxX.o)
 .debug_abbrev  0x00002644      0x16b C:/Program Files/Microchip/xc32/v5.10/bin/bin/../../lib/gcc/pic32m/13.2.1/../../../../pic32m/lib\libc-musl.a(__fmt_d.o)
 .debug_abbrev  0x000027af      0x15b C:/Program Files/Microchip/xc32/v5.10/bin/bin/../../lib/gcc/pic32m/13.2.1/../../../../pic32m/lib\libc-musl.a(__fmt_s.o)
 .debug_abbrev  0x0000290a      0x15a C:/Program Files/Microchip/xc32/v5.10/bin/bin/../../lib/gcc/pic32m/13.2.1/../../../../pic32m/lib\libc-musl.a(__fmt_x.o)
 .debug_abbrev  0x00002a64       0xd7 C:/Program Files/Microchip/xc32/v5.10/bin/bin/../../lib/gcc/pic32m/13.2.1/../../../../pic32m/lib\libc-musl.a(__pop_int.o)
 .debug_abbrev  0x00002b3b       0xda C:/Program Files/Microchip/xc32/v5.10/bin/bin/../../lib/gcc/pic32m/13.2.1/../../../../pic32m/lib\libc-musl.a(__pop_ptr.o)
 .debug_abbrev  0x00002c15      0x343 C:/Program Files/Microchip/xc32/v5.10/bin/bin/../../lib/gcc/pic32m/13.2.1/../../../../pic32m/lib\libc-musl.a(__printf_core.o)
 .debug_abbrev  0x00002f58      0x1d6 C:/Program Files/Microchip/xc32/v5.10/bin/bin/../../lib/gcc/pic32m/13.2.1/../../../../pic32m/lib\libc-musl.a(stdout.o)
 .debug_abbrev  0x0000312e       0xc4 C:/Program Files/Microchip/xc32/v5.10/bin/bin/../../lib/gcc/pic32m/13.2.1/../../../../pic32m/lib\libc-musl.a(atoi.o)
 .debug_abbrev  0x000031f2       0xf4 C:/Program Files/Microchip/xc32/v5.10/bin/bin/../../lib/gcc/pic32m/13.2.1/../../../../pic32m/lib\libc-musl.a(tolower.o)
 .debug_abbrev  0x000032e6       0xf4 C:/Program Files/Microchip/xc32/v5.10/bin/bin/../../lib/gcc/pic32m/13.2.1/../../../../pic32m/lib\libc-musl.a(toupper.o)
 .debug_abbrev  0x000033da      0x120 C:/Program Files/Microchip/xc32/v5.10/bin/bin/../../lib/gcc/pic32m/13.2.1/../../../../pic32m/lib\libc-musl.a(__int_vfprintf.o)
 .debug_abbrev  0x000034fa       0xfe C:/Program Files/Microchip/xc32/v5.10/bin/bin/../../lib/gcc/pic32m/13.2.1/../../../../pic32m/lib\libc-musl.a(__cvt_u.o)
 .debug_abbrev  0x000035f8       0x9b C:/Program Files/Microchip/xc32/v5.10/bin/bin/../../lib/gcc/pic32m/13.2.1/../../../../pic32m/lib\libc-musl.a(__io_init_needed.o)
 .debug_abbrev  0x00003693      0x19a C:/Program Files/Microchip/xc32/v5.10/bin/bin/../../lib/gcc/pic32m/13.2.1/../../../../pic32m/lib\libc-musl.a(__out.o)
 .debug_abbrev  0x0000382d       0xc6 C:/Program Files/Microchip/xc32/v5.10/bin/bin/../../lib/gcc/pic32m/13.2.1/../../../../pic32m/lib\libc-musl.a(__pop_float.o)
 .debug_abbrev  0x000038f3      0x17c C:/Program Files/Microchip/xc32/v5.10/bin/bin/../../lib/gcc/pic32m/13.2.1/../../../../pic32m/lib\libc-musl.a(__stdio_close.o)
 .debug_abbrev  0x00003a6f       0x71 C:/Program Files/Microchip/xc32/v5.10/bin/bin/../../lib/gcc/pic32m/13.2.1/../../../../pic32m/lib\libc-musl.a(__init_stdio.o)
 .debug_abbrev  0x00003ae0       0x6c C:/Program Files/Microchip/xc32/v5.10/bin/bin/../../lib/gcc/pic32m/13.2.1/../../../../pic32m/lib\libc-musl.a(__io_file_needed.o)
 .debug_abbrev  0x00003b4c       0x7e C:/Program Files/Microchip/xc32/v5.10/bin/bin/../../lib/gcc/pic32m/13.2.1/../../../../pic32m/lib\libpic32.a(lseek.o)
 .debug_abbrev  0x00003bca       0x7c C:/Program Files/Microchip/xc32/v5.10/bin/bin/../../lib/gcc/pic32m/13.2.1/../../../../pic32m/lib\libpic32.a(close.o)
 .debug_abbrev  0x00003c46       0x3d C:/Program Files/Microchip/xc32/v5.10/bin/bin/../../lib/gcc/pic32m/13.2.1/../../../../pic32m/lib\libpic32.a(errno.o)
 .debug_abbrev  0x00003c83       0xaa C:/Program Files/Microchip/xc32/v5.10/bin/bin/../../lib/gcc/pic32m/13.2.1/../../../../pic32m/lib\libc-size-musl.a(memcpy.o)
 .debug_abbrev  0x00003d2d       0x91 C:/Program Files/Microchip/xc32/v5.10/bin/bin/../../lib/gcc/pic32m/13.2.1/../../../../pic32m/lib\libc-size-musl.a(memset.o)
 .debug_abbrev  0x00003dbe       0x91 C:/Program Files/Microchip/xc32/v5.10/bin/bin/../../lib/gcc/pic32m/13.2.1/../../../../pic32m/lib\libc-size-musl.a(strlen.o)
 .debug_abbrev  0x00003e4f      0x198 C:/Program Files/Microchip/xc32/v5.10/bin/bin/../../lib/gcc/pic32m/13.2.1\libgcc.a(_udivdi3.o)
 .debug_abbrev  0x00003fe7      0x19a C:/Program Files/Microchip/xc32/v5.10/bin/bin/../../lib/gcc/pic32m/13.2.1\libgcc.a(_umoddi3.o)

.debug_line     0x00000000     0x6b4d
 *(.debug_line)
 .debug_line    0x00000000      0x293 build/default/production/_ext/770565488/TemplateEventChecker.o
 .debug_line    0x00000293      0x239 build/default/production/_ext/770565488/TemplateHSM.o
 .debug_line    0x000004cc      0x420 build/default/production/_ext/770565488/AD.o
 .debug_line    0x000008ec      0x16c build/default/production/_ext/770565488/BOARD.o
 .debug_line    0x00000a58      0x11c build/default/production/_ext/770565488/ES_CheckEvents.o
 .debug_line    0x00000b74      0x264 build/default/production/_ext/770565488/ES_Framework.o
 .debug_line    0x00000dd8      0x120 build/default/production/_ext/770565488/ES_KeyboardInput.o
 .debug_line    0x00000ef8       0x67 build/default/production/_ext/770565488/ES_PostList.o
 .debug_line    0x00000f5f      0x17c build/default/production/_ext/770565488/ES_Queue.o
 .debug_line    0x000010db       0x69 build/default/production/_ext/770565488/ES_TattleTale.o
 .debug_line    0x00001144      0x2be build/default/production/_ext/770565488/ES_Timers.o
 .debug_line    0x00001402      0x370 build/default/production/_ext/770565488/IO_Ports.o
 .debug_line    0x00001772      0x54f build/default/production/_ext/770565488/LED.o
 .debug_line    0x00001cc1      0x45f build/default/production/_ext/770565488/RC_Servo.o
 .debug_line    0x00002120      0x32b build/default/production/_ext/770565488/pwm.o
 .debug_line    0x0000244b      0x30d build/default/production/_ext/770565488/serial.o
 .debug_line    0x00002758      0x272 build/default/production/_ext/770565488/timers.o
 .debug_line    0x000029ca      0x22c build/default/production/_ext/770565488/MotorControl.o
 .debug_line    0x00002bf6      0x1e8 build/default/production/_ext/770565488/NavigationSubHSM.o
 .debug_line    0x00002dde      0x1d2 build/default/production/_ext/770565488/EdgeRunneSubHSM.o
 .debug_line    0x00002fb0      0x13c build/default/production/_ext/770565488/ObstacleSubHSM.o
 .debug_line    0x000030ec      0x135 build/default/production/_ext/770565488/ISZSubHSM.o
 .debug_line    0x00003221      0x41a build/default/production/_ext/770565488/RobotTest.o
 .debug_line    0x0000363b       0xa6 C:/Program Files/Microchip/xc32/v5.10/bin/bin/../../lib/gcc/pic32m/13.2.1\libgcc.a(floatunsisf.o)
 .debug_line    0x000036e1       0xe2 C:/Program Files/Microchip/xc32/v5.10/bin/bin/../../lib/gcc/pic32m/13.2.1/../../../../pic32m/lib\libpic32.a(default-bootstrap-exception-handler.o)
 .debug_line    0x000037c3       0xa5 C:/Program Files/Microchip/xc32/v5.10/bin/bin/../../lib/gcc/pic32m/13.2.1/../../../../pic32m/lib\libpic32.a(default-on-reset.o)
 .debug_line    0x00003868       0xa9 C:/Program Files/Microchip/xc32/v5.10/bin/bin/../../lib/gcc/pic32m/13.2.1/../../../../pic32m/lib\libpic32.a(default-on-bootstrap.o)
 .debug_line    0x00003911       0xe0 C:/Program Files/Microchip/xc32/v5.10/bin/bin/../../lib/gcc/pic32m/13.2.1/../../../../pic32m/lib\libpic32.a(default-general-exception-handler.o)
 .debug_line    0x000039f1       0xd3 C:/Program Files/Microchip/xc32/v5.10/bin/bin/../../lib/gcc/pic32m/13.2.1/../../../../pic32m/lib\libpic32.a(defaultinterrupt.o)
 .debug_line    0x00003ac4      0x211 C:/Program Files/Microchip/xc32/v5.10/bin/bin/../../lib/gcc/pic32m/13.2.1/../../../../pic32m/lib\libc-musl.a(__sio_printf_cdnpsxX.o)
 .debug_line    0x00003cd5      0x20d C:/Program Files/Microchip/xc32/v5.10/bin/bin/../../lib/gcc/pic32m/13.2.1/../../../../pic32m/lib\libc-musl.a(__fmt_d.o)
 .debug_line    0x00003ee2      0x1a3 C:/Program Files/Microchip/xc32/v5.10/bin/bin/../../lib/gcc/pic32m/13.2.1/../../../../pic32m/lib\libc-musl.a(__fmt_s.o)
 .debug_line    0x00004085      0x2d7 C:/Program Files/Microchip/xc32/v5.10/bin/bin/../../lib/gcc/pic32m/13.2.1/../../../../pic32m/lib\libc-musl.a(__fmt_x.o)
 .debug_line    0x0000435c      0x1d3 C:/Program Files/Microchip/xc32/v5.10/bin/bin/../../lib/gcc/pic32m/13.2.1/../../../../pic32m/lib\libc-musl.a(__pop_int.o)
 .debug_line    0x0000452f      0x1a0 C:/Program Files/Microchip/xc32/v5.10/bin/bin/../../lib/gcc/pic32m/13.2.1/../../../../pic32m/lib\libc-musl.a(__pop_ptr.o)
 .debug_line    0x000046cf      0x6cd C:/Program Files/Microchip/xc32/v5.10/bin/bin/../../lib/gcc/pic32m/13.2.1/../../../../pic32m/lib\libc-musl.a(__printf_core.o)
 .debug_line    0x00004d9c      0x1e2 C:/Program Files/Microchip/xc32/v5.10/bin/bin/../../lib/gcc/pic32m/13.2.1/../../../../pic32m/lib\libc-musl.a(stdout.o)
 .debug_line    0x00004f7e      0x164 C:/Program Files/Microchip/xc32/v5.10/bin/bin/../../lib/gcc/pic32m/13.2.1/../../../../pic32m/lib\libc-musl.a(atoi.o)
 .debug_line    0x000050e2      0x156 C:/Program Files/Microchip/xc32/v5.10/bin/bin/../../lib/gcc/pic32m/13.2.1/../../../../pic32m/lib\libc-musl.a(tolower.o)
 .debug_line    0x00005238      0x156 C:/Program Files/Microchip/xc32/v5.10/bin/bin/../../lib/gcc/pic32m/13.2.1/../../../../pic32m/lib\libc-musl.a(toupper.o)
 .debug_line    0x0000538e      0x164 C:/Program Files/Microchip/xc32/v5.10/bin/bin/../../lib/gcc/pic32m/13.2.1/../../../../pic32m/lib\libc-musl.a(__int_vfprintf.o)
 .debug_line    0x000054f2      0x1e5 C:/Program Files/Microchip/xc32/v5.10/bin/bin/../../lib/gcc/pic32m/13.2.1/../../../../pic32m/lib\libc-musl.a(__cvt_u.o)
 .debug_line    0x000056d7      0x10e C:/Program Files/Microchip/xc32/v5.10/bin/bin/../../lib/gcc/pic32m/13.2.1/../../../../pic32m/lib\libc-musl.a(__io_init_needed.o)
 .debug_line    0x000057e5      0x1d2 C:/Program Files/Microchip/xc32/v5.10/bin/bin/../../lib/gcc/pic32m/13.2.1/../../../../pic32m/lib\libc-musl.a(__out.o)
 .debug_line    0x000059b7      0x158 C:/Program Files/Microchip/xc32/v5.10/bin/bin/../../lib/gcc/pic32m/13.2.1/../../../../pic32m/lib\libc-musl.a(__pop_float.o)
 .debug_line    0x00005b0f      0x2a0 C:/Program Files/Microchip/xc32/v5.10/bin/bin/../../lib/gcc/pic32m/13.2.1/../../../../pic32m/lib\libc-musl.a(__stdio_close.o)
 .debug_line    0x00005daf       0xcb C:/Program Files/Microchip/xc32/v5.10/bin/bin/../../lib/gcc/pic32m/13.2.1/../../../../pic32m/lib\libc-musl.a(__init_stdio.o)
 .debug_line    0x00005e7a       0x9a C:/Program Files/Microchip/xc32/v5.10/bin/bin/../../lib/gcc/pic32m/13.2.1/../../../../pic32m/lib\libc-musl.a(__io_file_needed.o)
 .debug_line    0x00005f14       0x9e C:/Program Files/Microchip/xc32/v5.10/bin/bin/../../lib/gcc/pic32m/13.2.1/../../../../pic32m/lib\libpic32.a(lseek.o)
 .debug_line    0x00005fb2       0x9e C:/Program Files/Microchip/xc32/v5.10/bin/bin/../../lib/gcc/pic32m/13.2.1/../../../../pic32m/lib\libpic32.a(close.o)
 .debug_line    0x00006050       0xf8 C:/Program Files/Microchip/xc32/v5.10/bin/bin/../../lib/gcc/pic32m/13.2.1/../../../../pic32m/lib\libpic32.a(errno.o)
 .debug_line    0x00006148      0x16d C:/Program Files/Microchip/xc32/v5.10/bin/bin/../../lib/gcc/pic32m/13.2.1/../../../../pic32m/lib\libc-size-musl.a(memcpy.o)
 .debug_line    0x000062b5      0x164 C:/Program Files/Microchip/xc32/v5.10/bin/bin/../../lib/gcc/pic32m/13.2.1/../../../../pic32m/lib\libc-size-musl.a(memset.o)
 .debug_line    0x00006419      0x15f C:/Program Files/Microchip/xc32/v5.10/bin/bin/../../lib/gcc/pic32m/13.2.1/../../../../pic32m/lib\libc-size-musl.a(strlen.o)
 .debug_line    0x00006578      0x2c6 C:/Program Files/Microchip/xc32/v5.10/bin/bin/../../lib/gcc/pic32m/13.2.1\libgcc.a(_udivdi3.o)
 .debug_line    0x0000683e      0x30f C:/Program Files/Microchip/xc32/v5.10/bin/bin/../../lib/gcc/pic32m/13.2.1\libgcc.a(_umoddi3.o)

.debug_frame    0x00000000     0x1a3c
 *(.debug_frame)
 .debug_frame   0x00000000       0xa0 build/default/production/_ext/770565488/TemplateEventChecker.o
 .debug_frame   0x000000a0       0x7c build/default/production/_ext/770565488/TemplateHSM.o
 .debug_frame   0x0000011c      0x180 build/default/production/_ext/770565488/AD.o
 .debug_frame   0x0000029c       0x74 build/default/production/_ext/770565488/BOARD.o
 .debug_frame   0x00000310       0x34 build/default/production/_ext/770565488/ES_CheckEvents.o
 .debug_frame   0x00000344       0xc0 build/default/production/_ext/770565488/ES_Framework.o
 .debug_frame   0x00000404       0x98 build/default/production/_ext/770565488/ES_KeyboardInput.o
 .debug_frame   0x0000049c       0x90 build/default/production/_ext/770565488/ES_Queue.o
 .debug_frame   0x0000052c      0x13c build/default/production/_ext/770565488/ES_Timers.o
 .debug_frame   0x00000668      0x200 build/default/production/_ext/770565488/IO_Ports.o
 .debug_frame   0x00000868      0x170 build/default/production/_ext/770565488/LED.o
 .debug_frame   0x000009d8      0x1e8 build/default/production/_ext/770565488/RC_Servo.o
 .debug_frame   0x00000bc0      0x148 build/default/production/_ext/770565488/pwm.o
 .debug_frame   0x00000d08      0x1c8 build/default/production/_ext/770565488/serial.o
 .debug_frame   0x00000ed0      0x170 build/default/production/_ext/770565488/timers.o
 .debug_frame   0x00001040      0x130 build/default/production/_ext/770565488/MotorControl.o
 .debug_frame   0x00001170       0x58 build/default/production/_ext/770565488/NavigationSubHSM.o
 .debug_frame   0x000011c8       0x58 build/default/production/_ext/770565488/EdgeRunneSubHSM.o
 .debug_frame   0x00001220       0x58 build/default/production/_ext/770565488/ObstacleSubHSM.o
 .debug_frame   0x00001278       0x58 build/default/production/_ext/770565488/ISZSubHSM.o
 .debug_frame   0x000012d0      0x124 build/default/production/_ext/770565488/RobotTest.o
 .debug_frame   0x000013f4       0x2c C:/Program Files/Microchip/xc32/v5.10/bin/bin/../../lib/gcc/pic32m/13.2.1\libgcc.a(floatunsisf.o)
 .debug_frame   0x00001420       0x2c C:/Program Files/Microchip/xc32/v5.10/bin/bin/../../lib/gcc/pic32m/13.2.1/../../../../pic32m/lib\libpic32.a(default-bootstrap-exception-handler.o)
 .debug_frame   0x0000144c       0x20 C:/Program Files/Microchip/xc32/v5.10/bin/bin/../../lib/gcc/pic32m/13.2.1/../../../../pic32m/lib\libpic32.a(default-on-reset.o)
 .debug_frame   0x0000146c       0x20 C:/Program Files/Microchip/xc32/v5.10/bin/bin/../../lib/gcc/pic32m/13.2.1/../../../../pic32m/lib\libpic32.a(default-on-bootstrap.o)
 .debug_frame   0x0000148c       0x2c C:/Program Files/Microchip/xc32/v5.10/bin/bin/../../lib/gcc/pic32m/13.2.1/../../../../pic32m/lib\libpic32.a(default-general-exception-handler.o)
 .debug_frame   0x000014b8       0x20 C:/Program Files/Microchip/xc32/v5.10/bin/bin/../../lib/gcc/pic32m/13.2.1/../../../../pic32m/lib\libpic32.a(defaultinterrupt.o)
 .debug_frame   0x000014d8       0x48 C:/Program Files/Microchip/xc32/v5.10/bin/bin/../../lib/gcc/pic32m/13.2.1/../../../../pic32m/lib\libc-musl.a(__sio_printf_cdnpsxX.o)
 .debug_frame   0x00001520       0x38 C:/Program Files/Microchip/xc32/v5.10/bin/bin/../../lib/gcc/pic32m/13.2.1/../../../../pic32m/lib\libc-musl.a(__fmt_d.o)
 .debug_frame   0x00001558       0x38 C:/Program Files/Microchip/xc32/v5.10/bin/bin/../../lib/gcc/pic32m/13.2.1/../../../../pic32m/lib\libc-musl.a(__fmt_s.o)
 .debug_frame   0x00001590       0x44 C:/Program Files/Microchip/xc32/v5.10/bin/bin/../../lib/gcc/pic32m/13.2.1/../../../../pic32m/lib\libc-musl.a(__fmt_x.o)
 .debug_frame   0x000015d4       0x20 C:/Program Files/Microchip/xc32/v5.10/bin/bin/../../lib/gcc/pic32m/13.2.1/../../../../pic32m/lib\libc-musl.a(__pop_int.o)
 .debug_frame   0x000015f4       0x20 C:/Program Files/Microchip/xc32/v5.10/bin/bin/../../lib/gcc/pic32m/13.2.1/../../../../pic32m/lib\libc-musl.a(__pop_ptr.o)
 .debug_frame   0x00001614       0xc8 C:/Program Files/Microchip/xc32/v5.10/bin/bin/../../lib/gcc/pic32m/13.2.1/../../../../pic32m/lib\libc-musl.a(__printf_core.o)
 .debug_frame   0x000016dc       0x40 C:/Program Files/Microchip/xc32/v5.10/bin/bin/../../lib/gcc/pic32m/13.2.1/../../../../pic32m/lib\libc-musl.a(stdout.o)
 .debug_frame   0x0000171c       0x20 C:/Program Files/Microchip/xc32/v5.10/bin/bin/../../lib/gcc/pic32m/13.2.1/../../../../pic32m/lib\libc-musl.a(atoi.o)
 .debug_frame   0x0000173c       0x30 C:/Program Files/Microchip/xc32/v5.10/bin/bin/../../lib/gcc/pic32m/13.2.1/../../../../pic32m/lib\libc-musl.a(tolower.o)
 .debug_frame   0x0000176c       0x30 C:/Program Files/Microchip/xc32/v5.10/bin/bin/../../lib/gcc/pic32m/13.2.1/../../../../pic32m/lib\libc-musl.a(toupper.o)
 .debug_frame   0x0000179c       0x2c C:/Program Files/Microchip/xc32/v5.10/bin/bin/../../lib/gcc/pic32m/13.2.1/../../../../pic32m/lib\libc-musl.a(__int_vfprintf.o)
 .debug_frame   0x000017c8       0x40 C:/Program Files/Microchip/xc32/v5.10/bin/bin/../../lib/gcc/pic32m/13.2.1/../../../../pic32m/lib\libc-musl.a(__cvt_u.o)
 .debug_frame   0x00001808       0x30 C:/Program Files/Microchip/xc32/v5.10/bin/bin/../../lib/gcc/pic32m/13.2.1/../../../../pic32m/lib\libc-musl.a(__io_init_needed.o)
 .debug_frame   0x00001838       0x44 C:/Program Files/Microchip/xc32/v5.10/bin/bin/../../lib/gcc/pic32m/13.2.1/../../../../pic32m/lib\libc-musl.a(__out.o)
 .debug_frame   0x0000187c       0x20 C:/Program Files/Microchip/xc32/v5.10/bin/bin/../../lib/gcc/pic32m/13.2.1/../../../../pic32m/lib\libc-musl.a(__pop_float.o)
 .debug_frame   0x0000189c       0x64 C:/Program Files/Microchip/xc32/v5.10/bin/bin/../../lib/gcc/pic32m/13.2.1/../../../../pic32m/lib\libc-musl.a(__stdio_close.o)
 .debug_frame   0x00001900       0x3c C:/Program Files/Microchip/xc32/v5.10/bin/bin/../../lib/gcc/pic32m/13.2.1/../../../../pic32m/lib\libc-musl.a(__init_stdio.o)
 .debug_frame   0x0000193c       0x20 C:/Program Files/Microchip/xc32/v5.10/bin/bin/../../lib/gcc/pic32m/13.2.1/../../../../pic32m/lib\libc-musl.a(__io_file_needed.o)
 .debug_frame   0x0000195c       0x20 C:/Program Files/Microchip/xc32/v5.10/bin/bin/../../lib/gcc/pic32m/13.2.1/../../../../pic32m/lib\libpic32.a(lseek.o)
 .debug_frame   0x0000197c       0x20 C:/Program Files/Microchip/xc32/v5.10/bin/bin/../../lib/gcc/pic32m/13.2.1/../../../../pic32m/lib\libpic32.a(close.o)
 .debug_frame   0x0000199c       0x20 C:/Program Files/Microchip/xc32/v5.10/bin/bin/../../lib/gcc/pic32m/13.2.1/../../../../pic32m/lib\libc-size-musl.a(memcpy.o)
 .debug_frame   0x000019bc       0x20 C:/Program Files/Microchip/xc32/v5.10/bin/bin/../../lib/gcc/pic32m/13.2.1/../../../../pic32m/lib\libc-size-musl.a(memset.o)
 .debug_frame   0x000019dc       0x20 C:/Program Files/Microchip/xc32/v5.10/bin/bin/../../lib/gcc/pic32m/13.2.1/../../../../pic32m/lib\libc-size-musl.a(strlen.o)
 .debug_frame   0x000019fc       0x20 C:/Program Files/Microchip/xc32/v5.10/bin/bin/../../lib/gcc/pic32m/13.2.1\libgcc.a(_udivdi3.o)
 .debug_frame   0x00001a1c       0x20 C:/Program Files/Microchip/xc32/v5.10/bin/bin/../../lib/gcc/pic32m/13.2.1\libgcc.a(_umoddi3.o)

.debug_str      0x00000000     0x4230
 *(.debug_str)
 .debug_str     0x00000000     0x4230 build/default/production/_ext/770565488/TemplateEventChecker.o
                                0x589 (size before relaxing)
 .debug_str     0x00004230      0x5f6 build/default/production/_ext/770565488/TemplateHSM.o
 .debug_str     0x00004230      0x7ca build/default/production/_ext/770565488/AD.o
 .debug_str     0x00004230      0x376 build/default/production/_ext/770565488/BOARD.o
 .debug_str     0x00004230      0x33c build/default/production/_ext/770565488/ES_CheckEvents.o
 .debug_str     0x00004230      0x671 build/default/production/_ext/770565488/ES_Framework.o
 .debug_str     0x00004230      0x4f0 build/default/production/_ext/770565488/ES_KeyboardInput.o
 .debug_str     0x00004230      0x2d4 build/default/production/_ext/770565488/ES_PostList.o
 .debug_str     0x00004230      0x4fb build/default/production/_ext/770565488/ES_Queue.o
 .debug_str     0x00004230      0x2f1 build/default/production/_ext/770565488/ES_TattleTale.o
 .debug_str     0x00004230      0x82c build/default/production/_ext/770565488/ES_Timers.o
 .debug_str     0x00004230      0x66b build/default/production/_ext/770565488/IO_Ports.o
 .debug_str     0x00004230      0x633 build/default/production/_ext/770565488/LED.o
 .debug_str     0x00004230      0x77b build/default/production/_ext/770565488/RC_Servo.o
 .debug_str     0x00004230      0x4d7 build/default/production/_ext/770565488/pwm.o
 .debug_str     0x00004230      0x7c2 build/default/production/_ext/770565488/serial.o
 .debug_str     0x00004230      0x66c build/default/production/_ext/770565488/timers.o
 .debug_str     0x00004230      0x578 build/default/production/_ext/770565488/MotorControl.o
 .debug_str     0x00004230      0x613 build/default/production/_ext/770565488/NavigationSubHSM.o
 .debug_str     0x00004230      0x5f5 build/default/production/_ext/770565488/EdgeRunneSubHSM.o
 .debug_str     0x00004230      0x502 build/default/production/_ext/770565488/ObstacleSubHSM.o
 .debug_str     0x00004230      0x4f3 build/default/production/_ext/770565488/ISZSubHSM.o
 .debug_str     0x00004230      0x4f1 build/default/production/_ext/770565488/RobotTest.o
 .debug_str     0x00004230      0x26b C:/Program Files/Microchip/xc32/v5.10/bin/bin/../../lib/gcc/pic32m/13.2.1\libgcc.a(floatunsisf.o)
 .debug_str     0x00004230      0x318 C:/Program Files/Microchip/xc32/v5.10/bin/bin/../../lib/gcc/pic32m/13.2.1/../../../../pic32m/lib\libpic32.a(default-bootstrap-exception-handler.o)
 .debug_str     0x00004230      0x2b7 C:/Program Files/Microchip/xc32/v5.10/bin/bin/../../lib/gcc/pic32m/13.2.1/../../../../pic32m/lib\libpic32.a(default-on-reset.o)
 .debug_str     0x00004230      0x2bf C:/Program Files/Microchip/xc32/v5.10/bin/bin/../../lib/gcc/pic32m/13.2.1/../../../../pic32m/lib\libpic32.a(default-on-bootstrap.o)
 .debug_str     0x00004230      0x314 C:/Program Files/Microchip/xc32/v5.10/bin/bin/../../lib/gcc/pic32m/13.2.1/../../../../pic32m/lib\libpic32.a(default-general-exception-handler.o)
 .debug_str     0x00004230      0x349 C:/Program Files/Microchip/xc32/v5.10/bin/bin/../../lib/gcc/pic32m/13.2.1/../../../../pic32m/lib\libpic32.a(defaultinterrupt.o)
 .debug_str     0x00004230      0x362 C:/Program Files/Microchip/xc32/v5.10/bin/bin/../../lib/gcc/pic32m/13.2.1/../../../../pic32m/lib\libc-musl.a(__sio_printf_cdnpsxX.o)
 .debug_str     0x00004230      0x31d C:/Program Files/Microchip/xc32/v5.10/bin/bin/../../lib/gcc/pic32m/13.2.1/../../../../pic32m/lib\libc-musl.a(__fmt_d.o)
 .debug_str     0x00004230      0x309 C:/Program Files/Microchip/xc32/v5.10/bin/bin/../../lib/gcc/pic32m/13.2.1/../../../../pic32m/lib\libc-musl.a(__fmt_s.o)
 .debug_str     0x00004230      0x31d C:/Program Files/Microchip/xc32/v5.10/bin/bin/../../lib/gcc/pic32m/13.2.1/../../../../pic32m/lib\libc-musl.a(__fmt_x.o)
 .debug_str     0x00004230      0x2f6 C:/Program Files/Microchip/xc32/v5.10/bin/bin/../../lib/gcc/pic32m/13.2.1/../../../../pic32m/lib\libc-musl.a(__pop_int.o)
 .debug_str     0x00004230      0x2f8 C:/Program Files/Microchip/xc32/v5.10/bin/bin/../../lib/gcc/pic32m/13.2.1/../../../../pic32m/lib\libc-musl.a(__pop_ptr.o)
 .debug_str     0x00004230      0x40c C:/Program Files/Microchip/xc32/v5.10/bin/bin/../../lib/gcc/pic32m/13.2.1/../../../../pic32m/lib\libc-musl.a(__printf_core.o)
 .debug_str     0x00004230      0x3ec C:/Program Files/Microchip/xc32/v5.10/bin/bin/../../lib/gcc/pic32m/13.2.1/../../../../pic32m/lib\libc-musl.a(stdout.o)
 .debug_str     0x00004230      0x256 C:/Program Files/Microchip/xc32/v5.10/bin/bin/../../lib/gcc/pic32m/13.2.1/../../../../pic32m/lib\libc-musl.a(atoi.o)