
Optional file libmchp_peripheral.a not found

Optional file libmchp_peripheral_32MX320F128H.a not found
Archive member included to satisfy reference by file (symbol)

C:/Program Files/Microchip/xc32/v5.10/bin/bin/../../lib/gcc/pic32m/13.2.1\libgcc.a(floatunsisf.o)
                              build/default/production/_ext/1347132459/AD.o (__floatunsisf)
C:/Program Files/Microchip/xc32/v5.10/bin/bin/../../lib/gcc/pic32m/13.2.1/../../../../pic32m/lib\libpic32.a(default-bootstrap-exception-handler.o)
                              C:\Users\joshu\AppData\Local\Temp\ccoASBMG.o (_bootstrap_exception_handler)
C:/Program Files/Microchip/xc32/v5.10/bin/bin/../../lib/gcc/pic32m/13.2.1/../../../../pic32m/lib\libpic32.a(default-on-reset.o)
                              C:\Users\joshu\AppData\Local\Temp\ccoASBMG.o (_on_reset)
C:/Program Files/Microchip/xc32/v5.10/bin/bin/../../lib/gcc/pic32m/13.2.1/../../../../pic32m/lib\libpic32.a(default-on-bootstrap.o)
                              C:\Users\joshu\AppData\Local\Temp\ccoASBMG.o (_on_bootstrap)
C:/Program Files/Microchip/xc32/v5.10/bin/bin/../../lib/gcc/pic32m/13.2.1/../../../../pic32m/lib\libpic32.a(default-nmi-handler.o)
                              C:\Users\joshu\AppData\Local\Temp\ccoASBMG.o (_nmi_handler)
C:/Program Files/Microchip/xc32/v5.10/bin/bin/../../lib/gcc/pic32m/13.2.1/../../../../pic32m/lib\libpic32.a(pic32_data_init_core.o)
                              C:\Users\joshu\AppData\Local\Temp\ccoASBMG.o (__pic32_data_init)
C:/Program Files/Microchip/xc32/v5.10/bin/bin/../../lib/gcc/pic32m/13.2.1/../../../../pic32m/lib\libpic32.a(general-exception.o)
                              C:\Users\joshu\AppData\Local\Temp\ccoASBMG.o (_general_exception_context)
C:/Program Files/Microchip/xc32/v5.10/bin/bin/../../lib/gcc/pic32m/13.2.1/../../../../pic32m/lib\libpic32.a(vector0.o)
                              C:\Users\joshu\AppData\Local\Temp\cckzBUHA.o (__vector_dispatch_0)
C:/Program Files/Microchip/xc32/v5.10/bin/bin/../../lib/gcc/pic32m/13.2.1/../../../../pic32m/lib\libpic32.a(vector1.o)
                              C:\Users\joshu\AppData\Local\Temp\cckzBUHA.o (__vector_dispatch_1)
C:/Program Files/Microchip/xc32/v5.10/bin/bin/../../lib/gcc/pic32m/13.2.1/../../../../pic32m/lib\libpic32.a(vector2.o)
                              C:\Users\joshu\AppData\Local\Temp\cckzBUHA.o (__vector_dispatch_2)
C:/Program Files/Microchip/xc32/v5.10/bin/bin/../../lib/gcc/pic32m/13.2.1/../../../../pic32m/lib\libpic32.a(vector3.o)
                              C:\Users\joshu\AppData\Local\Temp\cckzBUHA.o (__vector_dispatch_3)
C:/Program Files/Microchip/xc32/v5.10/bin/bin/../../lib/gcc/pic32m/13.2.1/../../../../pic32m/lib\libpic32.a(vector4.o)
                              C:\Users\joshu\AppData\Local\Temp\cckzBUHA.o (__vector_dispatch_4)
C:/Program Files/Microchip/xc32/v5.10/bin/bin/../../lib/gcc/pic32m/13.2.1/../../../../pic32m/lib\libpic32.a(vector5.o)
                              C:\Users\joshu\AppData\Local\Temp\cckzBUHA.o (__vector_dispatch_5)
C:/Program Files/Microchip/xc32/v5.10/bin/bin/../../lib/gcc/pic32m/13.2.1/../../../../pic32m/lib\libpic32.a(vector6.o)
                              C:\Users\joshu\AppData\Local\Temp\cckzBUHA.o (__vector_dispatch_6)
C:/Program Files/Microchip/xc32/v5.10/bin/bin/../../lib/gcc/pic32m/13.2.1/../../../../pic32m/lib\libpic32.a(vector7.o)
                              C:\Users\joshu\AppData\Local\Temp\cckzBUHA.o (__vector_dispatch_7)
C:/Program Files/Microchip/xc32/v5.10/bin/bin/../../lib/gcc/pic32m/13.2.1/../../../../pic32m/lib\libpic32.a(vector8.o)
                              C:\Users\joshu\AppData\Local\Temp\cckzBUHA.o (__vector_dispatch_8)
C:/Program Files/Microchip/xc32/v5.10/bin/bin/../../lib/gcc/pic32m/13.2.1/../../../../pic32m/lib\libpic32.a(vector9.o)
                              C:\Users\joshu\AppData\Local\Temp\cckzBUHA.o (__vector_dispatch_9)
C:/Program Files/Microchip/xc32/v5.10/bin/bin/../../lib/gcc/pic32m/13.2.1/../../../../pic32m/lib\libpic32.a(vector10.o)
                              C:\Users\joshu\AppData\Local\Temp\cckzBUHA.o (__vector_dispatch_10)
C:/Program Files/Microchip/xc32/v5.10/bin/bin/../../lib/gcc/pic32m/13.2.1/../../../../pic32m/lib\libpic32.a(vector11.o)
                              C:\Users\joshu\AppData\Local\Temp\cckzBUHA.o (__vector_dispatch_11)
C:/Program Files/Microchip/xc32/v5.10/bin/bin/../../lib/gcc/pic32m/13.2.1/../../../../pic32m/lib\libpic32.a(vector12.o)
                              C:\Users\joshu\AppData\Local\Temp\cckzBUHA.o (__vector_dispatch_12)
C:/Program Files/Microchip/xc32/v5.10/bin/bin/../../lib/gcc/pic32m/13.2.1/../../../../pic32m/lib\libpic32.a(vector13.o)
                              C:\Users\joshu\AppData\Local\Temp\cckzBUHA.o (__vector_dispatch_13)
C:/Program Files/Microchip/xc32/v5.10/bin/bin/../../lib/gcc/pic32m/13.2.1/../../../../pic32m/lib\libpic32.a(vector14.o)
                              C:\Users\joshu\AppData\Local\Temp\cckzBUHA.o (__vector_dispatch_14)
[...]
Memory Configuration

Name             Origin             Length             Attributes
kseg0_program_mem 0x9d002000         0x0001d000         xr
kseg0_boot_mem   0x9d000490         0x00000970
exception_mem    0x9d001000         0x00001000
kseg1_boot_mem   0xbd000000         0x00000490
debug_exec_mem   0xbfc02000         0x00000ff0
config3          0xbfc02ff0         0x00000004
config2          0xbfc02ff4         0x00000004
config1          0xbfc02ff8         0x00000004
config0          0xbfc02ffc         0x00000004
kseg1_data_mem   0xa0000000         0x00004000         w!x
sfrs             0xbf800000         0x00100000
configsfrs       0xbfc02ff0         0x00000010
*default*        0x00000000         0xffffffff

Linker script and memory map

LOAD build/default/production/_ext/1347132459/AD.o
LOAD build/default/production/_ext/1347132459/BOARD.o
LOAD build/default/production/_ext/1347132459/LED.o
LOAD build/default/production/_ext/1347132459/serial.o
LOAD build/default/production/_ext/1347132459/timers.o
LOAD build/default/production/_ext/1347132459/RC_Servo.o
LOAD build/default/production/newmain.o
                0x00000001                        __MPLAB_BUILD = 0x1
                0x00000400                        PROVIDE (_min_stack_size = 0x400)
START GROUP
LOAD libmchp_peripheral.a
END GROUP
START GROUP
LOAD libmchp_peripheral_32MX320F128H.a
END GROUP
                0x00000001                        PROVIDE (_vector_spacing = 0x1)
                0x9d001000                        _ebase_address = 0x9d001000
                0xbd000000                        _RESET_ADDR = 0xbd000000
                0xbd000380                        _BEV_EXCPT_ADDR = 0xbd000380
                0xbd000480                        _DBG_EXCPT_ADDR = 0xbd000480
                0xbfc02000                        _DBG_CODE_ADDR = 0xbfc02000
                0x00000ff0                        _DBG_CODE_SIZE = 0xff0
                0x9d001180                        _GEN_EXCPT_ADDR = (_ebase_address + 0x180)

.config_BFC02FF0
 *(.config_BFC02FF0)

.config_BFC02FF4
 *(.config_BFC02FF4)

.config_BFC02FF8
 *(.config_BFC02FF8)

.config_BFC02FFC
 *(.config_BFC02FFC)
                [!provide]                        PROVIDE (_DBG_CODE_ADDR = 0xbfc02000)
                [!provide]                        PROVIDE (_DBG_CODE_SIZE = 0xff0)

.reset          0xbd000000      0x170
 *(.reset)
 .reset         0xbd000000        0x8 C:\Users\joshu\AppData\Local\Temp\ccoASBMG.o
                0xbd000000                _reset
 *(.reset.startup)
 .reset.startup
                0xbd000008      0x168 C:\Users\joshu\AppData\Local\Temp\ccoASBMG.o
                0xbd000008                _startup

.bev_excpt      0xbd000380       0x10
 *(.bev_handler)
 .bev_handler   0xbd000380       0x10 C:\Users\joshu\AppData\Local\Temp\ccoASBMG.o

.dbg_excpt      0xbd000480        0x0
                0xbd000480                        . = (. + DEFINED (_DEBUGGER)?0x8:0x0)

.dbg_code       0xbfc02000        0x0
                0xbfc02000                        . = (. + DEFINED (_DEBUGGER)?_DBG_CODE_SIZE:0x0)

.app_excpt      0x9d001180       0x10
 *(.gen_handler)
 .gen_handler   0x9d001180       0x10 C:\Users\joshu\AppData\Local\Temp\ccoASBMG.o

.vector_0       0x9d001200        0x8
 *(.vector_0)
 .vector_0      0x9d001200        0x8 C:/Program Files/Microchip/xc32/v5.10/bin/bin/../../lib/gcc/pic32m/13.2.1/../../../../pic32m/lib\libpic32.a(vector0.o)
                0x9d001200                __vector_dispatch_0
                0x00000001                        ASSERT (((_vector_spacing == 0x0) || (SIZEOF (.vector_0) <= (_vector_spacing << 0x5))), function at exception vector 0 too large)

.vector_1       0x9d001220        0x8
 *(.vector_1)
 .vector_1      0x9d001220        0x8 C:/Program Files/Microchip/xc32/v5.10/bin/bin/../../lib/gcc/pic32m/13.2.1/../../../../pic32m/lib\libpic32.a(vector1.o)
                0x9d001220                __vector_dispatch_1
                0x00000001                        ASSERT (((_vector_spacing == 0x0) || (SIZEOF (.vector_1) <= (_vector_spacing << 0x5))), function at exception vector 1 too large)

.vector_2       0x9d001240        0x8
 *(.vector_2)
 .vector_2      0x9d001240        0x8 C:/Program Files/Microchip/xc32/v5.10/bin/bin/../../lib/gcc/pic32m/13.2.1/../../../../pic32m/lib\libpic32.a(vector2.o)
                0x9d001240                __vector_dispatch_2
                0x00000001                        ASSERT (((_vector_spacing == 0x0) || (SIZEOF (.vector_2) <= (_vector_spacing << 0x5))), function at exception vector 2 too large)

.vector_3       0x9d001260        0x8
 *(.vector_3)
 .vector_3      0x9d001260        0x8 C:/Program Files/Microchip/xc32/v5.10/bin/bin/../../lib/gcc/pic32m/13.2.1/../../../../pic32m/lib\libpic32.a(vector3.o)
                0x9d001260                __vector_dispatch_3
                0x00000001                        ASSERT (((_vector_spacing == 0x0) || (SIZEOF (.vector_3) <= (_vector_spacing << 0x5))), function at exception vector 3 too large)

.vector_4       0x9d001280        0x8
 *(.vector_4)
 .vector_4      0x9d001280        0x8 C:/Program Files/Microchip/xc32/v5.10/bin/bin/../../lib/gcc/pic32m/13.2.1/../../../../pic32m/lib\libpic32.a(vector4.o)
                0x9d001280                __vector_dispatch_4
                0x00000001                        ASSERT (((_vector_spacing == 0x0) || (SIZEOF (.vector_4) <= (_vector_spacing << 0x5))), function at exception vector 4 too large)

.vector_5       0x9d0012a0        0x8
 *(.vector_5)
 .vector_5      0x9d0012a0        0x8 C:/Program Files/Microchip/xc32/v5.10/bin/bin/../../lib/gcc/pic32m/13.2.1/../../../../pic32m/lib\libpic32.a(vector5.o)
                0x9d0012a0                __vector_dispatch_5
                0x00000001                        ASSERT (((_vector_spacing == 0x0) || (SIZEOF (.vector_5) <= (_vector_spacing << 0x5))), function at exception vector 5 too large)

.vector_6       0x9d0012c0        0x8
 *(.vector_6)
 .vector_6      0x9d0012c0        0x8 C:/Program Files/Microchip/xc32/v5.10/bin/bin/../../lib/gcc/pic32m/13.2.1/../../../../pic32m/lib\libpic32.a(vector6.o)
                0x9d0012c0                __vector_dispatch_6
                0x00000001                        ASSERT (((_vector_spacing == 0x0) || (SIZEOF (.vector_6) <= (_vector_spacing << 0x5))), function at exception vector 6 too large)

.vector_7       0x9d0012e0        0x8
 *(.vector_7)
 .vector_7      0x9d0012e0        0x8 C:/Program Files/Microchip/xc32/v5.10/bin/bin/../../lib/gcc/pic32m/13.2.1/../../../../pic32m/lib\libpic32.a(vector7.o)
                0x9d0012e0                __vector_dispatch_7
                0x00000001                        ASSERT (((_vector_spacing == 0x0) || (SIZEOF (.vector_7) <= (_vector_spacing << 0x5))), function at exception vector 7 too large)

.vector_8       0x9d001300        0x8
 *(.vector_8)
 .vector_8      0x9d001300        0x8 C:/Program Files/Microchip/xc32/v5.10/bin/bin/../../lib/gcc/pic32m/13.2.1/../../../../pic32m/lib\libpic32.a(vector8.o)
                0x9d001300                __vector_dispatch_8
                0x00000001                        ASSERT (((_vector_spacing == 0x0) || (SIZEOF (.vector_8) <= (_vector_spacing << 0x5))), function at exception vector 8 too large)

.vector_9       0x9d001320        0x8
 *(.vector_9)
 .vector_9      0x9d001320        0x8 C:/Program Files/Microchip/xc32/v5.10/bin/bin/../../lib/gcc/pic32m/13.2.1/../../../../pic32m/lib\libpic32.a(vector9.o)
                0x9d001320                __vector_dispatch_9
                0x00000001                        ASSERT (((_vector_spacing == 0x0) || (SIZEOF (.vector_9) <= (_vector_spacing << 0x5))), function at exception vector 9 too large)

.vector_10      0x9d001340        0x8
 *(.vector_10)
 .vector_10     0x9d001340        0x8 C:/Program Files/Microchip/xc32/v5.10/bin/bin/../../lib/gcc/pic32m/13.2.1/../../../../pic32m/lib\libpic32.a(vector10.o)
                0x9d001340                __vector_dispatch_10
                0x00000001                        ASSERT (((_vector_spacing == 0x0) || (SIZEOF (.vector_10) <= (_vector_spacing << 0x5))), function at exception vector 10 too large)

.vector_11      0x9d001360        0x8
 *(.vector_11)
 .vector_11     0x9d001360        0x8 C:/Program Files/Microchip/xc32/v5.10/bin/bin/../../lib/gcc/pic32m/13.2.1/../../../../pic32m/lib\libpic32.a(vector11.o)
                0x9d001360                __vector_dispatch_11
                0x00000001                        ASSERT (((_vector_spacing == 0x0) || (SIZEOF (.vector_11) <= (_vector_spacing << 0x5))), function at exception vector 11 too large)

.vector_12      0x9d001380        0x8
 *(.vector_12)
 .vector_12     0x9d001380        0x8 C:/Program Files/Microchip/xc32/v5.10/bin/bin/../../lib/gcc/pic32m/13.2.1/../../../../pic32m/lib\libpic32.a(vector12.o)
                0x9d001380                __vector_dispatch_12
                0x00000001                        ASSERT (((_vector_spacing == 0x0) || (SIZEOF (.vector_12) <= (_vector_spacing << 0x5))), function at exception vector 12 too large)

.vector_13      0x9d0013a0        0x8
 *(.vector_13)
 .vector_13     0x9d0013a0        0x8 C:/Program Files/Microchip/xc32/v5.10/bin/bin/../../lib/gcc/pic32m/13.2.1/../../../../pic32m/lib\libpic32.a(vector13.o)
                0x9d0013a0                __vector_dispatch_13
                0x00000001                        ASSERT (((_vector_spacing == 0x0) || (SIZEOF (.vector_13) <= (_vector_spacing << 0x5))), function at exception vector 13 too large)

.vector_14      0x9d0013c0        0x8
 *(.vector_14)
 .vector_14     0x9d0013c0        0x8 C:/Program Files/Microchip/xc32/v5.10/bin/bin/../../lib/gcc/pic32m/13.2.1/../../../../pic32m/lib\libpic32.a(vector14.o)
                0x9d0013c0                __vector_dispatch_14
                0x00000001                        ASSERT (((_vector_spacing == 0x0) || (SIZEOF (.vector_14) <= (_vector_spacing << 0x5))), function at exception vector 14 too large)

.vector_15      0x9d0013e0        0x8
 *(.vector_15)
 .vector_15     0x9d0013e0        0x8 C:/Program Files/Microchip/xc32/v5.10/bin/bin/../../lib/gcc/pic32m/13.2.1/../../../../pic32m/lib\libpic32.a(vector15.o)
                0x9d0013e0                __vector_dispatch_15
                0x00000001                        ASSERT (((_vector_spacing == 0x0) || (SIZEOF (.vector_15) <= (_vector_spacing << 0x5))), function at exception vector 15 too large)

.vector_16      0x9d001400        0x8
 *(.vector_16)
 .vector_16     0x9d001400        0x8 build/default/production/_ext/1347132459/RC_Servo.o
                0x9d001400                __vector_dispatch_16
                0x00000001                        ASSERT (((_vector_spacing == 0x0) || (SIZEOF (.vector_16) <= (_vector_spacing << 0x5))), function at exception vector 16 too large)

.vector_17      0x9d001420        0x8
 *(.vector_17)
 .vector_17     0x9d001420        0x8 C:/Program Files/Microchip/xc32/v5.10/bin/bin/../../lib/gcc/pic32m/13.2.1/../../../../pic32m/lib\libpic32.a(vector17.o)
                0x9d001420                __vector_dispatch_17
                0x00000001                        ASSERT (((_vector_spacing == 0x0) || (SIZEOF (.vector_17) <= (_vector_spacing << 0x5))), function at exception vector 17 too large)

.vector_18      0x9d001440        0x8
 *(.vector_18)
 .vector_18     0x9d001440        0x8 C:/Program Files/Microchip/xc32/v5.10/bin/bin/../../lib/gcc/pic32m/13.2.1/../../../../pic32m/lib\libpic32.a(vector18.o)
                0x9d001440                __vector_dispatch_18
                0x00000001                        ASSERT (((_vector_spacing == 0x0) || (SIZEOF (.vector_18) <= (_vector_spacing << 0x5))), function at exception vector 18 too large)

.vector_19      0x9d001460        0x8
 *(.vector_19)
 .vector_19     0x9d001460        0x8 C:/Program Files/Microchip/xc32/v5.10/bin/bin/../../lib/gcc/pic32m/13.2.1/../../../../pic32m/lib\libpic32.a(vector19.o)
                0x9d001460                __vector_dispatch_19
                0x00000001                        ASSERT (((_vector_spacing == 0x0) || (SIZEOF (.vector_19) <= (_vector_spacing << 0x5))), function at exception vector 19 too large)

.vector_20      0x9d001480        0x8
 *(.vector_20)
 .vector_20     0x9d001480        0x8 build/default/production/_ext/1347132459/timers.o
                0x9d001480                __vector_dispatch_20
                0x00000001                        ASSERT (((_vector_spacing == 0x0) || (SIZEOF (.vector_20) <= (_vector_spacing << 0x5))), function at exception vector 20 too large)

.vector_21      0x9d0014a0        0x8
 *(.vector_21)
 .vector_21     0x9d0014a0        0x8 C:/Program Files/Microchip/xc32/v5.10/bin/bin/../../lib/gcc/pic32m/13.2.1/../../../../pic32m/lib\libpic32.a(vector21.o)
                0x9d0014a0                __vector_dispatch_21
                0x00000001                        ASSERT (((_vector_spacing == 0x0) || (SIZEOF (.vector_21) <= (_vector_spacing << 0x5))), function at exception vector 21 too large)

.vector_22      0x9d0014c0        0x8
 *(.vector_22)
 .vector_22     0x9d0014c0        0x8 C:/Program Files/Microchip/xc32/v5.10/bin/bin/../../lib/gcc/pic32m/13.2.1/../../../../pic32m/lib\libpic32.a(vector22.o)
                0x9d0014c0                __vector_dispatch_22
                0x00000001                        ASSERT (((_vector_spacing == 0x0) || (SIZEOF (.vector_22) <= (_vector_spacing << 0x5))), function at exception vector 22 too large)

.vector_23      0x9d0014e0        0x8
 *(.vector_23)
 .vector_23     0x9d0014e0        0x8 C:/Program Files/Microchip/xc32/v5.10/bin/bin/../../lib/gcc/pic32m/13.2.1/../../../../pic32m/lib\libpic32.a(vector23.o)
                0x9d0014e0                __vector_dispatch_23
                0x00000001                        ASSERT (((_vector_spacing == 0x0) || (SIZEOF (.vector_23) <= (_vector_spacing << 0x5))), function at exception vector 23 too large)

.vector_24      0x9d001500        0x8
 *(.vector_24)
 .vector_24     0x9d001500        0x8 build/default/production/_ext/1347132459/serial.o
                0x9d001500                __vector_dispatch_24
                0x00000001                        ASSERT (((_vector_spacing == 0x0) || (SIZEOF (.vector_24) <= (_vector_spacing << 0x5))), function at exception vector 24 too large)

.vector_25      0x9d001520        0x8
 *(.vector_25)
 .vector_25     0x9d001520        0x8 C:/Program Files/Microchip/xc32/v5.10/bin/bin/../../lib/gcc/pic32m/13.2.1/../../../../pic32m/lib\libpic32.a(vector25.o)
                0x9d001520                __vector_dispatch_25
                0x00000001                        ASSERT (((_vector_spacing == 0x0) || (SIZEOF (.vector_25) <= (_vector_spacing << 0x5))), function at exception vector 25 too large)

.vector_26      0x9d001540        0x8
 *(.vector_26)
 .vector_26     0x9d001540        0x8 C:/Program Files/Microchip/xc32/v5.10/bin/bin/../../lib/gcc/pic32m/13.2.1/../../../../pic32m/lib\libpic32.a(vector26.o)
                0x9d001540                __vector_dispatch_26
                0x00000001                        ASSERT (((_vector_spacing == 0x0) || (SIZEOF (.vector_26) <= (_vector_spacing << 0x5))), function at exception vector 26 too large)

.vector_27      0x9d001560        0x8
 *(.vector_27)
 .vector_27     0x9d001560        0x8 build/default/production/_ext/1347132459/AD.o
                0x9d001560                __vector_dispatch_27
                0x00000001                        ASSERT (((_vector_spacing == 0x0) || (SIZEOF (.vector_27) <= (_vector_spacing << 0x5))), function at exception vector 27 too large)

.vector_28      0x9d001580        0x8
 *(.vector_28)
 .vector_28     0x9d001580        0x8 C:/Program Files/Microchip/xc32/v5.10/bin/bin/../../lib/gcc/pic32m/13.2.1/../../../../pic32m/lib\libpic32.a(vector28.o)
                0x9d001580                __vector_dispatch_28
                0x00000001                        ASSERT (((_vector_spacing == 0x0) || (SIZEOF (.vector_28) <= (_vector_spacing << 0x5))), function at exception vector 28 too large)

.vector_29      0x9d0015a0        0x8
 *(.vector_29)
 .vector_29     0x9d0015a0        0x8 C:/Program Files/Microchip/xc32/v5.10/bin/bin/../../lib/gcc/pic32m/13.2.1/../../../../pic32m/lib\libpic32.a(vector29.o)
                0x9d0015a0                __vector_dispatch_29
                0x00000001                        ASSERT (((_vector_spacing == 0x0) || (SIZEOF (.vector_29) <= (_vector_spacing << 0x5))), function at exception vector 29 too large)

.vector_30      0x9d0015c0        0x8
 *(.vector_30)
 .vector_30     0x9d0015c0        0x8 C:/Program Files/Microchip/xc32/v5.10/bin/bin/../../lib/gcc/pic32m/13.2.1/../../../../pic32m/lib\libpic32.a(vector30.o)
                0x9d0015c0                __vector_dispatch_30
                0x00000001                        ASSERT (((_vector_spacing == 0x0) || (SIZEOF (.vector_30) <= (_vector_spacing << 0x5))), function at exception vector 30 too large)

.vector_31      0x9d0015e0        0x8
 *(.vector_31)
 .vector_31     0x9d0015e0        0x8 C:/Program Files/Microchip/xc32/v5.10/bin/bin/../../lib/gcc/pic32m/13.2.1/../../../../pic32m/lib\libpic32.a(vector31.o)
                0x9d0015e0                __vector_dispatch_31
                0x00000001                        ASSERT (((_vector_spacing == 0x0) || (SIZEOF (.vector_31) <= (_vector_spacing << 0x5))), function at exception vector 31 too large)

.vector_32      0x9d001600        0x8
 *(.vector_32)
 .vector_32     0x9d001600        0x8 C:/Program Files/Microchip/xc32/v5.10/bin/bin/../../lib/gcc/pic32m/13.2.1/../../../../pic32m/lib\libpic32.a(vector32.o)
                0x9d001600                __vector_dispatch_32
                0x00000001                        ASSERT (((_vector_spacing == 0x0) || (SIZEOF (.vector_32) <= (_vector_spacing << 0x5))), function at exception vector 32 too large)

.vector_33      0x9d001620        0x8
 *(.vector_33)
 .vector_33     0x9d001620        0x8 C:/Program Files/Microchip/xc32/v5.10/bin/bin/../../lib/gcc/pic32m/13.2.1/../../../../pic32m/lib\libpic32.a(vector33.o)
                0x9d001620                __vector_dispatch_33
                0x00000001                        ASSERT (((_vector_spacing == 0x0) || (SIZEOF (.vector_33) <= (_vector_spacing << 0x5))), function at exception vector 33 too large)

.vector_34      0x9d001640        0x8
 *(.vector_34)
 .vector_34     0x9d001640        0x8 C:/Program Files/Microchip/xc32/v5.10/bin/bin/../../lib/gcc/pic32m/13.2.1/../../../../pic32m/lib\libpic32.a(vector34.o)
                0x9d001640                __vector_dispatch_34
                0x00000001                        ASSERT (((_vector_spacing == 0x0) || (SIZEOF (.vector_34) <= (_vector_spacing << 0x5))), function at exception vector 34 too large)

.vector_35      0x9d001660        0x8
 *(.vector_35)
 .vector_35     0x9d001660        0x8 C:/Program Files/Microchip/xc32/v5.10/bin/bin/../../lib/gcc/pic32m/13.2.1/../../../../pic32m/lib\libpic32.a(vector35.o)
                0x9d001660                __vector_dispatch_35
                0x00000001                        ASSERT (((_vector_spacing == 0x0) || (SIZEOF (.vector_35) <= (_vector_spacing << 0x5))), function at exception vector 35 too large)

.vector_36      0x9d001680        0x8
 *(.vector_36)
 .vector_36     0x9d001680        0x8 C:/Program Files/Microchip/xc32/v5.10/bin/bin/../../lib/gcc/pic32m/13.2.1/../../../../pic32m/lib\libpic32.a(vector36.o)
                0x9d001680                __vector_dispatch_36
                0x00000001                        ASSERT (((_vector_spacing == 0x0) || (SIZEOF (.vector_36) <= (_vector_spacing << 0x5))), function at exception vector 36 too large)

.vector_37      0x9d0016a0        0x8
 *(.vector_37)
 .vector_37     0x9d0016a0        0x8 C:/Program Files/Microchip/xc32/v5.10/bin/bin/../../lib/gcc/pic32m/13.2.1/../../../../pic32m/lib\libpic32.a(vector37.o)
                0x9d0016a0                __vector_dispatch_37
                0x00000001                        ASSERT (((_vector_spacing == 0x0) || (SIZEOF (.vector_37) <= (_vector_spacing << 0x5))), function at exception vector 37 too large)

.vector_38      0x9d0016c0        0x8
 *(.vector_38)
 .vector_38     0x9d0016c0        0x8 C:/Program Files/Microchip/xc32/v5.10/bin/bin/../../lib/gcc/pic32m/13.2.1/../../../../pic32m/lib\libpic32.a(vector38.o)
                0x9d0016c0                __vector_dispatch_38
                0x00000001                        ASSERT (((_vector_spacing == 0x0) || (SIZEOF (.vector_38) <= (_vector_spacing << 0x5))), function at exception vector 38 too large)

.vector_39      0x9d0016e0        0x8
 *(.vector_39)
 .vector_39     0x9d0016e0        0x8 C:/Program Files/Microchip/xc32/v5.10/bin/bin/../../lib/gcc/pic32m/13.2.1/../../../../pic32m/lib\libpic32.a(vector39.o)
                0x9d0016e0                __vector_dispatch_39
                0x00000001                        ASSERT (((_vector_spacing == 0x0) || (SIZEOF (.vector_39) <= (_vector_spacing << 0x5))), function at exception vector 39 too large)

.vector_40      0x9d001700        0x8
 *(.vector_40)
 .vector_40     0x9d001700        0x8 C:/Program Files/Microchip/xc32/v5.10/bin/bin/../../lib/gcc/pic32m/13.2.1/../../../../pic32m/lib\libpic32.a(vector40.o)
                0x9d001700                __vector_dispatch_40
                0x00000001                        ASSERT (((_vector_spacing == 0x0) || (SIZEOF (.vector_40) <= (_vector_spacing << 0x5))), function at exception vector 40 too large)

.vector_41      0x9d001720        0x8
 *(.vector_41)
 .vector_41     0x9d001720        0x8 C:/Program Files/Microchip/xc32/v5.10/bin/bin/../../lib/gcc/pic32m/13.2.1/../../../../pic32m/lib\libpic32.a(vector41.o)
                0x9d001720                __vector_dispatch_41
                0x00000001                        ASSERT (((_vector_spacing == 0x0) || (SIZEOF (.vector_41) <= (_vector_spacing << 0x5))), function at exception vector 41 too large)

.vector_42      0x9d001740        0x8
 *(.vector_42)
 .vector_42     0x9d001740        0x8 C:/Program Files/Microchip/xc32/v5.10/bin/bin/../../lib/gcc/pic32m/13.2.1/../../../../pic32m/lib\libpic32.a(vector42.o)
                0x9d001740                __vector_dispatch_42
                0x00000001                        ASSERT (((_vector_spacing == 0x0) || (SIZEOF (.vector_42) <= (_vector_spacing << 0x5))), function at exception vector 42 too large)

.vector_43      0x9d001760        0x8
 *(.vector_43)
 .vector_43     0x9d001760        0x8 C:/Program Files/Microchip/xc32/v5.10/bin/bin/../../lib/gcc/pic32m/13.2.1/../../../../pic32m/lib\libpic32.a(vector43.o)
                0x9d001760                __vector_dispatch_43
                0x00000001                        ASSERT (((_vector_spacing == 0x0) || (SIZEOF (.vector_43) <= (_vector_spacing << 0x5))), function at exception vector 43 too large)

.vector_44      0x9d001780        0x8
 *(.vector_44)
 .vector_44     0x9d001780        0x8 C:/Program Files/Microchip/xc32/v5.10/bin/bin/../../lib/gcc/pic32m/13.2.1/../../../../pic32m/lib\libpic32.a(vector44.o)
                0x9d001780                __vector_dispatch_44
                0x00000001                        ASSERT (((_vector_spacing == 0x0) || (SIZEOF (.vector_44) <= (_vector_spacing << 0x5))), function at exception vector 44 too large)

.vector_45
 *(.vector_45)
                0x00000001                        ASSERT (((_vector_spacing == 0x0) || (SIZEOF (.vector_45) <= (_vector_spacing << 0x5))), function at exception vector 45 too large)

.vector_46
 *(.vector_46)
                0x00000001                        ASSERT (((_vector_spacing == 0x0) || (SIZEOF (.vector_46) <= (_vector_spacing << 0x5))), function at exception vector 46 too large)

.vector_47
 *(.vector_47)
                0x00000001                        ASSERT (((_vector_spacing == 0x0) || (SIZEOF (.vector_47) <= (_vector_spacing << 0x5))), function at exception vector 47 too large)

.vector_48
 *(.vector_48)
                0x00000001                        ASSERT (((_vector_spacing == 0x0) || (SIZEOF (.vector_48) <= (_vector_spacing << 0x5))), function at exception vector 48 too large)

.vector_49
 *(.vector_49)
                0x00000001                        ASSERT (((_vector_spacing == 0x0) || (SIZEOF (.vector_49) <= (_vector_spacing << 0x5))), function at exception vector 49 too large)

.vector_50
 *(.vector_50)
                0x00000001                        ASSERT (((_vector_spacing == 0x0) || (SIZEOF (.vector_50) <= (_vector_spacing << 0x5))), function at exception vector 50 too large)

.vector_51
 *(.vector_51)
                0x00000001                        ASSERT (((_vector_spacing == 0x0) || (SIZEOF (.vector_51) <= (_vector_spacing << 0x5))), function at exception vector 51 too large)

.vector_52
 *(.vector_52)
                0x00000001                        ASSERT (((_vector_spacing == 0x0) || (SIZEOF (.vector_52) <= (_vector_spacing << 0x5))), function at exception vector 52 too large)

.vector_53
 *(.vector_53)
                0x00000001                        ASSERT (((_vector_spacing == 0x0) || (SIZEOF (.vector_53) <= (_vector_spacing << 0x5))), function at exception vector 53 too large)

.vector_54
 *(.vector_54)
                0x00000001                        ASSERT (((_vector_spacing == 0x0) || (SIZEOF (.vector_54) <= (_vector_spacing << 0x5))), function at exception vector 54 too large)

.vector_55
 *(.vector_55)
                0x00000001                        ASSERT (((_vector_spacing == 0x0) || (SIZEOF (.vector_55) <= (_vector_spacing << 0x5))), function at exception vector 55 too large)

.vector_56
 *(.vector_56)
                0x00000001                        ASSERT (((_vector_spacing == 0x0) || (SIZEOF (.vector_56) <= (_vector_spacing << 0x5))), function at exception vector 56 too large)

.vector_57
 *(.vector_57)
                0x00000001                        ASSERT (((_vector_spacing == 0x0) || (SIZEOF (.vector_57) <= (_vector_spacing << 0x5))), function at exception vector 57 too large)

.vector_58
 *(.vector_58)
                0x00000001                        ASSERT (((_vector_spacing == 0x0) || (SIZEOF (.vector_58) <= (_vector_spacing << 0x5))), function at exception vector 58 too large)

.vector_59
 *(.vector_59)
                0x00000001                        ASSERT (((_vector_spacing == 0x0) || (SIZEOF (.vector_59) <= (_vector_spacing << 0x5))), function at exception vector 59 too large)

.vector_60
 *(.vector_60)
                0x00000001                        ASSERT (((_vector_spacing == 0x0) || (SIZEOF (.vector_60) <= (_vector_spacing << 0x5))), function at exception vector 60 too large)

.vector_61
 *(.vector_61)
                0x00000001                        ASSERT (((_vector_spacing == 0x0) || (SIZEOF (.vector_61) <= (_vector_spacing << 0x5))), function at exception vector 61 too large)

.vector_62
 *(.vector_62)
                0x00000001                        ASSERT (((_vector_spacing == 0x0) || (SIZEOF (.vector_62) <= (_vector_spacing << 0x5))), function at exception vector 62 too large)

.vector_63
 *(.vector_63)
                0x00000001                        ASSERT (((_vector_spacing == 0x0) || (SIZEOF (.vector_63) <= (_vector_spacing << 0x5))), function at exception vector 63 too large)

.startup
 *(.startup)

.text           0x9d002000        0x0
 *(.stub .gnu.linkonce.t.*)
 *(.text.*personality*)
 *(.mips16.fn.*)
 *(.mips16.call.*)
 *(.gnu.warning)
                0x9d002000                        . = ALIGN (0x4)

.init           0x9d002000        0x0
 *crti.o(.init)
 *crtbegin.o(.init)
 *(EXCLUDE_FILE(*crtn.o *crtend?.o *crtend.o) .init)
 *crtend.o(.init)
 *crtn.o(.init)
                0x9d002000                        . = ALIGN (0x4)

.fini           0x9d002000        0x0
 *(.fini)
                0x9d002000                        . = ALIGN (0x4)

.preinit_array  0x9d002000        0x0
                [!provide]                        PROVIDE (__preinit_array_start = .)
 *(.preinit_array)
                [!provide]                        PROVIDE (__preinit_array_end = .)
                0x9d002000                        . = ALIGN (0x4)

.init_array     0x9d002000        0x0
                [!provide]                        PROVIDE (__init_array_start = .)
 *(SORT_BY_NAME(.init_array.*))
 *(.init_array)
                [!provide]                        PROVIDE (__init_array_end = .)
                0x9d002000                        . = ALIGN (0x4)

.fini_array     0x9d002000        0x0
                [!provide]                        PROVIDE (__fini_array_start = .)
 *(SORT_BY_NAME(.fini_array.*))
 *(.fini_array)
                [!provide]                        PROVIDE (__fini_array_end = .)
                0x9d002000                        . = ALIGN (0x4)

.ctors          0x9d002000        0x0
 *crtbegin.o(.ctors)
 *crtbegin?.o(.ctors)
 *(EXCLUDE_FILE(*crtend?.o *crtend.o) .ctors)
 *(SORT_BY_NAME(.ctors.*))
 *(.ctors)
                0x9d002000                        . = ALIGN (0x4)

.dtors          0x9d002000        0x0
 *crtbegin.o(.dtors)
 *crtbegin?.o(.dtors)
 *(EXCLUDE_FILE(*crtend?.o *crtend.o) .dtors)
 *(SORT_BY_NAME(.dtors.*))
 *(.dtors)
                0x9d002000                        . = ALIGN (0x4)

.rodata         0x9d002000        0x0
 *(.gnu.linkonce.r.*)
 *(.rodata1)
                0x9d002000                        . = ALIGN (0x4)

.sdata2         0x9d002000        0x0
 *(.sdata2 .sdata2.* .gnu.linkonce.s2.*)
                0x9d002000                        . = ALIGN (0x4)

.sbss2          0x9d002000        0x0
 *(.sbss2 .sbss2.* .gnu.linkonce.sb2.*)
                0x9d002000                        . = ALIGN (0x4)

.eh_frame_hdr
 *(.eh_frame_hdr)
                0x9d002000                        . = ALIGN (0x4)

.eh_frame
 *(.eh_frame)
                0x9d002000                        . = ALIGN (0x4)

.gcc_except_table
 *(.gcc_except_table .gcc_except_table.*)
                0x9d002000                        . = ALIGN (0x4)

.dbg_data       0xa0000000        0x0
                0xa0000000                        . = (. + DEFINED (_DEBUGGER)?0x200:0x0)

.jcr            0xa0000000        0x0
 *(.jcr)
                0xa0000000                        . = ALIGN (0x4)

.eh_frame
 *(.eh_frame)
                0xa0000000                        . = ALIGN (0x4)

.gcc_except_table
 *(.gcc_except_table .gcc_except_table.*)
                0xa0000000                        . = ALIGN (0x4)

.persist        0xa0000000        0x0
                0xa0000000                        _persist_begin = .
 *(.persist .persist.*)
 *(.pbss .pbss.*)
                0xa0000000                        . = ALIGN (0x4)
                0xa0000000                        _persist_end = .

.data           0xa0000000        0x0
 *(.gnu.linkonce.d.*)
 *(.data1)
                0xa0000000                        . = ALIGN (0x4)
                0xa0000000                        . = .
                0xa0007ff0                        _gp = (ALIGN (0x10) + 0x7ff0)

.got            0xa0000000        0x0
 *(.got.plt)
 *(.got)
                0xa0000000                        . = ALIGN (0x4)

.sdata          0xa0000000        0xc
                0xa0000000                        _sdata_begin = .
 *(.sdata .sdata.* .gnu.linkonce.s.*)
 .sdata         0xa0000000        0x4 build/default/production/_ext/1347132459/AD.o
 .sdata         0xa0000004        0x7 build/default/production/_ext/1347132459/RC_Servo.o
                0xa000000c                        . = ALIGN (0x4)
 *fill*         0xa000000b        0x1 
                0xa000000c                        _sdata_end = .

.lit8
 *(.lit8)

.lit4
 *(.lit4)
                0xa000000c                        . = ALIGN (0x4)
                0xa000000c                        _data_end = .
                0xa000000c                        _bss_begin = .

.sbss           0xa000000c       0x60
                0xa000000c                        _sbss_begin = .
 *(.dynsbss)
 *(.sbss .sbss.* .gnu.linkonce.sb.*)
 .sbss          0xa000000c       0x24 build/default/production/_ext/1347132459/AD.o
 .sbss          0xa0000030        0x2 build/default/production/_ext/1347132459/LED.o
 *fill*         0xa0000032        0x2 
 .sbss          0xa0000034        0xe build/default/production/_ext/1347132459/serial.o
 *fill*         0xa0000042        0x2 
 .sbss          0xa0000044        0xc build/default/production/_ext/1347132459/timers.o
 .sbss          0xa0000050       0x12 build/default/production/_ext/1347132459/RC_Servo.o
                0xa0000050                RCenabled
 *fill*         0xa0000062        0x2 
 .sbss          0xa0000064        0x6 build/default/production/newmain.o
                0xa0000064                POT_Reading
                0xa0000068                Direction
 *(.scommon)
                0xa000006a                        _sbss_end = .
                0xa000006c                        . = ALIGN (0x4)
 *fill*         0xa000006a        0x2 

.bss            0xa000006c        0x0
 *(.dynbss)
 *(COMMON)
                0xa000006c                        . = ALIGN ((. != 0x0)?0x4:0x1)
                0xa000006c                        . = ALIGN (0x4)
                0xa000006c                        _end = .
                0xa000006c                        _bss_end = .
                0x00004000                        _bmxdudba_address = LENGTH (kseg1_data_mem)
                0x00004000                        _bmxdupba_address = LENGTH (kseg1_data_mem)

/DISCARD/
 *(.pdr)

.gptab.sdata
 *(.gptab.data)
 *(.gptab.sdata)

.gptab.sbss
 *(.gptab.bss)
 *(.gptab.sbss)

.mdebug.abi32   0xa000006c        0x0
 *(.mdebug.abi32)
 .mdebug.abi32  0xa000006c        0x0 build/default/production/_ext/1347132459/AD.o
 .mdebug.abi32  0xa000006c        0x0 build/default/production/_ext/1347132459/BOARD.o
 .mdebug.abi32  0xa000006c        0x0 build/default/production/_ext/1347132459/LED.o
 .mdebug.abi32  0xa000006c        0x0 build/default/production/_ext/1347132459/serial.o
 .mdebug.abi32  0xa000006c        0x0 build/default/production/_ext/1347132459/timers.o
 .mdebug.abi32  0xa000006c        0x0 build/default/production/_ext/1347132459/RC_Servo.o
 .mdebug.abi32  0xa000006c        0x0 build/default/production/newmain.o
 .mdebug.abi32  0xa000006c        0x0 C:/Program Files/Microchip/xc32/v5.10/bin/bin/../../lib/gcc/pic32m/13.2.1\libgcc.a(floatunsisf.o)
 .mdebug.abi32  0xa000006c        0x0 C:/Program Files/Microchip/xc32/v5.10/bin/bin/../../lib/gcc/pic32m/13.2.1/../../../../pic32m/lib\libpic32.a(default-bootstrap-exception-handler.o)
 .mdebug.abi32  0xa000006c        0x0 C:/Program Files/Microchip/xc32/v5.10/bin/bin/../../lib/gcc/pic32m/13.2.1/../../../../pic32m/lib\libpic32.a(default-on-reset.o)
 .mdebug.abi32  0xa000006c        0x0 C:/Program Files/Microchip/xc32/v5.10/bin/bin/../../lib/gcc/pic32m/13.2.1/../../../../pic32m/lib\libpic32.a(default-on-bootstrap.o)
 .mdebug.abi32  0xa000006c        0x0 C:/Program Files/Microchip/xc32/v5.10/bin/bin/../../lib/gcc/pic32m/13.2.1/../../../../pic32m/lib\libpic32.a(default-general-exception-handler.o)
 .mdebug.abi32  0xa000006c        0x0 C:/Program Files/Microchip/xc32/v5.10/bin/bin/../../lib/gcc/pic32m/13.2.1/../../../../pic32m/lib\libpic32.a(defaultinterrupt.o)
 .mdebug.abi32  0xa000006c        0x0 C:/Program Files/Microchip/xc32/v5.10/bin/bin/../../lib/gcc/pic32m/13.2.1/../../../../pic32m/lib\libc-musl.a(__sio_printf_dn.o)
 .mdebug.abi32  0xa000006c        0x0 C:/Program Files/Microchip/xc32/v5.10/bin/bin/../../lib/gcc/pic32m/13.2.1/../../../../pic32m/lib\libc-musl.a(__fmt_d.o)
 .mdebug.abi32  0xa000006c        0x0 C:/Program Files/Microchip/xc32/v5.10/bin/bin/../../lib/gcc/pic32m/13.2.1/../../../../pic32m/lib\libc-musl.a(__pop_int.o)
 .mdebug.abi32  0xa000006c        0x0 C:/Program Files/Microchip/xc32/v5.10/bin/bin/../../lib/gcc/pic32m/13.2.1/../../../../pic32m/lib\libc-musl.a(__pop_ptr.o)
 .mdebug.abi32  0xa000006c        0x0 C:/Program Files/Microchip/xc32/v5.10/bin/bin/../../lib/gcc/pic32m/13.2.1/../../../../pic32m/lib\libc-musl.a(__printf_core.o)
 .mdebug.abi32  0xa000006c        0x0 C:/Program Files/Microchip/xc32/v5.10/bin/bin/../../lib/gcc/pic32m/13.2.1/../../../../pic32m/lib\libc-musl.a(stdout.o)
 .mdebug.abi32  0xa000006c        0x0 C:/Program Files/Microchip/xc32/v5.10/bin/bin/../../lib/gcc/pic32m/13.2.1/../../../../pic32m/lib\libc-musl.a(atoi.o)
 .mdebug.abi32  0xa000006c        0x0 C:/Program Files/Microchip/xc32/v5.10/bin/bin/../../lib/gcc/pic32m/13.2.1/../../../../pic32m/lib\libc-musl.a(tolower.o)
 .mdebug.abi32  0xa000006c        0x0 C:/Program Files/Microchip/xc32/v5.10/bin/bin/../../lib/gcc/pic32m/13.2.1/../../../../pic32m/lib\libc-musl.a(__int_vfprintf.o)
 .mdebug.abi32  0xa000006c        0x0 C:/Program Files/Microchip/xc32/v5.10/bin/bin/../../lib/gcc/pic32m/13.2.1/../../../../pic32m/lib\libc-musl.a(__cvt_u.o)
 .mdebug.abi32  0xa000006c        0x0 C:/Program Files/Microchip/xc32/v5.10/bin/bin/../../lib/gcc/pic32m/13.2.1/../../../../pic32m/lib\libc-musl.a(__io_init_needed.o)
 .mdebug.abi32  0xa000006c        0x0 C:/Program Files/Microchip/xc32/v5.10/bin/bin/../../lib/gcc/pic32m/13.2.1/../../../../pic32m/lib\libc-musl.a(__out.o)
 .mdebug.abi32  0xa000006c        0x0 C:/Program Files/Microchip/xc32/v5.10/bin/bin/../../lib/gcc/pic32m/13.2.1/../../../../pic32m/lib\libc-musl.a(__pop_float.o)
 .mdebug.abi32  0xa000006c        0x0 C:/Program Files/Microchip/xc32/v5.10/bin/bin/../../lib/gcc/pic32m/13.2.1/../../../../pic32m/lib\libc-musl.a(__stdio_close.o)
 .mdebug.abi32  0xa000006c        0x0 C:/Program Files/Microchip/xc32/v5.10/bin/bin/../../lib/gcc/pic32m/13.2.1/../../../../pic32m/lib\libc-musl.a(__init_stdio.o)
 .mdebug.abi32  0xa000006c        0x0 C:/Program Files/Microchip/xc32/v5.10/bin/bin/../../lib/gcc/pic32m/13.2.1/../../../../pic32m/lib\libc-musl.a(__io_file_needed.o)
 .mdebug.abi32  0xa000006c        0x0 C:/Program Files/Microchip/xc32/v5.10/bin/bin/../../lib/gcc/pic32m/13.2.1/../../../../pic32m/lib\libpic32.a(lseek.o)
 .mdebug.abi32  0xa000006c        0x0 C:/Program Files/Microchip/xc32/v5.10/bin/bin/../../lib/gcc/pic32m/13.2.1/../../../../pic32m/lib\libpic32.a(close.o)
 .mdebug.abi32  0xa000006c        0x0 C:/Program Files/Microchip/xc32/v5.10/bin/bin/../../lib/gcc/pic32m/13.2.1/../../../../pic32m/lib\libpic32.a(errno.o)
 .mdebug.abi32  0xa000006c        0x0 C:/Program Files/Microchip/xc32/v5.10/bin/bin/../../lib/gcc/pic32m/13.2.1/../../../../pic32m/lib\libc-size-musl.a(memcpy.o)
 .mdebug.abi32  0xa000006c        0x0 C:/Program Files/Microchip/xc32/v5.10/bin/bin/../../lib/gcc/pic32m/13.2.1/../../../../pic32m/lib\libc-size-musl.a(memset.o)
 .mdebug.abi32  0xa000006c        0x0 C:/Program Files/Microchip/xc32/v5.10/bin/bin/../../lib/gcc/pic32m/13.2.1/../../../../pic32m/lib\libc-size-musl.a(strlen.o)
 .mdebug.abi32  0xa000006c        0x0 C:/Program Files/Microchip/xc32/v5.10/bin/bin/../../lib/gcc/pic32m/13.2.1\libgcc.a(_udivdi3.o)
 .mdebug.abi32  0xa000006c        0x0 C:/Program Files/Microchip/xc32/v5.10/bin/bin/../../lib/gcc/pic32m/13.2.1\libgcc.a(_umoddi3.o)

.mdebug.abiN32
 *(.mdebug.abiN32)

.mdebug.abi64
 *(.mdebug.abi64)

.mdebug.abiO64
 *(.mdebug.abiO64)

.mdebug.eabi32
 *(.mdebug.eabi32)

.mdebug.eabi64
 *(.mdebug.eabi64)

.gcc_compiled_long32
 *(.gcc_compiled_long32)

.gcc_compiled_long64
 *(.gcc_compiled_long64)

.stab
 *(.stab)

.stabstr
 *(.stabstr)

.stab.excl
 *(.stab.excl)

.stab.exclstr
 *(.stab.exclstr)

.stab.index
 *(.stab.index)

.stab.indexstr
 *(.stab.indexstr)

.comment        0x00000000       0x35
 *(.comment)
 .comment       0x00000000       0x35 build/default/production/_ext/1347132459/AD.o
                                 0x36 (size before relaxing)
 .comment       0x00000035       0x36 build/default/production/_ext/1347132459/BOARD.o
 .comment       0x00000035       0x36 build/default/production/_ext/1347132459/LED.o
 .comment       0x00000035       0x36 build/default/production/_ext/1347132459/serial.o
 .comment       0x00000035       0x36 build/default/production/_ext/1347132459/timers.o
 .comment       0x00000035       0x36 build/default/production/_ext/1347132459/RC_Servo.o
 .comment       0x00000035       0x36 build/default/production/newmain.o
 .comment       0x00000035       0x36 C:/Program Files/Microchip/xc32/v5.10/bin/bin/../../lib/gcc/pic32m/13.2.1\libgcc.a(floatunsisf.o)
 .comment       0x00000035       0x36 C:/Program Files/Microchip/xc32/v5.10/bin/bin/../../lib/gcc/pic32m/13.2.1/../../../../pic32m/lib\libpic32.a(default-bootstrap-exception-handler.o)
 .comment       0x00000035       0x36 C:/Program Files/Microchip/xc32/v5.10/bin/bin/../../lib/gcc/pic32m/13.2.1/../../../../pic32m/lib\libpic32.a(default-on-reset.o)
 .comment       0x00000035       0x36 C:/Program Files/Microchip/xc32/v5.10/bin/bin/../../lib/gcc/pic32m/13.2.1/../../../../pic32m/lib\libpic32.a(default-on-bootstrap.o)
 .comment       0x00000035       0x36 C:/Program Files/Microchip/xc32/v5.10/bin/bin/../../lib/gcc/pic32m/13.2.1/../../../../pic32m/lib\libpic32.a(default-general-exception-handler.o)
 .comment       0x00000035       0x36 C:/Program Files/Microchip/xc32/v5.10/bin/bin/../../lib/gcc/pic32m/13.2.1/../../../../pic32m/lib\libpic32.a(defaultinterrupt.o)
 .comment       0x00000035       0x36 C:/Program Files/Microchip/xc32/v5.10/bin/bin/../../lib/gcc/pic32m/13.2.1/../../../../pic32m/lib\libc-musl.a(__sio_printf_dn.o)
 .comment       0x00000035       0x36 C:/Program Files/Microchip/xc32/v5.10/bin/bin/../../lib/gcc/pic32m/13.2.1/../../../../pic32m/lib\libc-musl.a(__fmt_d.o)
 .comment       0x00000035       0x36 C:/Program Files/Microchip/xc32/v5.10/bin/bin/../../lib/gcc/pic32m/13.2.1/../../../../pic32m/lib\libc-musl.a(__pop_int.o)
 .comment       0x00000035       0x36 C:/Program Files/Microchip/xc32/v5.10/bin/bin/../../lib/gcc/pic32m/13.2.1/../../../../pic32m/lib\libc-musl.a(__pop_ptr.o)
 .comment       0x00000035       0x36 C:/Program Files/Microchip/xc32/v5.10/bin/bin/../../lib/gcc/pic32m/13.2.1/../../../../pic32m/lib\libc-musl.a(__printf_core.o)
 .comment       0x00000035       0x36 C:/Program Files/Microchip/xc32/v5.10/bin/bin/../../lib/gcc/pic32m/13.2.1/../../../../pic32m/lib\libc-musl.a(stdout.o)
 .comment       0x00000035       0x36 C:/Program Files/Microchip/xc32/v5.10/bin/bin/../../lib/gcc/pic32m/13.2.1/../../../../pic32m/lib\libc-musl.a(atoi.o)
 .comment       0x00000035       0x36 C:/Program Files/Microchip/xc32/v5.10/bin/bin/../../lib/gcc/pic32m/13.2.1/../../../../pic32m/lib\libc-musl.a(tolower.o)
 .comment       0x00000035       0x36 C:/Program Files/Microchip/xc32/v5.10/bin/bin/../../lib/gcc/pic32m/13.2.1/../../../../pic32m/lib\libc-musl.a(__int_vfprintf.o)
 .comment       0x00000035       0x36 C:/Program Files/Microchip/xc32/v5.10/bin/bin/../../lib/gcc/pic32m/13.2.1/../../../../pic32m/lib\libc-musl.a(__cvt_u.o)
 .comment       0x00000035       0x36 C:/Program Files/Microchip/xc32/v5.10/bin/bin/../../lib/gcc/pic32m/13.2.1/../../../../pic32m/lib\libc-musl.a(__io_init_needed.o)
 .comment       0x00000035       0x36 C:/Program Files/Microchip/xc32/v5.10/bin/bin/../../lib/gcc/pic32m/13.2.1/../../../../pic32m/lib\libc-musl.a(__out.o)
 .comment       0x00000035       0x36 C:/Program Files/Microchip/xc32/v5.10/bin/bin/../../lib/gcc/pic32m/13.2.1/../../../../pic32m/lib\libc-musl.a(__pop_float.o)
 .comment       0x00000035       0x36 C:/Program Files/Microchip/xc32/v5.10/bin/bin/../../lib/gcc/pic32m/13.2.1/../../../../pic32m/lib\libc-musl.a(__stdio_close.o)
 .comment       0x00000035       0x36 C:/Program Files/Microchip/xc32/v5.10/bin/bin/../../lib/gcc/pic32m/13.2.1/../../../../pic32m/lib\libc-musl.a(__init_stdio.o)
 .comment       0x00000035       0x36 C:/Program Files/Microchip/xc32/v5.10/bin/bin/../../lib/gcc/pic32m/13.2.1/../../../../pic32m/lib\libc-musl.a(__io_file_needed.o)
 .comment       0x00000035       0x36 C:/Program Files/Microchip/xc32/v5.10/bin/bin/../../lib/gcc/pic32m/13.2.1/../../../../pic32m/lib\libpic32.a(lseek.o)
 .comment       0x00000035       0x36 C:/Program Files/Microchip/xc32/v5.10/bin/bin/../../lib/gcc/pic32m/13.2.1/../../../../pic32m/lib\libpic32.a(close.o)
 .comment       0x00000035       0x36 C:/Program Files/Microchip/xc32/v5.10/bin/bin/../../lib/gcc/pic32m/13.2.1/../../../../pic32m/lib\libpic32.a(errno.o)
 .comment       0x00000035       0x36 C:/Program Files/Microchip/xc32/v5.10/bin/bin/../../lib/gcc/pic32m/13.2.1/../../../../pic32m/lib\libc-size-musl.a(memcpy.o)
 .comment       0x00000035       0x36 C:/Program Files/Microchip/xc32/v5.10/bin/bin/../../lib/gcc/pic32m/13.2.1/../../../../pic32m/lib\libc-size-musl.a(memset.o)
 .comment       0x00000035       0x36 C:/Program Files/Microchip/xc32/v5.10/bin/bin/../../lib/gcc/pic32m/13.2.1/../../../../pic32m/lib\libc-size-musl.a(strlen.o)
 .comment       0x00000035       0x36 C:/Program Files/Microchip/xc32/v5.10/bin/bin/../../lib/gcc/pic32m/13.2.1\libgcc.a(_udivdi3.o)
 .comment       0x00000035       0x36 C:/Program Files/Microchip/xc32/v5.10/bin/bin/../../lib/gcc/pic32m/13.2.1\libgcc.a(_umoddi3.o)

.debug
 *(.debug)

.line
 *(.line)

.debug_srcinfo
 *(.debug_srcinfo)

.debug_sfnames
 *(.debug_sfnames)

.debug_aranges  0x00000000      0x508
 *(.debug_aranges)
 .debug_aranges
                0x00000000       0x20 build/default/production/_ext/1347132459/AD.o
 .debug_aranges
                0x00000020       0x20 build/default/production/_ext/1347132459/BOARD.o
 .debug_aranges
                0x00000040       0x20 build/default/production/_ext/1347132459/LED.o
 .debug_aranges
                0x00000060       0x20 build/default/production/_ext/1347132459/serial.o
 .debug_aranges
                0x00000080       0x20 build/default/production/_ext/1347132459/timers.o
 .debug_aranges
                0x000000a0       0x20 build/default/production/_ext/1347132459/RC_Servo.o
 .debug_aranges
                0x000000c0       0x20 build/default/production/newmain.o
 .debug_aranges
                0x000000e0       0x20 C:/Program Files/Microchip/xc32/v5.10/bin/bin/../../lib/gcc/pic32m/13.2.1\libgcc.a(floatunsisf.o)
 .debug_aranges
                0x00000100       0x20 C:/Program Files/Microchip/xc32/v5.10/bin/bin/../../lib/gcc/pic32m/13.2.1/../../../../pic32m/lib\libpic32.a(default-bootstrap-exception-handler.o)
 .debug_aranges
                0x00000120       0x20 C:/Program Files/Microchip/xc32/v5.10/bin/bin/../../lib/gcc/pic32m/13.2.1/../../../../pic32m/lib\libpic32.a(default-on-reset.o)
 .debug_aranges
                0x00000140       0x20 C:/Program Files/Microchip/xc32/v5.10/bin/bin/../../lib/gcc/pic32m/13.2.1/../../../../pic32m/lib\libpic32.a(default-on-bootstrap.o)
 .debug_aranges
                0x00000160       0x20 C:/Program Files/Microchip/xc32/v5.10/bin/bin/../../lib/gcc/pic32m/13.2.1/../../../../pic32m/lib\libpic32.a(default-general-exception-handler.o)
 .debug_aranges
                0x00000180       0x20 C:/Program Files/Microchip/xc32/v5.10/bin/bin/../../lib/gcc/pic32m/13.2.1/../../../../pic32m/lib\libpic32.a(defaultinterrupt.o)
 .debug_aranges
                0x000001a0       0x28 C:/Program Files/Microchip/xc32/v5.10/bin/bin/../../lib/gcc/pic32m/13.2.1/../../../../pic32m/lib\libc-musl.a(__sio_printf_dn.o)
 .debug_aranges
                0x000001c8       0x20 C:/Program Files/Microchip/xc32/v5.10/bin/bin/../../lib/gcc/pic32m/13.2.1/../../../../pic32m/lib\libc-musl.a(__fmt_d.o)
 .debug_aranges
                0x000001e8       0x20 C:/Program Files/Microchip/xc32/v5.10/bin/bin/../../lib/gcc/pic32m/13.2.1/../../../../pic32m/lib\libc-musl.a(__pop_int.o)
 .debug_aranges
                0x00000208       0x20 C:/Program Files/Microchip/xc32/v5.10/bin/bin/../../lib/gcc/pic32m/13.2.1/../../../../pic32m/lib\libc-musl.a(__pop_ptr.o)
 .debug_aranges
                0x00000228       0x50 C:/Program Files/Microchip/xc32/v5.10/bin/bin/../../lib/gcc/pic32m/13.2.1/../../../../pic32m/lib\libc-musl.a(__printf_core.o)
 .debug_aranges
                0x00000278       0x30 C:/Program Files/Microchip/xc32/v5.10/bin/bin/../../lib/gcc/pic32m/13.2.1/../../../../pic32m/lib\libc-musl.a(stdout.o)
 .debug_aranges
                0x000002a8       0x20 C:/Program Files/Microchip/xc32/v5.10/bin/bin/../../lib/gcc/pic32m/13.2.1/../../../../pic32m/lib\libc-musl.a(atoi.o)
 .debug_aranges
                0x000002c8       0x28 C:/Program Files/Microchip/xc32/v5.10/bin/bin/../../lib/gcc/pic32m/13.2.1/../../../../pic32m/lib\libc-musl.a(tolower.o)
 .debug_aranges
                0x000002f0       0x20 C:/Program Files/Microchip/xc32/v5.10/bin/bin/../../lib/gcc/pic32m/13.2.1/../../../../pic32m/lib\libc-musl.a(__int_vfprintf.o)
 .debug_aranges
                0x00000310       0x20 C:/Program Files/Microchip/xc32/v5.10/bin/bin/../../lib/gcc/pic32m/13.2.1/../../../../pic32m/lib\libc-musl.a(__cvt_u.o)
 .debug_aranges
                0x00000330       0x28 C:/Program Files/Microchip/xc32/v5.10/bin/bin/../../lib/gcc/pic32m/13.2.1/../../../../pic32m/lib\libc-musl.a(__io_init_needed.o)
 .debug_aranges
                0x00000358       0x28 C:/Program Files/Microchip/xc32/v5.10/bin/bin/../../lib/gcc/pic32m/13.2.1/../../../../pic32m/lib\libc-musl.a(__out.o)
 .debug_aranges
                0x00000380       0x20 C:/Program Files/Microchip/xc32/v5.10/bin/bin/../../lib/gcc/pic32m/13.2.1/../../../../pic32m/lib\libc-musl.a(__pop_float.o)
 .debug_aranges
                0x000003a0       0x28 C:/Program Files/Microchip/xc32/v5.10/bin/bin/../../lib/gcc/pic32m/13.2.1/../../../../pic32m/lib\libc-musl.a(__stdio_close.o)
 .debug_aranges
                0x000003c8       0x28 C:/Program Files/Microchip/xc32/v5.10/bin/bin/../../lib/gcc/pic32m/13.2.1/../../../../pic32m/lib\libc-musl.a(__init_stdio.o)
 .debug_aranges
                0x000003f0       0x20 C:/Program Files/Microchip/xc32/v5.10/bin/bin/../../lib/gcc/pic32m/13.2.1/../../../../pic32m/lib\libc-musl.a(__io_file_needed.o)
 .debug_aranges
                0x00000410       0x20 C:/Program Files/Microchip/xc32/v5.10/bin/bin/../../lib/gcc/pic32m/13.2.1/../../../../pic32m/lib\libpic32.a(lseek.o)
 .debug_aranges
                0x00000430       0x20 C:/Program Files/Microchip/xc32/v5.10/bin/bin/../../lib/gcc/pic32m/13.2.1/../../../../pic32m/lib\libpic32.a(close.o)
 .debug_aranges
                0x00000450       0x18 C:/Program Files/Microchip/xc32/v5.10/bin/bin/../../lib/gcc/pic32m/13.2.1/../../../../pic32m/lib\libpic32.a(errno.o)
 .debug_aranges
                0x00000468       0x20 C:/Program Files/Microchip/xc32/v5.10/bin/bin/../../lib/gcc/pic32m/13.2.1/../../../../pic32m/lib\libc-size-musl.a(memcpy.o)
 .debug_aranges
                0x00000488       0x20 C:/Program Files/Microchip/xc32/v5.10/bin/bin/../../lib/gcc/pic32m/13.2.1/../../../../pic32m/lib\libc-size-musl.a(memset.o)
 .debug_aranges
                0x000004a8       0x20 C:/Program Files/Microchip/xc32/v5.10/bin/bin/../../lib/gcc/pic32m/13.2.1/../../../../pic32m/lib\libc-size-musl.a(strlen.o)
 .debug_aranges
                0x000004c8       0x20 C:/Program Files/Microchip/xc32/v5.10/bin/bin/../../lib/gcc/pic32m/13.2.1\libgcc.a(_udivdi3.o)
 .debug_aranges
                0x000004e8       0x20 C:/Program Files/Microchip/xc32/v5.10/bin/bin/../../lib/gcc/pic32m/13.2.1\libgcc.a(_umoddi3.o)

.debug_pubnames
 *(.debug_pubnames)

.debug_info     0x00000000     0x7c6a
 *(.debug_info .gnu.linkonce.wi.*)
 .debug_info    0x00000000      0xd0b build/default/production/_ext/1347132459/AD.o
 .debug_info    0x00000d0b      0x1bb build/default/production/_ext/1347132459/BOARD.o
 .debug_info    0x00000ec6      0xa66 build/default/production/_ext/1347132459/LED.o
 .debug_info    0x0000192c      0xdf8 build/default/production/_ext/1347132459/serial.o
 .debug_info    0x00002724      0x9ff build/default/production/_ext/1347132459/timers.o
 .debug_info    0x00003123      0xce0 build/default/production/_ext/1347132459/RC_Servo.o
 .debug_info    0x00003e03      0x1de build/default/production/newmain.o
 .debug_info    0x00003fe1       0xdb C:/Program Files/Microchip/xc32/v5.10/bin/bin/../../lib/gcc/pic32m/13.2.1\libgcc.a(floatunsisf.o)
 .debug_info    0x000040bc       0x72 C:/Program Files/Microchip/xc32/v5.10/bin/bin/../../lib/gcc/pic32m/13.2.1/../../../../pic32m/lib\libpic32.a(default-bootstrap-exception-handler.o)
 .debug_info    0x0000412e       0x40 C:/Program Files/Microchip/xc32/v5.10/bin/bin/../../lib/gcc/pic32m/13.2.1/../../../../pic32m/lib\libpic32.a(default-on-reset.o)
 .debug_info    0x0000416e       0x40 C:/Program Files/Microchip/xc32/v5.10/bin/bin/../../lib/gcc/pic32m/13.2.1/../../../../pic32m/lib\libpic32.a(default-on-bootstrap.o)
 .debug_info    0x000041ae       0x72 C:/Program Files/Microchip/xc32/v5.10/bin/bin/../../lib/gcc/pic32m/13.2.1/../../../../pic32m/lib\libpic32.a(default-general-exception-handler.o)
 .debug_info    0x00004220       0x9b C:/Program Files/Microchip/xc32/v5.10/bin/bin/../../lib/gcc/pic32m/13.2.1/../../../../pic32m/lib\libpic32.a(defaultinterrupt.o)
 .debug_info    0x000042bb      0x1bd C:/Program Files/Microchip/xc32/v5.10/bin/bin/../../lib/gcc/pic32m/13.2.1/../../../../pic32m/lib\libc-musl.a(__sio_printf_dn.o)
 .debug_info    0x00004478      0x36d C:/Program Files/Microchip/xc32/v5.10/bin/bin/../../lib/gcc/pic32m/13.2.1/../../../../pic32m/lib\libc-musl.a(__fmt_d.o)
 .debug_info    0x000047e5      0x155 C:/Program Files/Microchip/xc32/v5.10/bin/bin/../../lib/gcc/pic32m/13.2.1/../../../../pic32m/lib\libc-musl.a(__pop_int.o)
 .debug_info    0x0000493a      0x165 C:/Program Files/Microchip/xc32/v5.10/bin/bin/../../lib/gcc/pic32m/13.2.1/../../../../pic32m/lib\libc-musl.a(__pop_ptr.o)
 .debug_info    0x00004a9f      0xac9 C:/Program Files/Microchip/xc32/v5.10/bin/bin/../../lib/gcc/pic32m/13.2.1/../../../../pic32m/lib\libc-musl.a(__printf_core.o)
 .debug_info    0x00005568      0x44e C:/Program Files/Microchip/xc32/v5.10/bin/bin/../../lib/gcc/pic32m/13.2.1/../../../../pic32m/lib\libc-musl.a(stdout.o)
 .debug_info    0x000059b6       0xef C:/Program Files/Microchip/xc32/v5.10/bin/bin/../../lib/gcc/pic32m/13.2.1/../../../../pic32m/lib\libc-musl.a(atoi.o)
 .debug_info    0x00005aa5      0x11e C:/Program Files/Microchip/xc32/v5.10/bin/bin/../../lib/gcc/pic32m/13.2.1/../../../../pic32m/lib\libc-musl.a(tolower.o)
 .debug_info    0x00005bc3      0x1ff C:/Program Files/Microchip/xc32/v5.10/bin/bin/../../lib/gcc/pic32m/13.2.1/../../../../pic32m/lib\libc-musl.a(__int_vfprintf.o)
 .debug_info    0x00005dc2      0x1fa C:/Program Files/Microchip/xc32/v5.10/bin/bin/../../lib/gcc/pic32m/13.2.1/../../../../pic32m/lib\libc-musl.a(__cvt_u.o)
 .debug_info    0x00005fbc       0xe2 C:/Program Files/Microchip/xc32/v5.10/bin/bin/../../lib/gcc/pic32m/13.2.1/../../../../pic32m/lib\libc-musl.a(__io_init_needed.o)
 .debug_info    0x0000609e      0x2fd C:/Program Files/Microchip/xc32/v5.10/bin/bin/../../lib/gcc/pic32m/13.2.1/../../../../pic32m/lib\libc-musl.a(__out.o)
 .debug_info    0x0000639b      0x13b C:/Program Files/Microchip/xc32/v5.10/bin/bin/../../lib/gcc/pic32m/13.2.1/../../../../pic32m/lib\libc-musl.a(__pop_float.o)
 .debug_info    0x000064d6      0x418 C:/Program Files/Microchip/xc32/v5.10/bin/bin/../../lib/gcc/pic32m/13.2.1/../../../../pic32m/lib\libc-musl.a(__stdio_close.o)
 .debug_info    0x000068ee       0xbd C:/Program Files/Microchip/xc32/v5.10/bin/bin/../../lib/gcc/pic32m/13.2.1/../../../../pic32m/lib\libc-musl.a(__init_stdio.o)
 .debug_info    0x000069ab       0xaf C:/Program Files/Microchip/xc32/v5.10/bin/bin/../../lib/gcc/pic32m/13.2.1/../../../../pic32m/lib\libc-musl.a(__io_file_needed.o)
 .debug_info    0x00006a5a       0xc4 C:/Program Files/Microchip/xc32/v5.10/bin/bin/../../lib/gcc/pic32m/13.2.1/../../../../pic32m/lib\libpic32.a(lseek.o)
 .debug_info    0x00006b1e       0x9d C:/Program Files/Microchip/xc32/v5.10/bin/bin/../../lib/gcc/pic32m/13.2.1/../../../../pic32m/lib\libpic32.a(close.o)
 .debug_info    0x00006bbb       0x41 C:/Program Files/Microchip/xc32/v5.10/bin/bin/../../lib/gcc/pic32m/13.2.1/../../../../pic32m/lib\libpic32.a(errno.o)
 .debug_info    0x00006bfc       0xff C:/Program Files/Microchip/xc32/v5.10/bin/bin/../../lib/gcc/pic32m/13.2.1/../../../../pic32m/lib\libc-size-musl.a(memcpy.o)
 .debug_info    0x00006cfb       0xc8 C:/Program Files/Microchip/xc32/v5.10/bin/bin/../../lib/gcc/pic32m/13.2.1/../../../../pic32m/lib\libc-size-musl.a(memset.o)
 .debug_info    0x00006dc3       0xa4 C:/Program Files/Microchip/xc32/v5.10/bin/bin/../../lib/gcc/pic32m/13.2.1/../../../../pic32m/lib\libc-size-musl.a(strlen.o)
 .debug_info    0x00006e67      0x6c0 C:/Program Files/Microchip/xc32/v5.10/bin/bin/../../lib/gcc/pic32m/13.2.1\libgcc.a(_udivdi3.o)
 .debug_info    0x00007527      0x743 C:/Program Files/Microchip/xc32/v5.10/bin/bin/../../lib/gcc/pic32m/13.2.1\libgcc.a(_umoddi3.o)

.debug_abbrev   0x00000000     0x2803
 *(.debug_abbrev)
 .debug_abbrev  0x00000000      0x234 build/default/production/_ext/1347132459/AD.o
 .debug_abbrev  0x00000234       0xea build/default/production/_ext/1347132459/BOARD.o
 .debug_abbrev  0x0000031e      0x220 build/default/production/_ext/1347132459/LED.o
 .debug_abbrev  0x0000053e      0x236 build/default/production/_ext/1347132459/serial.o
 .debug_abbrev  0x00000774      0x1b6 build/default/production/_ext/1347132459/timers.o
 .debug_abbrev  0x0000092a      0x264 build/default/production/_ext/1347132459/RC_Servo.o
 .debug_abbrev  0x00000b8e      0x108 build/default/production/newmain.o
 .debug_abbrev  0x00000c96       0x98 C:/Program Files/Microchip/xc32/v5.10/bin/bin/../../lib/gcc/pic32m/13.2.1\libgcc.a(floatunsisf.o)
 .debug_abbrev  0x00000d2e       0x7d C:/Program Files/Microchip/xc32/v5.10/bin/bin/../../lib/gcc/pic32m/13.2.1/../../../../pic32m/lib\libpic32.a(default-bootstrap-exception-handler.o)
 .debug_abbrev  0x00000dab       0x30 C:/Program Files/Microchip/xc32/v5.10/bin/bin/../../lib/gcc/pic32m/13.2.1/../../../../pic32m/lib\libpic32.a(default-on-reset.o)
 .debug_abbrev  0x00000ddb       0x30 C:/Program Files/Microchip/xc32/v5.10/bin/bin/../../lib/gcc/pic32m/13.2.1/../../../../pic32m/lib\libpic32.a(default-on-bootstrap.o)
 .debug_abbrev  0x00000e0b       0x7d C:/Program Files/Microchip/xc32/v5.10/bin/bin/../../lib/gcc/pic32m/13.2.1/../../../../pic32m/lib\libpic32.a(default-general-exception-handler.o)
 .debug_abbrev  0x00000e88       0x93 C:/Program Files/Microchip/xc32/v5.10/bin/bin/../../lib/gcc/pic32m/13.2.1/../../../../pic32m/lib\libpic32.a(defaultinterrupt.o)
 .debug_abbrev  0x00000f1b      0x154 C:/Program Files/Microchip/xc32/v5.10/bin/bin/../../lib/gcc/pic32m/13.2.1/../../../../pic32m/lib\libc-musl.a(__sio_printf_dn.o)
 .debug_abbrev  0x0000106f      0x16b C:/Program Files/Microchip/xc32/v5.10/bin/bin/../../lib/gcc/pic32m/13.2.1/../../../../pic32m/lib\libc-musl.a(__fmt_d.o)
 .debug_abbrev  0x000011da       0xd7 C:/Program Files/Microchip/xc32/v5.10/bin/bin/../../lib/gcc/pic32m/13.2.1/../../../../pic32m/lib\libc-musl.a(__pop_int.o)
 .debug_abbrev  0x000012b1       0xda C:/Program Files/Microchip/xc32/v5.10/bin/bin/../../lib/gcc/pic32m/13.2.1/../../../../pic32m/lib\libc-musl.a(__pop_ptr.o)
 .debug_abbrev  0x0000138b      0x343 C:/Program Files/Microchip/xc32/v5.10/bin/bin/../../lib/gcc/pic32m/13.2.1/../../../../pic32m/lib\libc-musl.a(__printf_core.o)
 .debug_abbrev  0x000016ce      0x1d6 C:/Program Files/Microchip/xc32/v5.10/bin/bin/../../lib/gcc/pic32m/13.2.1/../../../../pic32m/lib\libc-musl.a(stdout.o)
 .debug_abbrev  0x000018a4       0xc4 C:/Program Files/Microchip/xc32/v5.10/bin/bin/../../lib/gcc/pic32m/13.2.1/../../../../pic32m/lib\libc-musl.a(atoi.o)
 .debug_abbrev  0x00001968       0xf4 C:/Program Files/Microchip/xc32/v5.10/bin/bin/../../lib/gcc/pic32m/13.2.1/../../../../pic32m/lib\libc-musl.a(tolower.o)
 .debug_abbrev  0x00001a5c      0x120 C:/Program Files/Microchip/xc32/v5.10/bin/bin/../../lib/gcc/pic32m/13.2.1/../../../../pic32m/lib\libc-musl.a(__int_vfprintf.o)
 .debug_abbrev  0x00001b7c       0xfe C:/Program Files/Microchip/xc32/v5.10/bin/bin/../../lib/gcc/pic32m/13.2.1/../../../../pic32m/lib\libc-musl.a(__cvt_u.o)
 .debug_abbrev  0x00001c7a       0x9b C:/Program Files/Microchip/xc32/v5.10/bin/bin/../../lib/gcc/pic32m/13.2.1/../../../../pic32m/lib\libc-musl.a(__io_init_needed.o)
 .debug_abbrev  0x00001d15      0x19a C:/Program Files/Microchip/xc32/v5.10/bin/bin/../../lib/gcc/pic32m/13.2.1/../../../../pic32m/lib\libc-musl.a(__out.o)
 .debug_abbrev  0x00001eaf       0xc6 C:/Program Files/Microchip/xc32/v5.10/bin/bin/../../lib/gcc/pic32m/13.2.1/../../../../pic32m/lib\libc-musl.a(__pop_float.o)
 .debug_abbrev  0x00001f75      0x17c C:/Program Files/Microchip/xc32/v5.10/bin/bin/../../lib/gcc/pic32m/13.2.1/../../../../pic32m/lib\libc-musl.a(__stdio_close.o)
 .debug_abbrev  0x000020f1       0x71 C:/Program Files/Microchip/xc32/v5.10/bin/bin/../../lib/gcc/pic32m/13.2.1/../../../../pic32m/lib\libc-musl.a(__init_stdio.o)
 .debug_abbrev  0x00002162       0x6c C:/Program Files/Microchip/xc32/v5.10/bin/bin/../../lib/gcc/pic32m/13.2.1/../../../../pic32m/lib\libc-musl.a(__io_file_needed.o)
 .debug_abbrev  0x000021ce       0x7e C:/Program Files/Microchip/xc32/v5.10/bin/bin/../../lib/gcc/pic32m/13.2.1/../../../../pic32m/lib\libpic32.a(lseek.o)
 .debug_abbrev  0x0000224c       0x7c C:/Program Files/Microchip/xc32/v5.10/bin/bin/../../lib/gcc/pic32m/13.2.1/../../../../pic32m/lib\libpic32.a(close.o)
 .debug_abbrev  0x000022c8       0x3d C:/Program Files/Microchip/xc32/v5.10/bin/bin/../../lib/gcc/pic32m/13.2.1/../../../../pic32m/lib\libpic32.a(errno.o)
 .debug_abbrev  0x00002305       0xaa C:/Program Files/Microchip/xc32/v5.10/bin/bin/../../lib/gcc/pic32m/13.2.1/../../../../pic32m/lib\libc-size-musl.a(memcpy.o)
 .debug_abbrev  0x000023af       0x91 C:/Program Files/Microchip/xc32/v5.10/bin/bin/../../lib/gcc/pic32m/13.2.1/../../../../pic32m/lib\libc-size-musl.a(memset.o)
 .debug_abbrev  0x00002440       0x91 C:/Program Files/Microchip/xc32/v5.10/bin/bin/../../lib/gcc/pic32m/13.2.1/../../../../pic32m/lib\libc-size-musl.a(strlen.o)
 .debug_abbrev  0x000024d1      0x198 C:/Program Files/Microchip/xc32/v5.10/bin/bin/../../lib/gcc/pic32m/13.2.1\libgcc.a(_udivdi3.o)
 .debug_abbrev  0x00002669      0x19a C:/Program Files/Microchip/xc32/v5.10/bin/bin/../../lib/gcc/pic32m/13.2.1\libgcc.a(_umoddi3.o)

.debug_line     0x00000000     0x44be
 *(.debug_line)
 .debug_line    0x00000000      0x415 build/default/production/_ext/1347132459/AD.o
 .debug_line    0x00000415      0x161 build/default/production/_ext/1347132459/BOARD.o
 .debug_line    0x00000576      0x536 build/default/production/_ext/1347132459/LED.o
 .debug_line    0x00000aac      0x304 build/default/production/_ext/1347132459/serial.o
 .debug_line    0x00000db0      0x269 build/default/production/_ext/1347132459/timers.o
 .debug_line    0x00001019      0x456 build/default/production/_ext/1347132459/RC_Servo.o
 .debug_line    0x0000146f      0x114 build/default/production/newmain.o
 .debug_line    0x00001583       0xa6 C:/Program Files/Microchip/xc32/v5.10/bin/bin/../../lib/gcc/pic32m/13.2.1\libgcc.a(floatunsisf.o)
 .debug_line    0x00001629       0xe2 C:/Program Files/Microchip/xc32/v5.10/bin/bin/../../lib/gcc/pic32m/13.2.1/../../../../pic32m/lib\libpic32.a(default-bootstrap-exception-handler.o)
 .debug_line    0x0000170b       0xa5 C:/Program Files/Microchip/xc32/v5.10/bin/bin/../../lib/gcc/pic32m/13.2.1/../../../../pic32m/lib\libpic32.a(default-on-reset.o)
 .debug_line    0x000017b0       0xa9 C:/Program Files/Microchip/xc32/v5.10/bin/bin/../../lib/gcc/pic32m/13.2.1/../../../../pic32m/lib\libpic32.a(default-on-bootstrap.o)
 .debug_line    0x00001859       0xe0 C:/Program Files/Microchip/xc32/v5.10/bin/bin/../../lib/gcc/pic32m/13.2.1/../../../../pic32m/lib\libpic32.a(default-general-exception-handler.o)
 .debug_line    0x00001939       0xd3 C:/Program Files/Microchip/xc32/v5.10/bin/bin/../../lib/gcc/pic32m/13.2.1/../../../../pic32m/lib\libpic32.a(defaultinterrupt.o)
 .debug_line    0x00001a0c      0x20a C:/Program Files/Microchip/xc32/v5.10/bin/bin/../../lib/gcc/pic32m/13.2.1/../../../../pic32m/lib\libc-musl.a(__sio_printf_dn.o)
 .debug_line    0x00001c16      0x20d C:/Program Files/Microchip/xc32/v5.10/bin/bin/../../lib/gcc/pic32m/13.2.1/../../../../pic32m/lib\libc-musl.a(__fmt_d.o)
 .debug_line    0x00001e23      0x1d3 C:/Program Files/Microchip/xc32/v5.10/bin/bin/../../lib/gcc/pic32m/13.2.1/../../../../pic32m/lib\libc-musl.a(__pop_int.o)
 .debug_line    0x00001ff6      0x1a0 C:/Program Files/Microchip/xc32/v5.10/bin/bin/../../lib/gcc/pic32m/13.2.1/../../../../pic32m/lib\libc-musl.a(__pop_ptr.o)
 .debug_line    0x00002196      0x6cd C:/Program Files/Microchip/xc32/v5.10/bin/bin/../../lib/gcc/pic32m/13.2.1/../../../../pic32m/lib\libc-musl.a(__printf_core.o)
 .debug_line    0x00002863      0x1e2 C:/Program Files/Microchip/xc32/v5.10/bin/bin/../../lib/gcc/pic32m/13.2.1/../../../../pic32m/lib\libc-musl.a(stdout.o)
 .debug_line    0x00002a45      0x164 C:/Program Files/Microchip/xc32/v5.10/bin/bin/../../lib/gcc/pic32m/13.2.1/../../../../pic32m/lib\libc-musl.a(atoi.o)
 .debug_line    0x00002ba9      0x156 C:/Program Files/Microchip/xc32/v5.10/bin/bin/../../lib/gcc/pic32m/13.2.1/../../../../pic32m/lib\libc-musl.a(tolower.o)
 .debug_line    0x00002cff      0x164 C:/Program Files/Microchip/xc32/v5.10/bin/bin/../../lib/gcc/pic32m/13.2.1/../../../../pic32m/lib\libc-musl.a(__int_vfprintf.o)
 .debug_line    0x00002e63      0x1e5 C:/Program Files/Microchip/xc32/v5.10/bin/bin/../../lib/gcc/pic32m/13.2.1/../../../../pic32m/lib\libc-musl.a(__cvt_u.o)
 .debug_line    0x00003048      0x10e C:/Program Files/Microchip/xc32/v5.10/bin/bin/../../lib/gcc/pic32m/13.2.1/../../../../pic32m/lib\libc-musl.a(__io_init_needed.o)
 .debug_line    0x00003156      0x1d2 C:/Program Files/Microchip/xc32/v5.10/bin/bin/../../lib/gcc/pic32m/13.2.1/../../../../pic32m/lib\libc-musl.a(__out.o)
 .debug_line    0x00003328      0x158 C:/Program Files/Microchip/xc32/v5.10/bin/bin/../../lib/gcc/pic32m/13.2.1/../../../../pic32m/lib\libc-musl.a(__pop_float.o)
 .debug_line    0x00003480      0x2a0 C:/Program Files/Microchip/xc32/v5.10/bin/bin/../../lib/gcc/pic32m/13.2.1/../../../../pic32m/lib\libc-musl.a(__stdio_close.o)
 .debug_line    0x00003720       0xcb C:/Program Files/Microchip/xc32/v5.10/bin/bin/../../lib/gcc/pic32m/13.2.1/../../../../pic32m/lib\libc-musl.a(__init_stdio.o)
 .debug_line    0x000037eb       0x9a C:/Program Files/Microchip/xc32/v5.10/bin/bin/../../lib/gcc/pic32m/13.2.1/../../../../pic32m/lib\libc-musl.a(__io_file_needed.o)
 .debug_line    0x00003885       0x9e C:/Program Files/Microchip/xc32/v5.10/bin/bin/../../lib/gcc/pic32m/13.2.1/../../../../pic32m/lib\libpic32.a(lseek.o)
 .debug_line    0x00003923       0x9e C:/Program Files/Microchip/xc32/v5.10/bin/bin/../../lib/gcc/pic32m/13.2.1/../../../../pic32m/lib\libpic32.a(close.o)
 .debug_line    0x000039c1       0xf8 C:/Program Files/Microchip/xc32/v5.10/bin/bin/../../lib/gcc/pic32m/13.2.1/../../../../pic32m/lib\libpic32.a(errno.o)
 .debug_line    0x00003ab9      0x16d C:/Program Files/Microchip/xc32/v5.10/bin/bin/../../lib/gcc/pic32m/13.2.1/../../../../pic32m/lib\libc-size-musl.a(memcpy.o)
 .debug_line    0x00003c26      0x164 C:/Program Files/Microchip/xc32/v5.10/bin/bin/../../lib/gcc/pic32m/13.2.1/../../../../pic32m/lib\libc-size-musl.a(memset.o)
 .debug_line    0x00003d8a      0x15f C:/Program Files/Microchip/xc32/v5.10/bin/bin/../../lib/gcc/pic32m/13.2.1/../../../../pic32m/lib\libc-size-musl.a(strlen.o)
 .debug_line    0x00003ee9      0x2c6 C:/Program Files/Microchip/xc32/v5.10/bin/bin/../../lib/gcc/pic32m/13.2.1\libgcc.a(_udivdi3.o)
 .debug_line    0x000041af      0x30f C:/Program Files/Microchip/xc32/v5.10/bin/bin/../../lib/gcc/pic32m/13.2.1\libgcc.a(_umoddi3.o)

.debug_frame    0x00000000      0xe6c
 *(.debug_frame)
 .debug_frame   0x00000000      0x180 build/default/production/_ext/1347132459/AD.o
 .debug_frame   0x00000180       0x74 build/default/production/_ext/1347132459/BOARD.o
 .debug_frame   0x000001f4      0x170 build/default/production/_ext/1347132459/LED.o
 .debug_frame   0x00000364      0x1c8 build/default/production/_ext/1347132459/serial.o
 .debug_frame   0x0000052c      0x170 build/default/production/_ext/1347132459/timers.o
 .debug_frame   0x0000069c      0x1e8 build/default/production/_ext/1347132459/RC_Servo.o
 .debug_frame   0x00000884       0x4c build/default/production/newmain.o
 .debug_frame   0x000008d0       0x2c C:/Program Files/Microchip/xc32/v5.10/bin/bin/../../lib/gcc/pic32m/13.2.1\libgcc.a(floatunsisf.o)
 .debug_frame   0x000008fc       0x2c C:/Program Files/Microchip/xc32/v5.10/bin/bin/../../lib/gcc/pic32m/13.2.1/../../../../pic32m/lib\libpic32.a(default-bootstrap-exception-handler.o)
 .debug_frame   0x00000928       0x20 C:/Program Files/Microchip/xc32/v5.10/bin/bin/../../lib/gcc/pic32m/13.2.1/../../../../pic32m/lib\libpic32.a(default-on-reset.o)
 .debug_frame   0x00000948       0x20 C:/Program Files/Microchip/xc32/v5.10/bin/bin/../../lib/gcc/pic32m/13.2.1/../../../../pic32m/lib\libpic32.a(default-on-bootstrap.o)
 .debug_frame   0x00000968       0x2c C:/Program Files/Microchip/xc32/v5.10/bin/bin/../../lib/gcc/pic32m/13.2.1/../../../../pic32m/lib\libpic32.a(default-general-exception-handler.o)
 .debug_frame   0x00000994       0x20 C:/Program Files/Microchip/xc32/v5.10/bin/bin/../../lib/gcc/pic32m/13.2.1/../../../../pic32m/lib\libpic32.a(defaultinterrupt.o)
 .debug_frame   0x000009b4       0x48 C:/Program Files/Microchip/xc32/v5.10/bin/bin/../../lib/gcc/pic32m/13.2.1/../../../../pic32m/lib\libc-musl.a(__sio_printf_dn.o)
 .debug_frame   0x000009fc       0x38 C:/Program Files/Microchip/xc32/v5.10/bin/bin/../../lib/gcc/pic32m/13.2.1/../../../../pic32m/lib\libc-musl.a(__fmt_d.o)
 .debug_frame   0x00000a34       0x20 C:/Program Files/Microchip/xc32/v5.10/bin/bin/../../lib/gcc/pic32m/13.2.1/../../../../pic32m/lib\libc-musl.a(__pop_int.o)
 .debug_frame   0x00000a54       0x20 C:/Program Files/Microchip/xc32/v5.10/bin/bin/../../lib/gcc/pic32m/13.2.1/../../../../pic32m/lib\libc-musl.a(__pop_ptr.o)
 .debug_frame   0x00000a74       0xc8 C:/Program Files/Microchip/xc32/v5.10/bin/bin/../../lib/gcc/pic32m/13.2.1/../../../../pic32m/lib\libc-musl.a(__printf_core.o)
 .debug_frame   0x00000b3c       0x40 C:/Program Files/Microchip/xc32/v5.10/bin/bin/../../lib/gcc/pic32m/13.2.1/../../../../pic32m/lib\libc-musl.a(stdout.o)
 .debug_frame   0x00000b7c       0x20 C:/Program Files/Microchip/xc32/v5.10/bin/bin/../../lib/gcc/pic32m/13.2.1/../../../../pic32m/lib\libc-musl.a(atoi.o)
 .debug_frame   0x00000b9c       0x30 C:/Program Files/Microchip/xc32/v5.10/bin/bin/../../lib/gcc/pic32m/13.2.1/../../../../pic32m/lib\libc-musl.a(tolower.o)
 .debug_frame   0x00000bcc       0x2c C:/Program Files/Microchip/xc32/v5.10/bin/bin/../../lib/gcc/pic32m/13.2.1/../../../../pic32m/lib\libc-musl.a(__int_vfprintf.o)
 .debug_frame   0x00000bf8       0x40 C:/Program Files/Microchip/xc32/v5.10/bin/bin/../../lib/gcc/pic32m/13.2.1/../../../../pic32m/lib\libc-musl.a(__cvt_u.o)
 .debug_frame   0x00000c38       0x30 C:/Program Files/Microchip/xc32/v5.10/bin/bin/../../lib/gcc/pic32m/13.2.1/../../../../pic32m/lib\libc-musl.a(__io_init_needed.o)
 .debug_frame   0x00000c68       0x44 C:/Program Files/Microchip/xc32/v5.10/bin/bin/../../lib/gcc/pic32m/13.2.1/../../../../pic32m/lib\libc-musl.a(__out.o)
 .debug_frame   0x00000cac       0x20 C:/Program Files/Microchip/xc32/v5.10/bin/bin/../../lib/gcc/pic32m/13.2.1/../../../../pic32m/lib\libc-musl.a(__pop_float.o)
 .debug_frame   0x00000ccc       0x64 C:/Program Files/Microchip/xc32/v5.10/bin/bin/../../lib/gcc/pic32m/13.2.1/../../../../pic32m/lib\libc-musl.a(__stdio_close.o)
 .debug_frame   0x00000d30       0x3c C:/Program Files/Microchip/xc32/v5.10/bin/bin/../../lib/gcc/pic32m/13.2.1/../../../../pic32m/lib\libc-musl.a(__init_stdio.o)
 .debug_frame   0x00000d6c       0x20 C:/Program Files/Microchip/xc32/v5.10/bin/bin/../../lib/gcc/pic32m/13.2.1/../../../../pic32m/lib\libc-musl.a(__io_file_needed.o)
 .debug_frame   0x00000d8c       0x20 C:/Program Files/Microchip/xc32/v5.10/bin/bin/../../lib/gcc/pic32m/13.2.1/../../../../pic32m/lib\libpic32.a(lseek.o)
 .debug_frame   0x00000dac       0x20 C:/Program Files/Microchip/xc32/v5.10/bin/bin/../../lib/gcc/pic32m/13.2.1/../../../../pic32m/lib\libpic32.a(close.o)
 .debug_frame   0x00000dcc       0x20 C:/Program Files/Microchip/xc32/v5.10/bin/bin/../../lib/gcc/pic32m/13.2.1/../../../../pic32m/lib\libc-size-musl.a(memcpy.o)
 .debug_frame   0x00000dec       0x20 C:/Program Files/Microchip/xc32/v5.10/bin/bin/../../lib/gcc/pic32m/13.2.1/../../../../pic32m/lib\libc-size-musl.a(memset.o)
 .debug_frame   0x00000e0c       0x20 C:/Program Files/Microchip/xc32/v5.10/bin/bin/../../lib/gcc/pic32m/13.2.1/../../../../pic32m/lib\libc-size-musl.a(strlen.o)
 .debug_frame   0x00000e2c       0x20 C:/Program Files/Microchip/xc32/v5.10/bin/bin/../../lib/gcc/pic32m/13.2.1\libgcc.a(_udivdi3.o)
 .debug_frame   0x00000e4c       0x20 C:/Program Files/Microchip/xc32/v5.10/bin/bin/../../lib/gcc/pic32m/13.2.1\libgcc.a(_umoddi3.o)

.debug_str      0x00000000     0x2dfd
 *(.debug_str)
 .debug_str     0x00000000     0x2dfd build/default/production/_ext/1347132459/AD.o
                                0x7be (size before relaxing)
 .debug_str     0x00002dfd      0x36a build/default/production/_ext/1347132459/BOARD.o
 .debug_str     0x00002dfd      0x627 build/default/production/_ext/1347132459/LED.o
 .debug_str     0x00002dfd      0x7b6 build/default/production/_ext/1347132459/serial.o
 .debug_str     0x00002dfd      0x660 build/default/production/_ext/1347132459/timers.o
 .debug_str     0x00002dfd      0x76f build/default/production/_ext/1347132459/RC_Servo.o
 .debug_str     0x00002dfd      0x368 build/default/production/newmain.o
 .debug_str     0x00002dfd      0x26b C:/Program Files/Microchip/xc32/v5.10/bin/bin/../../lib/gcc/pic32m/13.2.1\libgcc.a(floatunsisf.o)
 .debug_str     0x00002dfd      0x318 C:/Program Files/Microchip/xc32/v5.10/bin/bin/../../lib/gcc/pic32m/13.2.1/../../../../pic32m/lib\libpic32.a(default-bootstrap-exception-handler.o)
 .debug_str     0x00002dfd      0x2b7 C:/Program Files/Microchip/xc32/v5.10/bin/bin/../../lib/gcc/pic32m/13.2.1/../../../../pic32m/lib\libpic32.a(default-on-reset.o)
 .debug_str     0x00002dfd      0x2bf C:/Program Files/Microchip/xc32/v5.10/bin/bin/../../lib/gcc/pic32m/13.2.1/../../../../pic32m/lib\libpic32.a(default-on-bootstrap.o)
 .debug_str     0x00002dfd      0x314 C:/Program Files/Microchip/xc32/v5.10/bin/bin/../../lib/gcc/pic32m/13.2.1/../../../../pic32m/lib\libpic32.a(default-general-exception-handler.o)
 .debug_str     0x00002dfd      0x349 C:/Program Files/Microchip/xc32/v5.10/bin/bin/../../lib/gcc/pic32m/13.2.1/../../../../pic32m/lib\libpic32.a(defaultinterrupt.o)
 .debug_str     0x00002dfd      0x33a C:/Program Files/Microchip/xc32/v5.10/bin/bin/../../lib/gcc/pic32m/13.2.1/../../../../pic32m/lib\libc-musl.a(__sio_printf_dn.o)
 .debug_str     0x00002dfd      0x31d C:/Program Files/Microchip/xc32/v5.10/bin/bin/../../lib/gcc/pic32m/13.2.1/../../../../pic32m/lib\libc-musl.a(__fmt_d.o)
 .debug_str     0x00002dfd      0x2f6 C:/Program Files/Microchip/xc32/v5.10/bin/bin/../../lib/gcc/pic32m/13.2.1/../../../../pic32m/lib\libc-musl.a(__pop_int.o)
 .debug_str     0x00002dfd      0x2f8 C:/Program Files/Microchip/xc32/v5.10/bin/bin/../../lib/gcc/pic32m/13.2.1/../../../../pic32m/lib\libc-musl.a(__pop_ptr.o)
 .debug_str     0x00002dfd      0x40c C:/Program Files/Microchip/xc32/v5.10/bin/bin/../../lib/gcc/pic32m/13.2.1/../../../../pic32m/lib\libc-musl.a(__printf_core.o)
 .debug_str     0x00002dfd      0x3ec C:/Program Files/Microchip/xc32/v5.10/bin/bin/../../lib/gcc/pic32m/13.2.1/../../../../pic32m/lib\libc-musl.a(stdout.o)
 .debug_str     0x00002dfd      0x256 C:/Program Files/Microchip/xc32/v5.10/bin/bin/../../lib/gcc/pic32m/13.2.1/../../../../pic32m/lib\libc-musl.a(atoi.o)
 .debug_str     0x00002dfd      0x283 C:/Program Files/Microchip/xc32/v5.10/bin/bin/../../lib/gcc/pic32m/13.2.1/../../../../pic32m/lib\libc-musl.a(tolower.o)
 .debug_str     0x00002dfd      0x314 C:/Program Files/Microchip/xc32/v5.10/bin/bin/../../lib/gcc/pic32m/13.2.1/../../../../pic32m/lib\libc-musl.a(__int_vfprintf.o)
 .debug_str     0x00002dfd      0x2ed C:/Program Files/Microchip/xc32/v5.10/bin/bin/../../lib/gcc/pic32m/13.2.1/../../../../pic32m/lib\libc-musl.a(__cvt_u.o)
 .debug_str     0x00002dfd      0x2fc C:/Program Files/Microchip/xc32/v5.10/bin/bin/../../lib/gcc/pic32m/13.2.1/../../../../pic32m/lib\libc-musl.a(__io_init_needed.o)
 .debug_str     0x00002dfd      0x30a C:/Program Files/Microchip/xc32/v5.10/bin/bin/../../lib/gcc/pic32m/13.2.1/../../../../pic32m/lib\libc-musl.a(__out.o)
 .debug_str     0x00002dfd      0x2eb C:/Program Files/Microchip/xc32/v5.10/bin/bin/../../lib/gcc/pic32m/13.2.1/../../../../pic32m/lib\libc-musl.a(__pop_float.o)
 .debug_str     0x00002dfd      0x385 C:/Program Files/Microchip/xc32/v5.10/bin/bin/../../lib/gcc/pic32m/13.2.1/../../../../pic32m/lib\libc-musl.a(__stdio_close.o)
 .debug_str     0x00002dfd      0x2c2 C:/Program Files/Microchip/xc32/v5.10/bin/bin/../../lib/gcc/pic32m/13.2.1/../../../../pic32m/lib\libc-musl.a(__init_stdio.o)
 .debug_str     0x00002dfd      0x2cf C:/Program Files/Microchip/xc32/v5.10/bin/bin/../../lib/gcc/pic32m/13.2.1/../../../../pic32m/lib\libc-musl.a(__io_file_needed.o)
 .debug_str     0x00002dfd      0x357 C:/Program Files/Microchip/xc32/v5.10/bin/bin/../../lib/gcc/pic32m/13.2.1/../../../../pic32m/lib\libpic32.a(lseek.o)
 .debug_str     0x00002dfd      0x340 C:/Program Files/Microchip/xc32/v5.10/bin/bin/../../lib/gcc/pic32m/13.2.1/../../../../pic32m/lib\libpic32.a(close.o)
 .debug_str     0x00002dfd      0x2a8 C:/Program Files/Microchip/xc32/v5.10/bin/bin/../../lib/gcc/pic32m/13.2.1/../../../../pic32m/lib\libpic32.a(errno.o)
 .debug_str     0x00002dfd      0x276 C:/Program Files/Microchip/xc32/v5.10/bin/bin/../../lib/gcc/pic32m/13.2.1/../../../../pic32m/lib\libc-size-musl.a(memcpy.o)
 .debug_str     0x00002dfd      0x262 C:/Program Files/Microchip/xc32/v5.10/bin/bin/../../lib/gcc/pic32m/13.2.1/../../../../pic32m/lib\libc-size-musl.a(memset.o)
 .debug_str     0x00002dfd      0x251 C:/Program Files/Microchip/xc32/v5.10/bin/bin/../../lib/gcc/pic32m/13.2.1/../../../../pic32m/lib\libc-size-musl.a(strlen.o)
 .debug_str     0x00002dfd      0x334 C:/Program Files/Microchip/xc32/v5.10/bin/bin/../../lib/gcc/pic32m/13.2.1\libgcc.a(_udivdi3.o)
 .debug_str     0x00002dfd      0x334 C:/Program Files/Microchip/xc32/v5.10/bin/bin/../../lib/gcc/pic32m/13.2.1\libgcc.a(_umoddi3.o)

.debug_loc      0x00000000     0x3a53
 *(.debug_loc)
 .debug_loc     0x00000000      0x26a build/default/production/_ext/1347132459/AD.o
 .debug_loc     0x0000026a       0xcc build/default/production/_ext/1347132459/BOARD.o
 .debug_loc     0x00000336      0x2a8 build/default/production/_ext/1347132459/LED.o
 .debug_loc     0x000005de      0x330 build/default/production/_ext/1347132459/serial.o
 .debug_loc     0x0000090e      0x2a8 build/default/production/_ext/1347132459/timers.o
 .debug_loc     0x00000bb6      0x333 build/default/production/_ext/1347132459/RC_Servo.o
 .debug_loc     0x00000ee9       0x70 build/default/production/newmain.o
 .debug_loc     0x00000f59       0xbc C:/Program Files/Microchip/xc32/v5.10/bin/bin/../../lib/gcc/pic32m/13.2.1\libgcc.a(floatunsisf.o)
 .debug_loc     0x00001015       0x2c C:/Program Files/Microchip/xc32/v5.10/bin/bin/../../lib/gcc/pic32m/13.2.1/../../../../pic32m/lib\libpic32.a(default-bootstrap-exception-handler.o)
 .debug_loc     0x00001041       0x2c C:/Program Files/Microchip/xc32/v5.10/bin/bin/../../lib/gcc/pic32m/13.2.1/../../../../pic32m/lib\libpic32.a(default-general-exception-handler.o)
 .debug_loc     0x0000106d       0xa5 C:/Program Files/Microchip/xc32/v5.10/bin/bin/../../lib/gcc/pic32m/13.2.1/../../../../pic32m/lib\libc-musl.a(__sio_printf_dn.o)
 .debug_loc     0x00001112      0x224 C:/Program Files/Microchip/xc32/v5.10/bin/bin/../../lib/gcc/pic32m/13.2.1/../../../../pic32m/lib\libc-musl.a(__fmt_d.o)
 .debug_loc     0x00001336       0xa4 C:/Program Files/Microchip/xc32/v5.10/bin/bin/../../lib/gcc/pic32m/13.2.1/../../../../pic32m/lib\libc-musl.a(__pop_int.o)
 .debug_loc     0x000013da       0xb1 C:/Program Files/Microchip/xc32/v5.10/bin/bin/../../lib/gcc/pic32m/13.2.1/../../../../pic32m/lib\libc-musl.a(__pop_ptr.o)
 .debug_loc     0x0000148b      0x6b9 C:/Program Files/Microchip/xc32/v5.10/bin/bin/../../lib/gcc/pic32m/13.2.1/../../../../pic32m/lib\libc-musl.a(__printf_core.o)
 .debug_loc     0x00001b44       0x9d C:/Program Files/Microchip/xc32/v5.10/bin/bin/../../lib/gcc/pic32m/13.2.1/../../../../pic32m/lib\libc-musl.a(atoi.o)
 .debug_loc     0x00001be1       0xdd C:/Program Files/Microchip/xc32/v5.10/bin/bin/../../lib/gcc/pic32m/13.2.1/../../../../pic32m/lib\libc-musl.a(__int_vfprintf.o)
 .debug_loc     0x00001cbe      0x20c C:/Program Files/Microchip/xc32/v5.10/bin/bin/../../lib/gcc/pic32m/13.2.1/../../../../pic32m/lib\libc-musl.a(__cvt_u.o)
 .debug_loc     0x00001eca      0x26e C:/Program Files/Microchip/xc32/v5.10/bin/bin/../../lib/gcc/pic32m/13.2.1/../../../../pic32m/lib\libc-musl.a(__out.o)
 .debug_loc     0x00002138       0x5b C:/Program Files/Microchip/xc32/v5.10/bin/bin/../../lib/gcc/pic32m/13.2.1/../../../../pic32m/lib\libc-musl.a(__pop_float.o)
 .debug_loc     0x00002193      0x238 C:/Program Files/Microchip/xc32/v5.10/bin/bin/../../lib/gcc/pic32m/13.2.1/../../../../pic32m/lib\libc-musl.a(__stdio_close.o)
 .debug_loc     0x000023cb       0x2c C:/Program Files/Microchip/xc32/v5.10/bin/bin/../../lib/gcc/pic32m/13.2.1/../../../../pic32m/lib\libc-musl.a(__init_stdio.o)
 .debug_loc     0x000023f7       0xfe C:/Program Files/Microchip/xc32/v5.10/bin/bin/../../lib/gcc/pic32m/13.2.1/../../../../pic32m/lib\libc-size-musl.a(memcpy.o)
 .debug_loc     0x000024f5      0x101 C:/Program Files/Microchip/xc32/v5.10/bin/bin/../../lib/gcc/pic32m/13.2.1/../../../../pic32m/lib\libc-size-musl.a(memset.o)
 .debug_loc     0x000025f6       0x44 C:/Program Files/Microchip/xc32/v5.10/bin/bin/../../lib/gcc/pic32m/13.2.1/../../../../pic32m/lib\libc-size-musl.a(strlen.o)
 .debug_loc     0x0000263a      0xa0f C:/Program Files/Microchip/xc32/v5.10/bin/bin/../../lib/gcc/pic32m/13.2.1\libgcc.a(_udivdi3.o)
 .debug_loc     0x00003049      0xa0a C:/Program Files/Microchip/xc32/v5.10/bin/bin/../../lib/gcc/pic32m/13.2.1\libgcc.a(_umoddi3.o)

.debug_macinfo
 *(.debug_macinfo)

.debug_weaknames
 *(.debug_weaknames)

.debug_funcnames
 *(.debug_funcnames)

.debug_typenames
 *(.debug_typenames)

.debug_varnames
 *(.debug_varnames)

.debug_pubtypes
 *(.debug_pubtypes)

.debug_ranges   0x00000000      0x420
 *(.debug_ranges)
 .debug_ranges  0x00000000       0x10 C:/Program Files/Microchip/xc32/v5.10/bin/bin/../../lib/gcc/pic32m/13.2.1/../../../../pic32m/lib\libpic32.a(default-bootstrap-exception-handler.o)
 .debug_ranges  0x00000010       0x10 C:/Program Files/Microchip/xc32/v5.10/bin/bin/../../lib/gcc/pic32m/13.2.1/../../../../pic32m/lib\libpic32.a(default-on-reset.o)
 .debug_ranges  0x00000020       0x10 C:/Program Files/Microchip/xc32/v5.10/bin/bin/../../lib/gcc/pic32m/13.2.1/../../../../pic32m/lib\libpic32.a(default-on-bootstrap.o)
 .debug_ranges  0x00000030       0x10 C:/Program Files/Microchip/xc32/v5.10/bin/bin/../../lib/gcc/pic32m/13.2.1/../../../../pic32m/lib\libpic32.a(default-general-exception-handler.o)
 .debug_ranges  0x00000040       0x10 C:/Program Files/Microchip/xc32/v5.10/bin/bin/../../lib/gcc/pic32m/13.2.1/../../../../pic32m/lib\libpic32.a(defaultinterrupt.o)
 .debug_ranges  0x00000050       0x18 C:/Program Files/Microchip/xc32/v5.10/bin/bin/../../lib/gcc/pic32m/13.2.1/../../../../pic32m/lib\libc-musl.a(__sio_printf_dn.o)
 .debug_ranges  0x00000068       0x10 C:/Program Files/Microchip/xc32/v5.10/bin/bin/../../lib/gcc/pic32m/13.2.1/../../../../pic32m/lib\libc-musl.a(__fmt_d.o)
 .debug_ranges  0x00000078       0x10 C:/Program Files/Microchip/xc32/v5.10/bin/bin/../../lib/gcc/pic32m/13.2.1/../../../../pic32m/lib\libc-musl.a(__pop_int.o)
 .debug_ranges  0x00000088       0x10 C:/Program Files/Microchip/xc32/v5.10/bin/bin/../../lib/gcc/pic32m/13.2.1/../../../../pic32m/lib\libc-musl.a(__pop_ptr.o)
 .debug_ranges  0x00000098       0xe0 C:/Program Files/Microchip/xc32/v5.10/bin/bin/../../lib/gcc/pic32m/13.2.1/../../../../pic32m/lib\libc-musl.a(__printf_core.o)
 .debug_ranges  0x00000178       0x20 C:/Program Files/Microchip/xc32/v5.10/bin/bin/../../lib/gcc/pic32m/13.2.1/../../../../pic32m/lib\libc-musl.a(stdout.o)
 .debug_ranges  0x00000198       0x28 C:/Program Files/Microchip/xc32/v5.10/bin/bin/../../lib/gcc/pic32m/13.2.1/../../../../pic32m/lib\libc-musl.a(atoi.o)
 .debug_ranges  0x000001c0       0x18 C:/Program Files/Microchip/xc32/v5.10/bin/bin/../../lib/gcc/pic32m/13.2.1/../../../../pic32m/lib\libc-musl.a(tolower.o)
 .debug_ranges  0x000001d8       0x10 C:/Program Files/Microchip/xc32/v5.10/bin/bin/../../lib/gcc/pic32m/13.2.1/../../../../pic32m/lib\libc-musl.a(__int_vfprintf.o)
 .debug_ranges  0x000001e8       0x10 C:/Program Files/Microchip/xc32/v5.10/bin/bin/../../lib/gcc/pic32m/13.2.1/../../../../pic32m/lib\libc-musl.a(__cvt_u.o)
 .debug_ranges  0x000001f8       0x18 C:/Program Files/Microchip/xc32/v5.10/bin/bin/../../lib/gcc/pic32m/13.2.1/../../../../pic32m/lib\libc-musl.a(__io_init_needed.o)
 .debug_ranges  0x00000210       0x38 C:/Program Files/Microchip/xc32/v5.10/bin/bin/../../lib/gcc/pic32m/13.2.1/../../../../pic32m/lib\libc-musl.a(__out.o)
 .debug_ranges  0x00000248       0x10 C:/Program Files/Microchip/xc32/v5.10/bin/bin/../../lib/gcc/pic32m/13.2.1/../../../../pic32m/lib\libc-musl.a(__pop_float.o)
 .debug_ranges  0x00000258       0x18 C:/Program Files/Microchip/xc32/v5.10/bin/bin/../../lib/gcc/pic32m/13.2.1/../../../../pic32m/lib\libc-musl.a(__stdio_close.o)
 .debug_ranges  0x00000270       0x18 C:/Program Files/Microchip/xc32/v5.10/bin/bin/../../lib/gcc/pic32m/13.2.1/../../../../pic32m/lib\libc-musl.a(__init_stdio.o)
 .debug_ranges  0x00000288       0x10 C:/Program Files/Microchip/xc32/v5.10/bin/bin/../../lib/gcc/pic32m/13.2.1/../../../../pic32m/lib\libc-musl.a(__io_file_needed.o)
 .debug_ranges  0x00000298       0x10 C:/Program Files/Microchip/xc32/v5.10/bin/bin/../../lib/gcc/pic32m/13.2.1/../../../../pic32m/lib\libpic32.a(lseek.o)
 .debug_ranges  0x000002a8       0x10 C:/Program Files/Microchip/xc32/v5.10/bin/bin/../../lib/gcc/pic32m/13.2.1/../../../../pic32m/lib\libpic32.a(close.o)
 .debug_ranges  0x000002b8       0x10 C:/Program Files/Microchip/xc32/v5.10/bin/bin/../../lib/gcc/pic32m/13.2.1/../../../../pic32m/lib\libc-size-musl.a(memcpy.o)
 .debug_ranges  0x000002c8       0x10 C:/Program Files/Microchip/xc32/v5.10/bin/bin/../../lib/gcc/pic32m/13.2.1/../../../../pic32m/lib\libc-size-musl.a(memset.o)
 .debug_ranges  0x000002d8       0x10 C:/Program Files/Microchip/xc32/v5.10/bin/bin/../../lib/gcc/pic32m/13.2.1/../../../../pic32m/lib\libc-size-musl.a(strlen.o)
 .debug_ranges  0x000002e8       0xa0 C:/Program Files/Microchip/xc32/v5.10/bin/bin/../../lib/gcc/pic32m/13.2.1\libgcc.a(_udivdi3.o)
 .debug_ranges  0x00000388       0x98 C:/Program Files/Microchip/xc32/v5.10/bin/bin/../../lib/gcc/pic32m/13.2.1\libgcc.a(_umoddi3.o)

/DISCARD/
 *(.rel.dyn)

.gnu.attributes
                0x00000000       0x10
 *(.gnu.attributes)
 .gnu.attributes
                0x00000000       0x10 build/default/production/_ext/1347132459/AD.o
 .gnu.attributes
                0x00000010       0x10 build/default/production/_ext/1347132459/BOARD.o
 .gnu.attributes
                0x00000020       0x10 build/default/production/_ext/1347132459/LED.o
 .gnu.attributes
                0x00000030       0x10 build/default/production/_ext/1347132459/serial.o
 .gnu.attributes
                0x00000040       0x10 build/default/production/_ext/1347132459/timers.o
 .gnu.attributes
                0x00000050       0x10 build/default/production/_ext/1347132459/RC_Servo.o
 .gnu.attributes
                0x00000060       0x10 build/default/production/newmain.o
 .gnu.attributes
                0x00000070       0x10 C:\Users\joshu\AppData\Local\Temp\ccoASBMG.o
 .gnu.attributes
                0x00000080       0x10 C:\Users\joshu\AppData\Local\Temp\cchkoWJz.o
 .gnu.attributes
                0x00000090       0x10 C:\Users\joshu\AppData\Local\Temp\cckzBUHA.o
 .gnu.attributes
                0x000000a0       0x10 C:/Program Files/Microchip/xc32/v5.10/bin/bin/../../lib/gcc/pic32m/13.2.1/../../../../pic32m/lib\debug-exception-return.o
 .gnu.attributes
                0x000000b0       0x10 C:/Program Files/Microchip/xc32/v5.10/bin/bin/../../lib/gcc/pic32m/13.2.1/../../../../pic32m/lib\pic32_software_reset.o
 .gnu.attributes
                0x000000c0       0x10 C:/Program Files/Microchip/xc32/v5.10/bin/bin/../../lib/gcc/pic32m/13.2.1\libgcc.a(floatunsisf.o)
 .gnu.attributes
                0x000000d0       0x10 C:/Program Files/Microchip/xc32/v5.10/bin/bin/../../lib/gcc/pic32m/13.2.1/../../../../pic32m/lib\libpic32.a(default-bootstrap-exception-handler.o)
 .gnu.attributes
                0x000000e0       0x10 C:/Program Files/Microchip/xc32/v5.10/bin/bin/../../lib/gcc/pic32m/13.2.1/../../../../pic32m/lib\libpic32.a(default-on-reset.o)
 .gnu.attributes
                0x000000f0       0x10 C:/Program Files/Microchip/xc32/v5.10/bin/bin/../../lib/gcc/pic32m/13.2.1/../../../../pic32m/lib\libpic32.a(default-on-bootstrap.o)
 .gnu.attributes
                0x00000100       0x10 C:/Program Files/Microchip/xc32/v5.10/bin/bin/../../lib/gcc/pic32m/13.2.1/../../../../pic32m/lib\libpic32.a(default-nmi-handler.o)
 .gnu.attributes
                0x00000110       0x10 C:/Program Files/Microchip/xc32/v5.10/bin/bin/../../lib/gcc/pic32m/13.2.1/../../../../pic32m/lib\libpic32.a(pic32_data_init_core.o)
 .gnu.attributes
                0x00000120       0x10 C:/Program Files/Microchip/xc32/v5.10/bin/bin/../../lib/gcc/pic32m/13.2.1/../../../../pic32m/lib\libpic32.a(general-exception.o)
 .gnu.attributes
                0x00000130       0x10 C:/Program Files/Microchip/xc32/v5.10/bin/bin/../../lib/gcc/pic32m/13.2.1/../../../../pic32m/lib\libpic32.a(vector0.o)
 .gnu.attributes
                0x00000140       0x10 C:/Program Files/Microchip/xc32/v5.10/bin/bin/../../lib/gcc/pic32m/13.2.1/../../../../pic32m/lib\libpic32.a(vector1.o)
 .gnu.attributes
                0x00000150       0x10 C:/Program Files/Microchip/xc32/v5.10/bin/bin/../../lib/gcc/pic32m/13.2.1/../../../../pic32m/lib\libpic32.a(vector2.o)
 .gnu.attributes
                0x00000160       0x10 C:/Program Files/Microchip/xc32/v5.10/bin/bin/../../lib/gcc/pic32m/13.2.1/../../../../pic32m/lib\libpic32.a(vector3.o)
 .gnu.attributes
                0x00000170       0x10 C:/Program Files/Microchip/xc32/v5.10/bin/bin/../../lib/gcc/pic32m/13.2.1/../../../../pic32m/lib\libpic32.a(vector4.o)
 .gnu.attributes
                0x00000180       0x10 C:/Program Files/Microchip/xc32/v5.10/bin/bin/../../lib/gcc/pic32m/13.2.1/../../../../pic32m/lib\libpic32.a(vector5.o)
 .gnu.attributes
                0x00000190       0x10 C:/Program Files/Microchip/xc32/v5.10/bin/bin/../../lib/gcc/pic32m/13.2.1/../../../../pic32m/lib\libpic32.a(vector6.o)
 .gnu.attributes
                0x000001a0       0x10 C:/Program Files/Microchip/xc32/v5.10/bin/bin/../../lib/gcc/pic32m/13.2.1/../../../../pic32m/lib\libpic32.a(vector7.o)
 .gnu.attributes
                0x000001b0       0x10 C:/Program Files/Microchip/xc32/v5.10/bin/bin/../../lib/gcc/pic32m/13.2.1/../../../../pic32m/lib\libpic32.a(vector8.o)
 .gnu.attributes
                0x000001c0       0x10 C:/Program Files/Microchip/xc32/v5.10/bin/bin/../../lib/gcc/pic32m/13.2.1/../../../../pic32m/lib\libpic32.a(vector9.o)
 .gnu.attributes
                0x000001d0       0x10 C:/Program Files/Microchip/xc32/v5.10/bin/bin/../../lib/gcc/pic32m/13.2.1/../../../../pic32m/lib\libpic32.a(vector10.o)
 .gnu.attributes
                0x000001e0       0x10 C:/Program Files/Microchip/xc32/v5.10/bin/bin/../../lib/gcc/pic32m/13.2.1/../../../../pic32m/lib\libpic32.a(vector11.o)
 .gnu.attributes
                0x000001f0       0x10 C:/Program Files/Microchip/xc32/v5.10/bin/bin/../../lib/gcc/pic32m/13.2.1/../../../../pic32m/lib\libpic32.a(vector12.o)
 .gnu.attributes
                0x00000200       0x10 C:/Program Files/Microchip/xc32/v5.10/bin/bin/../../lib/gcc/pic32m/13.2.1/../../../../pic32m/lib\libpic32.a(vector13.o)
 .gnu.attributes
                0x00000210       0x10 C:/Program Files/Microchip/xc32/v5.10/bin/bin/../../lib/gcc/pic32m/13.2.1/../../../../pic32m/lib\libpic32.a(vector14.o)
 .gnu.attributes
                0x00000220       0x10 C:/Program Files/Microchip/xc32/v5.10/bin/bin/../../lib/gcc/pic32m/13.2.1/../../../../pic32m/lib\libpic32.a(vector15.o)
 .gnu.attributes
                0x00000230       0x10 C:/Program Files/Microchip/xc32/v5.10/bin/bin/../../lib/gcc/pic32m/13.2.1/../../../../pic32m/lib\libpic32.a(vector17.o)
 .gnu.attributes
                0x00000240       0x10 C:/Program Files/Microchip/xc32/v5.10/bin/bin/../../lib/gcc/pic32m/13.2.1/../../../../pic32m/lib\libpic32.a(vector18.o)
 .gnu.attributes
                0x00000250       0x10 C:/Program Files/Microchip/xc32/v5.10/bin/bin/../../lib/gcc/pic32m/13.2.1/../../../../pic32m/lib\libpic32.a(vector19.o)
 .gnu.attributes
                0x00000260       0x10 C:/Program Files/Microchip/xc32/v5.10/bin/bin/../../lib/gcc/pic32m/13.2.1/../../../../pic32m/lib\libpic32.a(vector21.o)
 .gnu.attributes
                0x00000270       0x10 C:/Program Files/Microchip/xc32/v5.10/bin/bin/../../lib/gcc/pic32m/13.2.1/../../../../pic32m/lib\libpic32.a(vector22.o)
 .gnu.attributes
                0x00000280       0x10 C:/Program Files/Microchip/xc32/v5.10/bin/bin/../../lib/gcc/pic32m/13.2.1/../../../../pic32m/lib\libpic32.a(vector23.o)
 .gnu.attributes
                0x00000290       0x10 C:/Program Files/Microchip/xc32/v5.10/bin/bin/../../lib/gcc/pic32m/13.2.1/../../../../pic32m/lib\libpic32.a(vector25.o)
 .gnu.attributes
                0x000002a0       0x10 C:/Program Files/Microchip/xc32/v5.10/bin/bin/../../lib/gcc/pic32m/13.2.1/../../../../pic32m/lib\libpic32.a(vector26.o)
 .gnu.attributes
                0x000002b0       0x10 C:/Program Files/Microchip/xc32/v5.10/bin/bin/../../lib/gcc/pic32m/13.2.1/../../../../pic32m/lib\libpic32.a(vector28.o)
 .gnu.attributes
                0x000002c0       0x10 C:/Program Files/Microchip/xc32/v5.10/bin/bin/../../lib/gcc/pic32m/13.2.1/../../../../pic32m/lib\libpic32.a(vector29.o)
 .gnu.attributes
                0x000002d0       0x10 C:/Program Files/Microchip/xc32/v5.10/bin/bin/../../lib/gcc/pic32m/13.2.1/../../../../pic32m/lib\libpic32.a(vector30.o)
 .gnu.attributes
                0x000002e0       0x10 C:/Program Files/Microchip/xc32/v5.10/bin/bin/../../lib/gcc/pic32m/13.2.1/../../../../pic32m/lib\libpic32.a(vector31.o)
 .gnu.attributes
                0x000002f0       0x10 C:/Program Files/Microchip/xc32/v5.10/bin/bin/../../lib/gcc/pic32m/13.2.1/../../../../pic32m/lib\libpic32.a(vector32.o)